Component: ARM Compiler 6.16 Tool: armlink [5dfeaa00]

==============================================================================

Section Cross References

    startup_stm32f103xe.o(RESET) refers to startup_stm32f103xe.o(STACK) for __initial_sp
    startup_stm32f103xe.o(RESET) refers to startup_stm32f103xe.o(.text) for Reset_Handler
    startup_stm32f103xe.o(RESET) refers to stm32f1xx_it.o(.text.NMI_Handler) for NMI_Handler
    startup_stm32f103xe.o(RESET) refers to stm32f1xx_it.o(.text.HardFault_Handler) for HardFault_Handler
    startup_stm32f103xe.o(RESET) refers to stm32f1xx_it.o(.text.MemManage_Handler) for MemManage_Handler
    startup_stm32f103xe.o(RESET) refers to stm32f1xx_it.o(.text.BusFault_Handler) for BusFault_Handler
    startup_stm32f103xe.o(RESET) refers to stm32f1xx_it.o(.text.UsageFault_Handler) for UsageFault_Handler
    startup_stm32f103xe.o(RESET) refers to stm32f1xx_it.o(.text.SVC_Handler) for SVC_Handler
    startup_stm32f103xe.o(RESET) refers to stm32f1xx_it.o(.text.DebugMon_Handler) for DebugMon_Handler
    startup_stm32f103xe.o(RESET) refers to stm32f1xx_it.o(.text.PendSV_Handler) for PendSV_Handler
    startup_stm32f103xe.o(RESET) refers to stm32f1xx_it.o(.text.SysTick_Handler) for SysTick_Handler
    startup_stm32f103xe.o(RESET) refers to mycandrive_reg.o(.text.USB_HP_CAN1_TX_IRQHandler) for USB_HP_CAN1_TX_IRQHandler
    startup_stm32f103xe.o(RESET) refers to mycandrive_reg.o(.text.CAN1_RX1_IRQHandler) for CAN1_RX1_IRQHandler
    startup_stm32f103xe.o(.text) refers to system_stm32f1xx.o(.text.SystemInit) for SystemInit
    startup_stm32f103xe.o(.text) refers to entry.o(.ARM.Collect$$$$00000000) for __main
    main.o(.text.main) refers to main.o(.text.SystemClock_Config) for SystemClock_Config
    main.o(.text.main) refers to gpio.o(.text.MX_GPIO_Init) for MX_GPIO_Init
    main.o(.text.main) refers to mycandrive_reg.o(.text.CAN_Config) for CAN_Config
    main.o(.text.main) refers to main.o(.bss.g_BusOffCount) for g_BusOffCount
    main.o(.text.main) refers to mycandrive_reg.o(.text.CAN_Send_CANMsg_FromRingBuffer) for CAN_Send_CANMsg_FromRingBuffer
    main.o(.text.main) refers to stm32f1xx_ll_utils.o(.text.LL_mDelay) for LL_mDelay
    main.o(.text.main) refers to mycandrive_reg.o(.text.CAN_Check_Error) for CAN_Check_Error
    main.o(.text.main) refers to mycandrive_reg.o(.text.CAN_BusOff_Recover) for CAN_BusOff_Recover
    main.o(.ARM.exidx.text.main) refers to main.o(.text.main) for [Anonymous Symbol]
    main.o(.text.SystemClock_Config) refers to stm32f1xx_ll_utils.o(.text.LL_Init1msTick) for LL_Init1msTick
    main.o(.text.SystemClock_Config) refers to stm32f1xx_ll_utils.o(.text.LL_SetSystemCoreClock) for LL_SetSystemCoreClock
    main.o(.ARM.exidx.text.SystemClock_Config) refers to main.o(.text.SystemClock_Config) for [Anonymous Symbol]
    main.o(.ARM.exidx.text.Error_Handler) refers to main.o(.text.Error_Handler) for [Anonymous Symbol]
    gpio.o(.text.MX_GPIO_Init) refers to stm32f1xx_ll_gpio.o(.text.LL_GPIO_Init) for LL_GPIO_Init
    gpio.o(.ARM.exidx.text.MX_GPIO_Init) refers to gpio.o(.text.MX_GPIO_Init) for [Anonymous Symbol]
    stm32f1xx_it.o(.ARM.exidx.text.NMI_Handler) refers to stm32f1xx_it.o(.text.NMI_Handler) for [Anonymous Symbol]
    stm32f1xx_it.o(.ARM.exidx.text.HardFault_Handler) refers to stm32f1xx_it.o(.text.HardFault_Handler) for [Anonymous Symbol]
    stm32f1xx_it.o(.ARM.exidx.text.MemManage_Handler) refers to stm32f1xx_it.o(.text.MemManage_Handler) for [Anonymous Symbol]
    stm32f1xx_it.o(.ARM.exidx.text.BusFault_Handler) refers to stm32f1xx_it.o(.text.BusFault_Handler) for [Anonymous Symbol]
    stm32f1xx_it.o(.ARM.exidx.text.UsageFault_Handler) refers to stm32f1xx_it.o(.text.UsageFault_Handler) for [Anonymous Symbol]
    stm32f1xx_it.o(.ARM.exidx.text.SVC_Handler) refers to stm32f1xx_it.o(.text.SVC_Handler) for [Anonymous Symbol]
    stm32f1xx_it.o(.ARM.exidx.text.DebugMon_Handler) refers to stm32f1xx_it.o(.text.DebugMon_Handler) for [Anonymous Symbol]
    stm32f1xx_it.o(.ARM.exidx.text.PendSV_Handler) refers to stm32f1xx_it.o(.text.PendSV_Handler) for [Anonymous Symbol]
    stm32f1xx_it.o(.ARM.exidx.text.SysTick_Handler) refers to stm32f1xx_it.o(.text.SysTick_Handler) for [Anonymous Symbol]
    stm32f1xx_ll_gpio.o(.ARM.exidx.text.LL_GPIO_DeInit) refers to stm32f1xx_ll_gpio.o(.text.LL_GPIO_DeInit) for [Anonymous Symbol]
    stm32f1xx_ll_gpio.o(.ARM.exidx.text.LL_GPIO_Init) refers to stm32f1xx_ll_gpio.o(.text.LL_GPIO_Init) for [Anonymous Symbol]
    stm32f1xx_ll_gpio.o(.ARM.exidx.text.LL_GPIO_StructInit) refers to stm32f1xx_ll_gpio.o(.text.LL_GPIO_StructInit) for [Anonymous Symbol]
    stm32f1xx_ll_pwr.o(.ARM.exidx.text.LL_PWR_DeInit) refers to stm32f1xx_ll_pwr.o(.text.LL_PWR_DeInit) for [Anonymous Symbol]
    stm32f1xx_ll_exti.o(.ARM.exidx.text.LL_EXTI_DeInit) refers to stm32f1xx_ll_exti.o(.text.LL_EXTI_DeInit) for [Anonymous Symbol]
    stm32f1xx_ll_exti.o(.ARM.exidx.text.LL_EXTI_Init) refers to stm32f1xx_ll_exti.o(.text.LL_EXTI_Init) for [Anonymous Symbol]
    stm32f1xx_ll_exti.o(.ARM.exidx.text.LL_EXTI_StructInit) refers to stm32f1xx_ll_exti.o(.text.LL_EXTI_StructInit) for [Anonymous Symbol]
    stm32f1xx_ll_rcc.o(.ARM.exidx.text.LL_RCC_DeInit) refers to stm32f1xx_ll_rcc.o(.text.LL_RCC_DeInit) for [Anonymous Symbol]
    stm32f1xx_ll_rcc.o(.text.LL_RCC_GetSystemClocksFreq) refers to system_stm32f1xx.o(.rodata.AHBPrescTable) for AHBPrescTable
    stm32f1xx_ll_rcc.o(.text.LL_RCC_GetSystemClocksFreq) refers to system_stm32f1xx.o(.rodata.APBPrescTable) for APBPrescTable
    stm32f1xx_ll_rcc.o(.ARM.exidx.text.LL_RCC_GetSystemClocksFreq) refers to stm32f1xx_ll_rcc.o(.text.LL_RCC_GetSystemClocksFreq) for [Anonymous Symbol]
    stm32f1xx_ll_rcc.o(.ARM.exidx.text.RCC_GetSystemClockFreq) refers to stm32f1xx_ll_rcc.o(.text.RCC_GetSystemClockFreq) for [Anonymous Symbol]
    stm32f1xx_ll_rcc.o(.text.RCC_GetHCLKClockFreq) refers to system_stm32f1xx.o(.rodata.AHBPrescTable) for AHBPrescTable
    stm32f1xx_ll_rcc.o(.ARM.exidx.text.RCC_GetHCLKClockFreq) refers to stm32f1xx_ll_rcc.o(.text.RCC_GetHCLKClockFreq) for [Anonymous Symbol]
    stm32f1xx_ll_rcc.o(.text.RCC_GetPCLK1ClockFreq) refers to system_stm32f1xx.o(.rodata.APBPrescTable) for APBPrescTable
    stm32f1xx_ll_rcc.o(.ARM.exidx.text.RCC_GetPCLK1ClockFreq) refers to stm32f1xx_ll_rcc.o(.text.RCC_GetPCLK1ClockFreq) for [Anonymous Symbol]
    stm32f1xx_ll_rcc.o(.text.RCC_GetPCLK2ClockFreq) refers to system_stm32f1xx.o(.rodata.APBPrescTable) for APBPrescTable
    stm32f1xx_ll_rcc.o(.ARM.exidx.text.RCC_GetPCLK2ClockFreq) refers to stm32f1xx_ll_rcc.o(.text.RCC_GetPCLK2ClockFreq) for [Anonymous Symbol]
    stm32f1xx_ll_rcc.o(.ARM.exidx.text.LL_RCC_GetUSBClockFreq) refers to stm32f1xx_ll_rcc.o(.text.LL_RCC_GetUSBClockFreq) for [Anonymous Symbol]
    stm32f1xx_ll_rcc.o(.ARM.exidx.text.RCC_PLL_GetFreqDomain_SYS) refers to stm32f1xx_ll_rcc.o(.text.RCC_PLL_GetFreqDomain_SYS) for [Anonymous Symbol]
    stm32f1xx_ll_rcc.o(.text.LL_RCC_GetADCClockFreq) refers to system_stm32f1xx.o(.rodata.AHBPrescTable) for AHBPrescTable
    stm32f1xx_ll_rcc.o(.text.LL_RCC_GetADCClockFreq) refers to system_stm32f1xx.o(.rodata.APBPrescTable) for APBPrescTable
    stm32f1xx_ll_rcc.o(.ARM.exidx.text.LL_RCC_GetADCClockFreq) refers to stm32f1xx_ll_rcc.o(.text.LL_RCC_GetADCClockFreq) for [Anonymous Symbol]
    stm32f1xx_ll_utils.o(.ARM.exidx.text.LL_Init1msTick) refers to stm32f1xx_ll_utils.o(.text.LL_Init1msTick) for [Anonymous Symbol]
    stm32f1xx_ll_utils.o(.ARM.exidx.text.LL_mDelay) refers to stm32f1xx_ll_utils.o(.text.LL_mDelay) for [Anonymous Symbol]
    stm32f1xx_ll_utils.o(.text.LL_SetSystemCoreClock) refers to system_stm32f1xx.o(.data.SystemCoreClock) for SystemCoreClock
    stm32f1xx_ll_utils.o(.ARM.exidx.text.LL_SetSystemCoreClock) refers to stm32f1xx_ll_utils.o(.text.LL_SetSystemCoreClock) for [Anonymous Symbol]
    stm32f1xx_ll_utils.o(.ARM.exidx.text.LL_SetFlashLatency) refers to stm32f1xx_ll_utils.o(.text.LL_SetFlashLatency) for [Anonymous Symbol]
    stm32f1xx_ll_utils.o(.text.LL_PLL_ConfigSystemClock_HSI) refers to stm32f1xx_ll_utils.o(.text.UTILS_EnablePLLAndSwitchSystem) for UTILS_EnablePLLAndSwitchSystem
    stm32f1xx_ll_utils.o(.ARM.exidx.text.LL_PLL_ConfigSystemClock_HSI) refers to stm32f1xx_ll_utils.o(.text.LL_PLL_ConfigSystemClock_HSI) for [Anonymous Symbol]
    stm32f1xx_ll_utils.o(.text.UTILS_EnablePLLAndSwitchSystem) refers to system_stm32f1xx.o(.data.SystemCoreClock) for SystemCoreClock
    stm32f1xx_ll_utils.o(.text.UTILS_EnablePLLAndSwitchSystem) refers to system_stm32f1xx.o(.rodata.AHBPrescTable) for AHBPrescTable
    stm32f1xx_ll_utils.o(.ARM.exidx.text.UTILS_EnablePLLAndSwitchSystem) refers to stm32f1xx_ll_utils.o(.text.UTILS_EnablePLLAndSwitchSystem) for [Anonymous Symbol]
    stm32f1xx_ll_utils.o(.text.LL_PLL_ConfigSystemClock_HSE) refers to stm32f1xx_ll_utils.o(.text.UTILS_EnablePLLAndSwitchSystem) for UTILS_EnablePLLAndSwitchSystem
    stm32f1xx_ll_utils.o(.ARM.exidx.text.LL_PLL_ConfigSystemClock_HSE) refers to stm32f1xx_ll_utils.o(.text.LL_PLL_ConfigSystemClock_HSE) for [Anonymous Symbol]
    system_stm32f1xx.o(.ARM.exidx.text.SystemInit) refers to system_stm32f1xx.o(.text.SystemInit) for [Anonymous Symbol]
    system_stm32f1xx.o(.text.SystemCoreClockUpdate) refers to system_stm32f1xx.o(.data.SystemCoreClock) for SystemCoreClock
    system_stm32f1xx.o(.text.SystemCoreClockUpdate) refers to system_stm32f1xx.o(.rodata.AHBPrescTable) for AHBPrescTable
    system_stm32f1xx.o(.ARM.exidx.text.SystemCoreClockUpdate) refers to system_stm32f1xx.o(.text.SystemCoreClockUpdate) for [Anonymous Symbol]
    mycandrive_reg.o(.text.CAN_Config) refers to mycandrive_reg.o(.bss..L_MergedGlobals) for .L_MergedGlobals
    mycandrive_reg.o(.text.CAN_Config) refers to mycandrive_reg.o(.bss.g_CanRxRBDataBuffer) for g_CanRxRBDataBuffer
    mycandrive_reg.o(.text.CAN_Config) refers to lwrb.o(.text.lwrb_init) for lwrb_init
    mycandrive_reg.o(.ARM.exidx.text.CAN_Config) refers to mycandrive_reg.o(.text.CAN_Config) for [Anonymous Symbol]
    mycandrive_reg.o(.text.CAN_SendMessage_Blocking) refers to main.o(.text.Error_Handler) for Error_Handler
    mycandrive_reg.o(.text.CAN_SendMessage_Blocking) refers to stm32f1xx_ll_utils.o(.text.LL_mDelay) for LL_mDelay
    mycandrive_reg.o(.text.CAN_SendMessage_Blocking) refers to mycandrive_reg.o(.bss.canSendError) for canSendError
    mycandrive_reg.o(.ARM.exidx.text.CAN_SendMessage_Blocking) refers to mycandrive_reg.o(.text.CAN_SendMessage_Blocking) for [Anonymous Symbol]
    mycandrive_reg.o(.text.CAN_SendMessage_NonBlocking) refers to main.o(.text.Error_Handler) for Error_Handler
    mycandrive_reg.o(.text.CAN_SendMessage_NonBlocking) refers to mycandrive_reg.o(.bss..L_MergedGlobals) for .L_MergedGlobals
    mycandrive_reg.o(.ARM.exidx.text.CAN_SendMessage_NonBlocking) refers to mycandrive_reg.o(.text.CAN_SendMessage_NonBlocking) for [Anonymous Symbol]
    mycandrive_reg.o(.text.CAN_Check_Error) refers to mycandrive_reg.o(.bss.gCanESR) for gCanESR
    mycandrive_reg.o(.ARM.exidx.text.CAN_Check_Error) refers to mycandrive_reg.o(.text.CAN_Check_Error) for [Anonymous Symbol]
    mycandrive_reg.o(.text.CAN_BusOff_Recover) refers to mycandrive_reg.o(.text.CAN_Config) for CAN_Config
    mycandrive_reg.o(.ARM.exidx.text.CAN_BusOff_Recover) refers to mycandrive_reg.o(.text.CAN_BusOff_Recover) for [Anonymous Symbol]
    mycandrive_reg.o(.text.CAN_Send_CANMsg_FromRingBuffer) refers to mycandrive_reg.o(.bss..L_MergedGlobals) for .L_MergedGlobals
    mycandrive_reg.o(.text.CAN_Send_CANMsg_FromRingBuffer) refers to lwrb.o(.text.lwrb_get_full) for lwrb_get_full
    mycandrive_reg.o(.text.CAN_Send_CANMsg_FromRingBuffer) refers to lwrb.o(.text.lwrb_read) for lwrb_read
    mycandrive_reg.o(.text.CAN_Send_CANMsg_FromRingBuffer) refers to mycandrive_reg.o(.text.CAN_SendMessage_NonBlocking) for CAN_SendMessage_NonBlocking
    mycandrive_reg.o(.ARM.exidx.text.CAN_Send_CANMsg_FromRingBuffer) refers to mycandrive_reg.o(.text.CAN_Send_CANMsg_FromRingBuffer) for [Anonymous Symbol]
    mycandrive_reg.o(.text.USB_HP_CAN1_TX_IRQHandler) refers to mycandrive_reg.o(.bss..L_MergedGlobals) for .L_MergedGlobals
    mycandrive_reg.o(.ARM.exidx.text.USB_HP_CAN1_TX_IRQHandler) refers to mycandrive_reg.o(.text.USB_HP_CAN1_TX_IRQHandler) for [Anonymous Symbol]
    mycandrive_reg.o(.text.CAN1_RX1_IRQHandler) refers to mycandrive_reg.o(.bss..L_MergedGlobals) for .L_MergedGlobals
    mycandrive_reg.o(.text.CAN1_RX1_IRQHandler) refers to lwrb.o(.text.lwrb_write) for lwrb_write
    mycandrive_reg.o(.text.CAN1_RX1_IRQHandler) refers to lwrb.o(.text.lwrb_get_free) for lwrb_get_free
    mycandrive_reg.o(.text.CAN1_RX1_IRQHandler) refers to lwrb.o(.text.lwrb_reset) for lwrb_reset
    mycandrive_reg.o(.ARM.exidx.text.CAN1_RX1_IRQHandler) refers to mycandrive_reg.o(.text.CAN1_RX1_IRQHandler) for [Anonymous Symbol]
    lwrb.o(.ARM.exidx.text.lwrb_init) refers to lwrb.o(.text.lwrb_init) for [Anonymous Symbol]
    lwrb.o(.ARM.exidx.text.lwrb_is_ready) refers to lwrb.o(.text.lwrb_is_ready) for [Anonymous Symbol]
    lwrb.o(.ARM.exidx.text.lwrb_free) refers to lwrb.o(.text.lwrb_free) for [Anonymous Symbol]
    lwrb.o(.ARM.exidx.text.lwrb_set_evt_fn) refers to lwrb.o(.text.lwrb_set_evt_fn) for [Anonymous Symbol]
    lwrb.o(.ARM.exidx.text.lwrb_set_arg) refers to lwrb.o(.text.lwrb_set_arg) for [Anonymous Symbol]
    lwrb.o(.ARM.exidx.text.lwrb_get_arg) refers to lwrb.o(.text.lwrb_get_arg) for [Anonymous Symbol]
    lwrb.o(.text.lwrb_write) refers to memcpya.o(.text) for __aeabi_memcpy
    lwrb.o(.ARM.exidx.text.lwrb_write) refers to lwrb.o(.text.lwrb_write) for [Anonymous Symbol]
    lwrb.o(.text.lwrb_write_ex) refers to memcpya.o(.text) for __aeabi_memcpy
    lwrb.o(.ARM.exidx.text.lwrb_write_ex) refers to lwrb.o(.text.lwrb_write_ex) for [Anonymous Symbol]
    lwrb.o(.ARM.exidx.text.lwrb_get_free) refers to lwrb.o(.text.lwrb_get_free) for [Anonymous Symbol]
    lwrb.o(.text.lwrb_read) refers to memcpya.o(.text) for __aeabi_memcpy
    lwrb.o(.ARM.exidx.text.lwrb_read) refers to lwrb.o(.text.lwrb_read) for [Anonymous Symbol]
    lwrb.o(.text.lwrb_read_ex) refers to memcpya.o(.text) for __aeabi_memcpy
    lwrb.o(.ARM.exidx.text.lwrb_read_ex) refers to lwrb.o(.text.lwrb_read_ex) for [Anonymous Symbol]
    lwrb.o(.ARM.exidx.text.lwrb_get_full) refers to lwrb.o(.text.lwrb_get_full) for [Anonymous Symbol]
    lwrb.o(.text.lwrb_peek) refers to memcpya.o(.text) for __aeabi_memcpy
    lwrb.o(.ARM.exidx.text.lwrb_peek) refers to lwrb.o(.text.lwrb_peek) for [Anonymous Symbol]
    lwrb.o(.ARM.exidx.text.lwrb_reset) refers to lwrb.o(.text.lwrb_reset) for [Anonymous Symbol]
    lwrb.o(.ARM.exidx.text.lwrb_get_linear_block_read_address) refers to lwrb.o(.text.lwrb_get_linear_block_read_address) for [Anonymous Symbol]
    lwrb.o(.ARM.exidx.text.lwrb_get_linear_block_read_length) refers to lwrb.o(.text.lwrb_get_linear_block_read_length) for [Anonymous Symbol]
    lwrb.o(.ARM.exidx.text.lwrb_skip) refers to lwrb.o(.text.lwrb_skip) for [Anonymous Symbol]
    lwrb.o(.ARM.exidx.text.lwrb_get_linear_block_write_address) refers to lwrb.o(.text.lwrb_get_linear_block_write_address) for [Anonymous Symbol]
    lwrb.o(.ARM.exidx.text.lwrb_get_linear_block_write_length) refers to lwrb.o(.text.lwrb_get_linear_block_write_length) for [Anonymous Symbol]
    lwrb.o(.ARM.exidx.text.lwrb_advance) refers to lwrb.o(.text.lwrb_advance) for [Anonymous Symbol]
    lwrb.o(.ARM.exidx.text.lwrb_find) refers to lwrb.o(.text.lwrb_find) for [Anonymous Symbol]
    entry.o(.ARM.Collect$$$$00000000) refers (Special) to entry10a.o(.ARM.Collect$$$$0000000D) for __rt_final_cpp
    entry.o(.ARM.Collect$$$$00000000) refers (Special) to entry11a.o(.ARM.Collect$$$$0000000F) for __rt_final_exit
    entry.o(.ARM.Collect$$$$00000000) refers (Special) to entry7b.o(.ARM.Collect$$$$00000008) for _main_clock
    entry.o(.ARM.Collect$$$$00000000) refers (Special) to entry8b.o(.ARM.Collect$$$$0000000A) for _main_cpp_init
    entry.o(.ARM.Collect$$$$00000000) refers (Special) to entry9a.o(.ARM.Collect$$$$0000000B) for _main_init
    entry.o(.ARM.Collect$$$$00000000) refers (Special) to entry5.o(.ARM.Collect$$$$00000004) for _main_scatterload
    entry.o(.ARM.Collect$$$$00000000) refers (Special) to entry2.o(.ARM.Collect$$$$00000001) for _main_stk
    entry2.o(.ARM.Collect$$$$00000001) refers to entry2.o(.ARM.Collect$$$$00002712) for __lit__00000000
    entry2.o(.ARM.Collect$$$$00002712) refers to startup_stm32f103xe.o(STACK) for __initial_sp
    entry2.o(__vectab_stack_and_reset_area) refers to startup_stm32f103xe.o(STACK) for __initial_sp
    entry2.o(__vectab_stack_and_reset_area) refers to entry.o(.ARM.Collect$$$$00000000) for __main
    entry5.o(.ARM.Collect$$$$00000004) refers to init.o(.text) for __scatterload
    entry9a.o(.ARM.Collect$$$$0000000B) refers to main.o(.text.main) for main
    entry9b.o(.ARM.Collect$$$$0000000C) refers to main.o(.text.main) for main
    init.o(.text) refers to entry5.o(.ARM.Collect$$$$00000004) for __main_after_scatterload


==============================================================================

Removing Unused input sections from the image.

    Removing startup_stm32f103xe.o(HEAP), (512 bytes).
    Removing main.o(.text), (0 bytes).
    Removing main.o(.ARM.exidx.text.main), (8 bytes).
    Removing main.o(.ARM.exidx.text.SystemClock_Config), (8 bytes).
    Removing main.o(.ARM.exidx.text.Error_Handler), (8 bytes).
    Removing main.o(.ARM.use_no_argv), (4 bytes).
    Removing gpio.o(.text), (0 bytes).
    Removing gpio.o(.ARM.exidx.text.MX_GPIO_Init), (8 bytes).
    Removing stm32f1xx_it.o(.text), (0 bytes).
    Removing stm32f1xx_it.o(.ARM.exidx.text.NMI_Handler), (8 bytes).
    Removing stm32f1xx_it.o(.ARM.exidx.text.HardFault_Handler), (8 bytes).
    Removing stm32f1xx_it.o(.ARM.exidx.text.MemManage_Handler), (8 bytes).
    Removing stm32f1xx_it.o(.ARM.exidx.text.BusFault_Handler), (8 bytes).
    Removing stm32f1xx_it.o(.ARM.exidx.text.UsageFault_Handler), (8 bytes).
    Removing stm32f1xx_it.o(.ARM.exidx.text.SVC_Handler), (8 bytes).
    Removing stm32f1xx_it.o(.ARM.exidx.text.DebugMon_Handler), (8 bytes).
    Removing stm32f1xx_it.o(.ARM.exidx.text.PendSV_Handler), (8 bytes).
    Removing stm32f1xx_it.o(.ARM.exidx.text.SysTick_Handler), (8 bytes).
    Removing stm32f1xx_ll_gpio.o(.text), (0 bytes).
    Removing stm32f1xx_ll_gpio.o(.text.LL_GPIO_DeInit), (116 bytes).
    Removing stm32f1xx_ll_gpio.o(.ARM.exidx.text.LL_GPIO_DeInit), (8 bytes).
    Removing stm32f1xx_ll_gpio.o(.ARM.exidx.text.LL_GPIO_Init), (8 bytes).
    Removing stm32f1xx_ll_gpio.o(.text.LL_GPIO_StructInit), (22 bytes).
    Removing stm32f1xx_ll_gpio.o(.ARM.exidx.text.LL_GPIO_StructInit), (8 bytes).
    Removing stm32f1xx_ll_pwr.o(.text), (0 bytes).
    Removing stm32f1xx_ll_pwr.o(.text.LL_PWR_DeInit), (28 bytes).
    Removing stm32f1xx_ll_pwr.o(.ARM.exidx.text.LL_PWR_DeInit), (8 bytes).
    Removing stm32f1xx_ll_exti.o(.text), (0 bytes).
    Removing stm32f1xx_ll_exti.o(.text.LL_EXTI_DeInit), (34 bytes).
    Removing stm32f1xx_ll_exti.o(.ARM.exidx.text.LL_EXTI_DeInit), (8 bytes).
    Removing stm32f1xx_ll_exti.o(.text.LL_EXTI_Init), (194 bytes).
    Removing stm32f1xx_ll_exti.o(.ARM.exidx.text.LL_EXTI_Init), (8 bytes).
    Removing stm32f1xx_ll_exti.o(.text.LL_EXTI_StructInit), (12 bytes).
    Removing stm32f1xx_ll_exti.o(.ARM.exidx.text.LL_EXTI_StructInit), (8 bytes).
    Removing stm32f1xx_ll_rcc.o(.text), (0 bytes).
    Removing stm32f1xx_ll_rcc.o(.text.LL_RCC_DeInit), (154 bytes).
    Removing stm32f1xx_ll_rcc.o(.ARM.exidx.text.LL_RCC_DeInit), (8 bytes).
    Removing stm32f1xx_ll_rcc.o(.text.LL_RCC_GetSystemClocksFreq), (140 bytes).
    Removing stm32f1xx_ll_rcc.o(.ARM.exidx.text.LL_RCC_GetSystemClocksFreq), (8 bytes).
    Removing stm32f1xx_ll_rcc.o(.text.RCC_GetSystemClockFreq), (68 bytes).
    Removing stm32f1xx_ll_rcc.o(.ARM.exidx.text.RCC_GetSystemClockFreq), (8 bytes).
    Removing stm32f1xx_ll_rcc.o(.text.RCC_GetHCLKClockFreq), (28 bytes).
    Removing stm32f1xx_ll_rcc.o(.ARM.exidx.text.RCC_GetHCLKClockFreq), (8 bytes).
    Removing stm32f1xx_ll_rcc.o(.text.RCC_GetPCLK1ClockFreq), (28 bytes).
    Removing stm32f1xx_ll_rcc.o(.ARM.exidx.text.RCC_GetPCLK1ClockFreq), (8 bytes).
    Removing stm32f1xx_ll_rcc.o(.text.RCC_GetPCLK2ClockFreq), (28 bytes).
    Removing stm32f1xx_ll_rcc.o(.ARM.exidx.text.RCC_GetPCLK2ClockFreq), (8 bytes).
    Removing stm32f1xx_ll_rcc.o(.text.LL_RCC_GetUSBClockFreq), (138 bytes).
    Removing stm32f1xx_ll_rcc.o(.ARM.exidx.text.LL_RCC_GetUSBClockFreq), (8 bytes).
    Removing stm32f1xx_ll_rcc.o(.text.RCC_PLL_GetFreqDomain_SYS), (56 bytes).
    Removing stm32f1xx_ll_rcc.o(.ARM.exidx.text.RCC_PLL_GetFreqDomain_SYS), (8 bytes).
    Removing stm32f1xx_ll_rcc.o(.text.LL_RCC_GetADCClockFreq), (152 bytes).
    Removing stm32f1xx_ll_rcc.o(.ARM.exidx.text.LL_RCC_GetADCClockFreq), (8 bytes).
    Removing stm32f1xx_ll_utils.o(.text), (0 bytes).
    Removing stm32f1xx_ll_utils.o(.ARM.exidx.text.LL_Init1msTick), (8 bytes).
    Removing stm32f1xx_ll_utils.o(.ARM.exidx.text.LL_mDelay), (8 bytes).
    Removing stm32f1xx_ll_utils.o(.ARM.exidx.text.LL_SetSystemCoreClock), (8 bytes).
    Removing stm32f1xx_ll_utils.o(.text.LL_SetFlashLatency), (90 bytes).
    Removing stm32f1xx_ll_utils.o(.ARM.exidx.text.LL_SetFlashLatency), (8 bytes).
    Removing stm32f1xx_ll_utils.o(.text.LL_PLL_ConfigSystemClock_HSI), (118 bytes).
    Removing stm32f1xx_ll_utils.o(.ARM.exidx.text.LL_PLL_ConfigSystemClock_HSI), (8 bytes).
    Removing stm32f1xx_ll_utils.o(.text.UTILS_EnablePLLAndSwitchSystem), (380 bytes).
    Removing stm32f1xx_ll_utils.o(.ARM.exidx.text.UTILS_EnablePLLAndSwitchSystem), (8 bytes).
    Removing stm32f1xx_ll_utils.o(.text.LL_PLL_ConfigSystemClock_HSE), (158 bytes).
    Removing stm32f1xx_ll_utils.o(.ARM.exidx.text.LL_PLL_ConfigSystemClock_HSE), (8 bytes).
    Removing system_stm32f1xx.o(.text), (0 bytes).
    Removing system_stm32f1xx.o(.ARM.exidx.text.SystemInit), (8 bytes).
    Removing system_stm32f1xx.o(.text.SystemCoreClockUpdate), (112 bytes).
    Removing system_stm32f1xx.o(.ARM.exidx.text.SystemCoreClockUpdate), (8 bytes).
    Removing system_stm32f1xx.o(.rodata.AHBPrescTable), (16 bytes).
    Removing system_stm32f1xx.o(.rodata.APBPrescTable), (8 bytes).
    Removing mycandrive_reg.o(.text), (0 bytes).
    Removing mycandrive_reg.o(.ARM.exidx.text.CAN_Config), (8 bytes).
    Removing mycandrive_reg.o(.text.CAN_SendMessage_Blocking), (500 bytes).
    Removing mycandrive_reg.o(.ARM.exidx.text.CAN_SendMessage_Blocking), (8 bytes).
    Removing mycandrive_reg.o(.ARM.exidx.text.CAN_SendMessage_NonBlocking), (8 bytes).
    Removing mycandrive_reg.o(.ARM.exidx.text.CAN_Check_Error), (8 bytes).
    Removing mycandrive_reg.o(.ARM.exidx.text.CAN_BusOff_Recover), (8 bytes).
    Removing mycandrive_reg.o(.ARM.exidx.text.CAN_Send_CANMsg_FromRingBuffer), (8 bytes).
    Removing mycandrive_reg.o(.ARM.exidx.text.USB_HP_CAN1_TX_IRQHandler), (8 bytes).
    Removing mycandrive_reg.o(.ARM.exidx.text.CAN1_RX1_IRQHandler), (8 bytes).
    Removing mycandrive_reg.o(.bss.canSendError), (4 bytes).
    Removing lwrb.o(.text), (0 bytes).
    Removing lwrb.o(.ARM.exidx.text.lwrb_init), (8 bytes).
    Removing lwrb.o(.text.lwrb_is_ready), (20 bytes).
    Removing lwrb.o(.ARM.exidx.text.lwrb_is_ready), (8 bytes).
    Removing lwrb.o(.text.lwrb_free), (22 bytes).
    Removing lwrb.o(.ARM.exidx.text.lwrb_free), (8 bytes).
    Removing lwrb.o(.text.lwrb_set_evt_fn), (20 bytes).
    Removing lwrb.o(.ARM.exidx.text.lwrb_set_evt_fn), (8 bytes).
    Removing lwrb.o(.text.lwrb_set_arg), (20 bytes).
    Removing lwrb.o(.ARM.exidx.text.lwrb_set_arg), (8 bytes).
    Removing lwrb.o(.text.lwrb_get_arg), (10 bytes).
    Removing lwrb.o(.ARM.exidx.text.lwrb_get_arg), (8 bytes).
    Removing lwrb.o(.ARM.exidx.text.lwrb_write), (8 bytes).
    Removing lwrb.o(.text.lwrb_write_ex), (186 bytes).
    Removing lwrb.o(.ARM.exidx.text.lwrb_write_ex), (8 bytes).
    Removing lwrb.o(.ARM.exidx.text.lwrb_get_free), (8 bytes).
    Removing lwrb.o(.ARM.exidx.text.lwrb_read), (8 bytes).
    Removing lwrb.o(.text.lwrb_read_ex), (182 bytes).
    Removing lwrb.o(.ARM.exidx.text.lwrb_read_ex), (8 bytes).
    Removing lwrb.o(.ARM.exidx.text.lwrb_get_full), (8 bytes).
    Removing lwrb.o(.text.lwrb_peek), (122 bytes).
    Removing lwrb.o(.ARM.exidx.text.lwrb_peek), (8 bytes).
    Removing lwrb.o(.ARM.exidx.text.lwrb_reset), (8 bytes).
    Removing lwrb.o(.text.lwrb_get_linear_block_read_address), (20 bytes).
    Removing lwrb.o(.ARM.exidx.text.lwrb_get_linear_block_read_address), (8 bytes).
    Removing lwrb.o(.text.lwrb_get_linear_block_read_length), (36 bytes).
    Removing lwrb.o(.ARM.exidx.text.lwrb_get_linear_block_read_length), (8 bytes).
    Removing lwrb.o(.text.lwrb_skip), (76 bytes).
    Removing lwrb.o(.ARM.exidx.text.lwrb_skip), (8 bytes).
    Removing lwrb.o(.text.lwrb_get_linear_block_write_address), (20 bytes).
    Removing lwrb.o(.ARM.exidx.text.lwrb_get_linear_block_write_address), (8 bytes).
    Removing lwrb.o(.text.lwrb_get_linear_block_write_length), (40 bytes).
    Removing lwrb.o(.ARM.exidx.text.lwrb_get_linear_block_write_length), (8 bytes).
    Removing lwrb.o(.text.lwrb_advance), (84 bytes).
    Removing lwrb.o(.ARM.exidx.text.lwrb_advance), (8 bytes).
    Removing lwrb.o(.text.lwrb_find), (276 bytes).
    Removing lwrb.o(.ARM.exidx.text.lwrb_find), (8 bytes).
    Removing lwrb_ex.o(.text), (0 bytes).

120 unused section(s) (total 4770 bytes) removed from the image.

==============================================================================

Image Symbol Table

    Local Symbols

    Symbol Name                              Value     Ov Type        Size  Object(Section)

    ../clib/microlib/init/entry.s            0x00000000   Number         0  entry.o ABSOLUTE
    ../clib/microlib/init/entry.s            0x00000000   Number         0  entry2.o ABSOLUTE
    ../clib/microlib/init/entry.s            0x00000000   Number         0  entry5.o ABSOLUTE
    ../clib/microlib/init/entry.s            0x00000000   Number         0  entry7a.o ABSOLUTE
    ../clib/microlib/init/entry.s            0x00000000   Number         0  entry7b.o ABSOLUTE
    ../clib/microlib/init/entry.s            0x00000000   Number         0  entry8a.o ABSOLUTE
    ../clib/microlib/init/entry.s            0x00000000   Number         0  entry8b.o ABSOLUTE
    ../clib/microlib/init/entry.s            0x00000000   Number         0  entry9a.o ABSOLUTE
    ../clib/microlib/init/entry.s            0x00000000   Number         0  entry9b.o ABSOLUTE
    ../clib/microlib/init/entry.s            0x00000000   Number         0  entry10a.o ABSOLUTE
    ../clib/microlib/init/entry.s            0x00000000   Number         0  entry10b.o ABSOLUTE
    ../clib/microlib/init/entry.s            0x00000000   Number         0  entry11a.o ABSOLUTE
    ../clib/microlib/init/entry.s            0x00000000   Number         0  entry11b.o ABSOLUTE
    ../clib/microlib/string/memcpy.c         0x00000000   Number         0  memcpya.o ABSOLUTE
    ../clib/microlib/string/memcpy.c         0x00000000   Number         0  memcpyb.o ABSOLUTE
    dc.s                                     0x00000000   Number         0  dc.o ABSOLUTE
    gpio.c                                   0x00000000   Number         0  gpio.o ABSOLUTE
    handlers.s                               0x00000000   Number         0  handlers.o ABSOLUTE
    init.s                                   0x00000000   Number         0  init.o ABSOLUTE
    lwrb.c                                   0x00000000   Number         0  lwrb.o ABSOLUTE
    lwrb_ex.c                                0x00000000   Number         0  lwrb_ex.o ABSOLUTE
    main.c                                   0x00000000   Number         0  main.o ABSOLUTE
    myCanDrive_reg.c                         0x00000000   Number         0  mycandrive_reg.o ABSOLUTE
    startup_stm32f103xe.s                    0x00000000   Number         0  startup_stm32f103xe.o ABSOLUTE
    stm32f1xx_it.c                           0x00000000   Number         0  stm32f1xx_it.o ABSOLUTE
    stm32f1xx_ll_exti.c                      0x00000000   Number         0  stm32f1xx_ll_exti.o ABSOLUTE
    stm32f1xx_ll_gpio.c                      0x00000000   Number         0  stm32f1xx_ll_gpio.o ABSOLUTE
    stm32f1xx_ll_pwr.c                       0x00000000   Number         0  stm32f1xx_ll_pwr.o ABSOLUTE
    stm32f1xx_ll_rcc.c                       0x00000000   Number         0  stm32f1xx_ll_rcc.o ABSOLUTE
    stm32f1xx_ll_utils.c                     0x00000000   Number         0  stm32f1xx_ll_utils.o ABSOLUTE
    system_stm32f1xx.c                       0x00000000   Number         0  system_stm32f1xx.o ABSOLUTE
    RESET                                    0x08000000   Section      304  startup_stm32f103xe.o(RESET)
    .ARM.Collect$$$$00000000                 0x08000130   Section        0  entry.o(.ARM.Collect$$$$00000000)
    .ARM.Collect$$$$00000001                 0x08000130   Section        4  entry2.o(.ARM.Collect$$$$00000001)
    .ARM.Collect$$$$00000004                 0x08000134   Section        4  entry5.o(.ARM.Collect$$$$00000004)
    .ARM.Collect$$$$00000008                 0x08000138   Section        0  entry7b.o(.ARM.Collect$$$$00000008)
    .ARM.Collect$$$$0000000A                 0x08000138   Section        0  entry8b.o(.ARM.Collect$$$$0000000A)
    .ARM.Collect$$$$0000000B                 0x08000138   Section        8  entry9a.o(.ARM.Collect$$$$0000000B)
    __lit__00000000                          0x08000140   Data           4  entry2.o(.ARM.Collect$$$$00002712)
    .ARM.Collect$$$$0000000D                 0x08000140   Section        0  entry10a.o(.ARM.Collect$$$$0000000D)
    .ARM.Collect$$$$0000000F                 0x08000140   Section        0  entry11a.o(.ARM.Collect$$$$0000000F)
    .ARM.Collect$$$$00002712                 0x08000140   Section        4  entry2.o(.ARM.Collect$$$$00002712)
    .text                                    0x08000144   Section       36  startup_stm32f103xe.o(.text)
    .text                                    0x08000168   Section        0  memcpya.o(.text)
    .text                                    0x0800018c   Section       36  init.o(.text)
    [Anonymous Symbol]                       0x080001b0   Section        0  stm32f1xx_it.o(.text.BusFault_Handler)
    [Anonymous Symbol]                       0x080001b4   Section        0  mycandrive_reg.o(.text.CAN1_RX1_IRQHandler)
    [Anonymous Symbol]                       0x080002d4   Section        0  mycandrive_reg.o(.text.CAN_BusOff_Recover)
    [Anonymous Symbol]                       0x080002e8   Section        0  mycandrive_reg.o(.text.CAN_Check_Error)
    [Anonymous Symbol]                       0x08000358   Section        0  mycandrive_reg.o(.text.CAN_Config)
    [Anonymous Symbol]                       0x0800054c   Section        0  mycandrive_reg.o(.text.CAN_SendMessage_NonBlocking)
    [Anonymous Symbol]                       0x0800063c   Section        0  mycandrive_reg.o(.text.CAN_Send_CANMsg_FromRingBuffer)
    [Anonymous Symbol]                       0x08000698   Section        0  stm32f1xx_it.o(.text.DebugMon_Handler)
    [Anonymous Symbol]                       0x0800069c   Section        0  main.o(.text.Error_Handler)
    [Anonymous Symbol]                       0x080006a8   Section        0  stm32f1xx_it.o(.text.HardFault_Handler)
    [Anonymous Symbol]                       0x080006ac   Section        0  stm32f1xx_ll_gpio.o(.text.LL_GPIO_Init)
    [Anonymous Symbol]                       0x0800076c   Section        0  stm32f1xx_ll_utils.o(.text.LL_Init1msTick)
    [Anonymous Symbol]                       0x08000794   Section        0  stm32f1xx_ll_utils.o(.text.LL_SetSystemCoreClock)
    [Anonymous Symbol]                       0x080007a0   Section        0  stm32f1xx_ll_utils.o(.text.LL_mDelay)
    [Anonymous Symbol]                       0x080007ec   Section        0  gpio.o(.text.MX_GPIO_Init)
    [Anonymous Symbol]                       0x08000880   Section        0  stm32f1xx_it.o(.text.MemManage_Handler)
    [Anonymous Symbol]                       0x08000884   Section        0  stm32f1xx_it.o(.text.NMI_Handler)
    [Anonymous Symbol]                       0x08000888   Section        0  stm32f1xx_it.o(.text.PendSV_Handler)
    [Anonymous Symbol]                       0x0800088c   Section        0  stm32f1xx_it.o(.text.SVC_Handler)
    [Anonymous Symbol]                       0x08000890   Section        0  stm32f1xx_it.o(.text.SysTick_Handler)
    [Anonymous Symbol]                       0x08000894   Section        0  main.o(.text.SystemClock_Config)
    [Anonymous Symbol]                       0x080009a4   Section        0  system_stm32f1xx.o(.text.SystemInit)
    [Anonymous Symbol]                       0x080009a8   Section        0  mycandrive_reg.o(.text.USB_HP_CAN1_TX_IRQHandler)
    [Anonymous Symbol]                       0x08000a14   Section        0  stm32f1xx_it.o(.text.UsageFault_Handler)
    [Anonymous Symbol]                       0x08000a18   Section        0  lwrb.o(.text.lwrb_get_free)
    [Anonymous Symbol]                       0x08000a38   Section        0  lwrb.o(.text.lwrb_get_full)
    [Anonymous Symbol]                       0x08000a58   Section        0  lwrb.o(.text.lwrb_init)
    [Anonymous Symbol]                       0x08000a80   Section        0  lwrb.o(.text.lwrb_read)
    [Anonymous Symbol]                       0x08000b20   Section        0  lwrb.o(.text.lwrb_reset)
    [Anonymous Symbol]                       0x08000b4c   Section        0  lwrb.o(.text.lwrb_write)
    [Anonymous Symbol]                       0x08000bf4   Section        0  main.o(.text.main)
    i.__scatterload_copy                     0x08000cca   Section       14  handlers.o(i.__scatterload_copy)
    i.__scatterload_null                     0x08000cd8   Section        2  handlers.o(i.__scatterload_null)
    i.__scatterload_zeroinit                 0x08000cda   Section       14  handlers.o(i.__scatterload_zeroinit)
    .L_MergedGlobals                         0x20000008   Data          40  mycandrive_reg.o(.bss..L_MergedGlobals)
    [Anonymous Symbol]                       0x20000008   Section        0  mycandrive_reg.o(.bss..L_MergedGlobals)
    STACK                                    0x20000740   Section     1024  startup_stm32f103xe.o(STACK)

    Global Symbols

    Symbol Name                              Value     Ov Type        Size  Object(Section)

    BuildAttributes$$THM_ISAv4$P$D$K$B$S$PE$A:L22UL41UL21$X:L11$S22US41US21$IEEE1$IW$~IW$USESV6$~STKCKD$USESV7$~SHL$OTIME$EBA8$MICROLIB$REQ8$PRES8$EABIv2 0x00000000   Number         0  anon$$obj.o ABSOLUTE
    __cpp_initialize__aeabi_                  - Undefined Weak Reference
    __cxa_finalize                            - Undefined Weak Reference
    __decompress                              - Undefined Weak Reference
    _clock_init                               - Undefined Weak Reference
    _microlib_exit                            - Undefined Weak Reference
    __Vectors_Size                           0x00000130   Number         0  startup_stm32f103xe.o ABSOLUTE
    __Vectors                                0x08000000   Data           4  startup_stm32f103xe.o(RESET)
    __Vectors_End                            0x08000130   Data           0  startup_stm32f103xe.o(RESET)
    __main                                   0x08000131   Thumb Code     0  entry.o(.ARM.Collect$$$$00000000)
    _main_stk                                0x08000131   Thumb Code     0  entry2.o(.ARM.Collect$$$$00000001)
    _main_scatterload                        0x08000135   Thumb Code     0  entry5.o(.ARM.Collect$$$$00000004)
    __main_after_scatterload                 0x08000139   Thumb Code     0  entry5.o(.ARM.Collect$$$$00000004)
    _main_clock                              0x08000139   Thumb Code     0  entry7b.o(.ARM.Collect$$$$00000008)
    _main_cpp_init                           0x08000139   Thumb Code     0  entry8b.o(.ARM.Collect$$$$0000000A)
    _main_init                               0x08000139   Thumb Code     0  entry9a.o(.ARM.Collect$$$$0000000B)
    __rt_final_cpp                           0x08000141   Thumb Code     0  entry10a.o(.ARM.Collect$$$$0000000D)
    __rt_final_exit                          0x08000141   Thumb Code     0  entry11a.o(.ARM.Collect$$$$0000000F)
    Reset_Handler                            0x08000145   Thumb Code     8  startup_stm32f103xe.o(.text)
    ADC1_2_IRQHandler                        0x0800015f   Thumb Code     0  startup_stm32f103xe.o(.text)
    ADC3_IRQHandler                          0x0800015f   Thumb Code     0  startup_stm32f103xe.o(.text)
    CAN1_SCE_IRQHandler                      0x0800015f   Thumb Code     0  startup_stm32f103xe.o(.text)
    DMA1_Channel1_IRQHandler                 0x0800015f   Thumb Code     0  startup_stm32f103xe.o(.text)
    DMA1_Channel2_IRQHandler                 0x0800015f   Thumb Code     0  startup_stm32f103xe.o(.text)
    DMA1_Channel3_IRQHandler                 0x0800015f   Thumb Code     0  startup_stm32f103xe.o(.text)
    DMA1_Channel4_IRQHandler                 0x0800015f   Thumb Code     0  startup_stm32f103xe.o(.text)
    DMA1_Channel5_IRQHandler                 0x0800015f   Thumb Code     0  startup_stm32f103xe.o(.text)
    DMA1_Channel6_IRQHandler                 0x0800015f   Thumb Code     0  startup_stm32f103xe.o(.text)
    DMA1_Channel7_IRQHandler                 0x0800015f   Thumb Code     0  startup_stm32f103xe.o(.text)
    DMA2_Channel1_IRQHandler                 0x0800015f   Thumb Code     0  startup_stm32f103xe.o(.text)
    DMA2_Channel2_IRQHandler                 0x0800015f   Thumb Code     0  startup_stm32f103xe.o(.text)
    DMA2_Channel3_IRQHandler                 0x0800015f   Thumb Code     0  startup_stm32f103xe.o(.text)
    DMA2_Channel4_5_IRQHandler               0x0800015f   Thumb Code     0  startup_stm32f103xe.o(.text)
    EXTI0_IRQHandler                         0x0800015f   Thumb Code     0  startup_stm32f103xe.o(.text)
    EXTI15_10_IRQHandler                     0x0800015f   Thumb Code     0  startup_stm32f103xe.o(.text)
    EXTI1_IRQHandler                         0x0800015f   Thumb Code     0  startup_stm32f103xe.o(.text)
    EXTI2_IRQHandler                         0x0800015f   Thumb Code     0  startup_stm32f103xe.o(.text)
    EXTI3_IRQHandler                         0x0800015f   Thumb Code     0  startup_stm32f103xe.o(.text)
    EXTI4_IRQHandler                         0x0800015f   Thumb Code     0  startup_stm32f103xe.o(.text)
    EXTI9_5_IRQHandler                       0x0800015f   Thumb Code     0  startup_stm32f103xe.o(.text)
    FLASH_IRQHandler                         0x0800015f   Thumb Code     0  startup_stm32f103xe.o(.text)
    FSMC_IRQHandler                          0x0800015f   Thumb Code     0  startup_stm32f103xe.o(.text)
    I2C1_ER_IRQHandler                       0x0800015f   Thumb Code     0  startup_stm32f103xe.o(.text)
    I2C1_EV_IRQHandler                       0x0800015f   Thumb Code     0  startup_stm32f103xe.o(.text)
    I2C2_ER_IRQHandler                       0x0800015f   Thumb Code     0  startup_stm32f103xe.o(.text)
    I2C2_EV_IRQHandler                       0x0800015f   Thumb Code     0  startup_stm32f103xe.o(.text)
    PVD_IRQHandler                           0x0800015f   Thumb Code     0  startup_stm32f103xe.o(.text)
    RCC_IRQHandler                           0x0800015f   Thumb Code     0  startup_stm32f103xe.o(.text)
    RTC_Alarm_IRQHandler                     0x0800015f   Thumb Code     0  startup_stm32f103xe.o(.text)
    RTC_IRQHandler                           0x0800015f   Thumb Code     0  startup_stm32f103xe.o(.text)
    SDIO_IRQHandler                          0x0800015f   Thumb Code     0  startup_stm32f103xe.o(.text)
    SPI1_IRQHandler                          0x0800015f   Thumb Code     0  startup_stm32f103xe.o(.text)
    SPI2_IRQHandler                          0x0800015f   Thumb Code     0  startup_stm32f103xe.o(.text)
    SPI3_IRQHandler                          0x0800015f   Thumb Code     0  startup_stm32f103xe.o(.text)
    TAMPER_IRQHandler                        0x0800015f   Thumb Code     0  startup_stm32f103xe.o(.text)
    TIM1_BRK_IRQHandler                      0x0800015f   Thumb Code     0  startup_stm32f103xe.o(.text)
    TIM1_CC_IRQHandler                       0x0800015f   Thumb Code     0  startup_stm32f103xe.o(.text)
    TIM1_TRG_COM_IRQHandler                  0x0800015f   Thumb Code     0  startup_stm32f103xe.o(.text)
    TIM1_UP_IRQHandler                       0x0800015f   Thumb Code     0  startup_stm32f103xe.o(.text)
    TIM2_IRQHandler                          0x0800015f   Thumb Code     0  startup_stm32f103xe.o(.text)
    TIM3_IRQHandler                          0x0800015f   Thumb Code     0  startup_stm32f103xe.o(.text)
    TIM4_IRQHandler                          0x0800015f   Thumb Code     0  startup_stm32f103xe.o(.text)
    TIM5_IRQHandler                          0x0800015f   Thumb Code     0  startup_stm32f103xe.o(.text)
    TIM6_IRQHandler                          0x0800015f   Thumb Code     0  startup_stm32f103xe.o(.text)
    TIM7_IRQHandler                          0x0800015f   Thumb Code     0  startup_stm32f103xe.o(.text)
    TIM8_BRK_IRQHandler                      0x0800015f   Thumb Code     0  startup_stm32f103xe.o(.text)
    TIM8_CC_IRQHandler                       0x0800015f   Thumb Code     0  startup_stm32f103xe.o(.text)
    TIM8_TRG_COM_IRQHandler                  0x0800015f   Thumb Code     0  startup_stm32f103xe.o(.text)
    TIM8_UP_IRQHandler                       0x0800015f   Thumb Code     0  startup_stm32f103xe.o(.text)
    UART4_IRQHandler                         0x0800015f   Thumb Code     0  startup_stm32f103xe.o(.text)
    UART5_IRQHandler                         0x0800015f   Thumb Code     0  startup_stm32f103xe.o(.text)
    USART1_IRQHandler                        0x0800015f   Thumb Code     0  startup_stm32f103xe.o(.text)
    USART2_IRQHandler                        0x0800015f   Thumb Code     0  startup_stm32f103xe.o(.text)
    USART3_IRQHandler                        0x0800015f   Thumb Code     0  startup_stm32f103xe.o(.text)
    USBWakeUp_IRQHandler                     0x0800015f   Thumb Code     0  startup_stm32f103xe.o(.text)
    USB_LP_CAN1_RX0_IRQHandler               0x0800015f   Thumb Code     0  startup_stm32f103xe.o(.text)
    WWDG_IRQHandler                          0x0800015f   Thumb Code     0  startup_stm32f103xe.o(.text)
    __aeabi_memcpy                           0x08000169   Thumb Code    36  memcpya.o(.text)
    __aeabi_memcpy4                          0x08000169   Thumb Code     0  memcpya.o(.text)
    __aeabi_memcpy8                          0x08000169   Thumb Code     0  memcpya.o(.text)
    __scatterload                            0x0800018d   Thumb Code    28  init.o(.text)
    __scatterload_rt2                        0x0800018d   Thumb Code     0  init.o(.text)
    BusFault_Handler                         0x080001b1   Thumb Code     2  stm32f1xx_it.o(.text.BusFault_Handler)
    CAN1_RX1_IRQHandler                      0x080001b5   Thumb Code   288  mycandrive_reg.o(.text.CAN1_RX1_IRQHandler)
    CAN_BusOff_Recover                       0x080002d5   Thumb Code    20  mycandrive_reg.o(.text.CAN_BusOff_Recover)
    CAN_Check_Error                          0x080002e9   Thumb Code   110  mycandrive_reg.o(.text.CAN_Check_Error)
    CAN_Config                               0x08000359   Thumb Code   498  mycandrive_reg.o(.text.CAN_Config)
    CAN_SendMessage_NonBlocking              0x0800054d   Thumb Code   240  mycandrive_reg.o(.text.CAN_SendMessage_NonBlocking)
    CAN_Send_CANMsg_FromRingBuffer           0x0800063d   Thumb Code    90  mycandrive_reg.o(.text.CAN_Send_CANMsg_FromRingBuffer)
    DebugMon_Handler                         0x08000699   Thumb Code     2  stm32f1xx_it.o(.text.DebugMon_Handler)
    Error_Handler                            0x0800069d   Thumb Code    10  main.o(.text.Error_Handler)
    HardFault_Handler                        0x080006a9   Thumb Code     2  stm32f1xx_it.o(.text.HardFault_Handler)
    LL_GPIO_Init                             0x080006ad   Thumb Code   190  stm32f1xx_ll_gpio.o(.text.LL_GPIO_Init)
    LL_Init1msTick                           0x0800076d   Thumb Code    40  stm32f1xx_ll_utils.o(.text.LL_Init1msTick)
    LL_SetSystemCoreClock                    0x08000795   Thumb Code    12  stm32f1xx_ll_utils.o(.text.LL_SetSystemCoreClock)
    LL_mDelay                                0x080007a1   Thumb Code    74  stm32f1xx_ll_utils.o(.text.LL_mDelay)
    MX_GPIO_Init                             0x080007ed   Thumb Code   146  gpio.o(.text.MX_GPIO_Init)
    MemManage_Handler                        0x08000881   Thumb Code     2  stm32f1xx_it.o(.text.MemManage_Handler)
    NMI_Handler                              0x08000885   Thumb Code     2  stm32f1xx_it.o(.text.NMI_Handler)
    PendSV_Handler                           0x08000889   Thumb Code     2  stm32f1xx_it.o(.text.PendSV_Handler)
    SVC_Handler                              0x0800088d   Thumb Code     2  stm32f1xx_it.o(.text.SVC_Handler)
    SysTick_Handler                          0x08000891   Thumb Code     2  stm32f1xx_it.o(.text.SysTick_Handler)
    SystemClock_Config                       0x08000895   Thumb Code   272  main.o(.text.SystemClock_Config)
    SystemInit                               0x080009a5   Thumb Code     2  system_stm32f1xx.o(.text.SystemInit)
    USB_HP_CAN1_TX_IRQHandler                0x080009a9   Thumb Code   106  mycandrive_reg.o(.text.USB_HP_CAN1_TX_IRQHandler)
    UsageFault_Handler                       0x08000a15   Thumb Code     2  stm32f1xx_it.o(.text.UsageFault_Handler)
    lwrb_get_free                            0x08000a19   Thumb Code    32  lwrb.o(.text.lwrb_get_free)
    lwrb_get_full                            0x08000a39   Thumb Code    32  lwrb.o(.text.lwrb_get_full)
    lwrb_init                                0x08000a59   Thumb Code    38  lwrb.o(.text.lwrb_init)
    lwrb_read                                0x08000a81   Thumb Code   160  lwrb.o(.text.lwrb_read)
    lwrb_reset                               0x08000b21   Thumb Code    42  lwrb.o(.text.lwrb_reset)
    lwrb_write                               0x08000b4d   Thumb Code   168  lwrb.o(.text.lwrb_write)
    main                                     0x08000bf5   Thumb Code   214  main.o(.text.main)
    __scatterload_copy                       0x08000ccb   Thumb Code    14  handlers.o(i.__scatterload_copy)
    __scatterload_null                       0x08000cd9   Thumb Code     2  handlers.o(i.__scatterload_null)
    __scatterload_zeroinit                   0x08000cdb   Thumb Code    14  handlers.o(i.__scatterload_zeroinit)
    Region$$Table$$Base                      0x08000ce8   Number         0  anon$$obj.o(Region$$Table)
    Region$$Table$$Limit                     0x08000d08   Number         0  anon$$obj.o(Region$$Table)
    SystemCoreClock                          0x20000000   Data           4  system_stm32f1xx.o(.data.SystemCoreClock)
    txmail_free                              0x20000008   Data           1  mycandrive_reg.o(.bss..L_MergedGlobals)
    g_RxCount                                0x2000000c   Data           4  mycandrive_reg.o(.bss..L_MergedGlobals)
    g_RxOverflowError                        0x20000010   Data           4  mycandrive_reg.o(.bss..L_MergedGlobals)
    g_RXRingbufferOverflow                   0x20000014   Data           4  mycandrive_reg.o(.bss..L_MergedGlobals)
    g_CanRxRBHandler                         0x20000018   Data          24  mycandrive_reg.o(.bss..L_MergedGlobals)
    gCanESR                                  0x20000030   Data           6  mycandrive_reg.o(.bss.gCanESR)
    g_BusOffCount                            0x20000036   Data           1  main.o(.bss.g_BusOffCount)
    g_CanRxRBDataBuffer                      0x20000038   Data        1800  mycandrive_reg.o(.bss.g_CanRxRBDataBuffer)
    __initial_sp                             0x20000b40   Data           0  startup_stm32f103xe.o(STACK)



==============================================================================

Memory Map of the image

  Image Entry point : 0x08000131

  Load Region LR_IROM1 (Base: 0x08000000, Size: 0x00000d10, Max: 0x00080000, ABSOLUTE)

    Execution Region ER_IROM1 (Exec base: 0x08000000, Load base: 0x08000000, Size: 0x00000d08, Max: 0x00080000, ABSOLUTE)

    Exec Addr    Load Addr    Size         Type   Attr      Idx    E Section Name        Object

    0x08000000   0x08000000   0x00000130   Data   RO            3    RESET               startup_stm32f103xe.o
    0x08000130   0x08000130   0x00000000   Code   RO          238  * .ARM.Collect$$$$00000000  mc_w.l(entry.o)
    0x08000130   0x08000130   0x00000004   Code   RO          245    .ARM.Collect$$$$00000001  mc_w.l(entry2.o)
    0x08000134   0x08000134   0x00000004   Code   RO          248    .ARM.Collect$$$$00000004  mc_w.l(entry5.o)
    0x08000138   0x08000138   0x00000000   Code   RO          250    .ARM.Collect$$$$00000008  mc_w.l(entry7b.o)
    0x08000138   0x08000138   0x00000000   Code   RO          252    .ARM.Collect$$$$0000000A  mc_w.l(entry8b.o)
    0x08000138   0x08000138   0x00000008   Code   RO          253    .ARM.Collect$$$$0000000B  mc_w.l(entry9a.o)
    0x08000140   0x08000140   0x00000000   Code   RO          255    .ARM.Collect$$$$0000000D  mc_w.l(entry10a.o)
    0x08000140   0x08000140   0x00000000   Code   RO          257    .ARM.Collect$$$$0000000F  mc_w.l(entry11a.o)
    0x08000140   0x08000140   0x00000004   Code   RO          246    .ARM.Collect$$$$00002712  mc_w.l(entry2.o)
    0x08000144   0x08000144   0x00000024   Code   RO            4    .text               startup_stm32f103xe.o
    0x08000168   0x08000168   0x00000024   Code   RO          241    .text               mc_w.l(memcpya.o)
    0x0800018c   0x0800018c   0x00000024   Code   RO          259    .text               mc_w.l(init.o)
    0x080001b0   0x080001b0   0x00000002   Code   RO           41    .text.BusFault_Handler  stm32f1xx_it.o
    0x080001b2   0x080001b2   0x00000002   PAD
    0x080001b4   0x080001b4   0x00000120   Code   RO          174    .text.CAN1_RX1_IRQHandler  mycandrive_reg.o
    0x080002d4   0x080002d4   0x00000014   Code   RO          168    .text.CAN_BusOff_Recover  mycandrive_reg.o
    0x080002e8   0x080002e8   0x0000006e   Code   RO          166    .text.CAN_Check_Error  mycandrive_reg.o
    0x08000356   0x08000356   0x00000002   PAD
    0x08000358   0x08000358   0x000001f2   Code   RO          160    .text.CAN_Config    mycandrive_reg.o
    0x0800054a   0x0800054a   0x00000002   PAD
    0x0800054c   0x0800054c   0x000000f0   Code   RO          164    .text.CAN_SendMessage_NonBlocking  mycandrive_reg.o
    0x0800063c   0x0800063c   0x0000005a   Code   RO          170    .text.CAN_Send_CANMsg_FromRingBuffer  mycandrive_reg.o
    0x08000696   0x08000696   0x00000002   PAD
    0x08000698   0x08000698   0x00000002   Code   RO           47    .text.DebugMon_Handler  stm32f1xx_it.o
    0x0800069a   0x0800069a   0x00000002   PAD
    0x0800069c   0x0800069c   0x0000000a   Code   RO           15    .text.Error_Handler  main.o
    0x080006a6   0x080006a6   0x00000002   PAD
    0x080006a8   0x080006a8   0x00000002   Code   RO           37    .text.HardFault_Handler  stm32f1xx_it.o
    0x080006aa   0x080006aa   0x00000002   PAD
    0x080006ac   0x080006ac   0x000000be   Code   RO           62    .text.LL_GPIO_Init  stm32f1xx_ll_gpio.o
    0x0800076a   0x0800076a   0x00000002   PAD
    0x0800076c   0x0800076c   0x00000028   Code   RO          123    .text.LL_Init1msTick  stm32f1xx_ll_utils.o
    0x08000794   0x08000794   0x0000000c   Code   RO          127    .text.LL_SetSystemCoreClock  stm32f1xx_ll_utils.o
    0x080007a0   0x080007a0   0x0000004a   Code   RO          125    .text.LL_mDelay     stm32f1xx_ll_utils.o
    0x080007ea   0x080007ea   0x00000002   PAD
    0x080007ec   0x080007ec   0x00000092   Code   RO           27    .text.MX_GPIO_Init  gpio.o
    0x0800087e   0x0800087e   0x00000002   PAD
    0x08000880   0x08000880   0x00000002   Code   RO           39    .text.MemManage_Handler  stm32f1xx_it.o
    0x08000882   0x08000882   0x00000002   PAD
    0x08000884   0x08000884   0x00000002   Code   RO           35    .text.NMI_Handler   stm32f1xx_it.o
    0x08000886   0x08000886   0x00000002   PAD
    0x08000888   0x08000888   0x00000002   Code   RO           49    .text.PendSV_Handler  stm32f1xx_it.o
    0x0800088a   0x0800088a   0x00000002   PAD
    0x0800088c   0x0800088c   0x00000002   Code   RO           45    .text.SVC_Handler   stm32f1xx_it.o
    0x0800088e   0x0800088e   0x00000002   PAD
    0x08000890   0x08000890   0x00000002   Code   RO           51    .text.SysTick_Handler  stm32f1xx_it.o
    0x08000892   0x08000892   0x00000002   PAD
    0x08000894   0x08000894   0x00000110   Code   RO           13    .text.SystemClock_Config  main.o
    0x080009a4   0x080009a4   0x00000002   Code   RO          145    .text.SystemInit    system_stm32f1xx.o
    0x080009a6   0x080009a6   0x00000002   PAD
    0x080009a8   0x080009a8   0x0000006a   Code   RO          172    .text.USB_HP_CAN1_TX_IRQHandler  mycandrive_reg.o
    0x08000a12   0x08000a12   0x00000002   PAD
    0x08000a14   0x08000a14   0x00000002   Code   RO           43    .text.UsageFault_Handler  stm32f1xx_it.o
    0x08000a16   0x08000a16   0x00000002   PAD
    0x08000a18   0x08000a18   0x00000020   Code   RO          204    .text.lwrb_get_free  lwrb.o
    0x08000a38   0x08000a38   0x00000020   Code   RO          210    .text.lwrb_get_full  lwrb.o
    0x08000a58   0x08000a58   0x00000026   Code   RO          188    .text.lwrb_init     lwrb.o
    0x08000a7e   0x08000a7e   0x00000002   PAD
    0x08000a80   0x08000a80   0x000000a0   Code   RO          206    .text.lwrb_read     lwrb.o
    0x08000b20   0x08000b20   0x0000002a   Code   RO          214    .text.lwrb_reset    lwrb.o
    0x08000b4a   0x08000b4a   0x00000002   PAD
    0x08000b4c   0x08000b4c   0x000000a8   Code   RO          200    .text.lwrb_write    lwrb.o
    0x08000bf4   0x08000bf4   0x000000d6   Code   RO           11    .text.main          main.o
    0x08000cca   0x08000cca   0x0000000e   Code   RO          263    i.__scatterload_copy  mc_w.l(handlers.o)
    0x08000cd8   0x08000cd8   0x00000002   Code   RO          264    i.__scatterload_null  mc_w.l(handlers.o)
    0x08000cda   0x08000cda   0x0000000e   Code   RO          265    i.__scatterload_zeroinit  mc_w.l(handlers.o)
    0x08000ce8   0x08000ce8   0x00000020   Data   RO          262    Region$$Table       anon$$obj.o


    Execution Region RW_IRAM1 (Exec base: 0x20000000, Load base: 0x08000d08, Size: 0x00000b40, Max: 0x00010000, ABSOLUTE)

    Exec Addr    Load Addr    Size         Type   Attr      Idx    E Section Name        Object

    0x20000000   0x08000d08   0x00000004   Data   RW          149    .data.SystemCoreClock  system_stm32f1xx.o
    0x20000004   0x08000d0c   0x00000004   PAD
    0x20000008        -       0x00000028   Zero   RW          179    .bss..L_MergedGlobals  mycandrive_reg.o
    0x20000030        -       0x00000006   Zero   RW          177    .bss.gCanESR        mycandrive_reg.o
    0x20000036        -       0x00000001   Zero   RW           17    .bss.g_BusOffCount  main.o
    0x20000037   0x08000d0c   0x00000001   PAD
    0x20000038        -       0x00000708   Zero   RW          178    .bss.g_CanRxRBDataBuffer  mycandrive_reg.o
    0x20000740        -       0x00000400   Zero   RW            1    STACK               startup_stm32f103xe.o


==============================================================================

Image component sizes


      Code (inc. data)   RO Data    RW Data    ZI Data      Debug   Object Name

       146          0          0          0          0       1843   gpio.o
       472          0          0          0          0      12871   lwrb.o
       496          0          0          0          1       7034   main.o
      1352          0          0          0       1846      10832   mycandrive_reg.o
        36          8        304          0       1024        796   startup_stm32f103xe.o
        18          0          0          0          0        918   stm32f1xx_it.o
       190          0          0          0          0       3113   stm32f1xx_ll_gpio.o
       126          0          0          0          0       7798   stm32f1xx_ll_utils.o
         2          0          0          4          0       1631   system_stm32f1xx.o

    ----------------------------------------------------------------------
      2878          8        336          4       2876      46836   Object Totals
         0          0         32          0          0          0   (incl. Generated)
        40          0          0          0          5          0   (incl. Padding)

    ----------------------------------------------------------------------

      Code (inc. data)   RO Data    RW Data    ZI Data      Debug   Library Member Name

         0          0          0          0          0          0   entry.o
         0          0          0          0          0          0   entry10a.o
         0          0          0          0          0          0   entry11a.o
         8          4          0          0          0          0   entry2.o
         4          0          0          0          0          0   entry5.o
         0          0          0          0          0          0   entry7b.o
         0          0          0          0          0          0   entry8b.o
         8          4          0          0          0          0   entry9a.o
        30          0          0          0          0          0   handlers.o
        36          8          0          0          0         68   init.o
        36          0          0          0          0         68   memcpya.o

    ----------------------------------------------------------------------
       122         16          0          0          0        136   Library Totals
         0          0          0          0          0          0   (incl. Padding)

    ----------------------------------------------------------------------

      Code (inc. data)   RO Data    RW Data    ZI Data      Debug   Library Name

       122         16          0          0          0        136   mc_w.l

    ----------------------------------------------------------------------
       122         16          0          0          0        136   Library Totals

    ----------------------------------------------------------------------

==============================================================================


      Code (inc. data)   RO Data    RW Data    ZI Data      Debug   

      3000         24        336          4       2876      46984   Grand Totals
      3000         24        336          4       2876      46984   ELF Image Totals
      3000         24        336          4          0          0   ROM Totals

==============================================================================

    Total RO  Size (Code + RO Data)                 3336 (   3.26kB)
    Total RW  Size (RW Data + ZI Data)              2880 (   2.81kB)
    Total ROM Size (Code + RO Data + RW Data)       3340 (   3.26kB)

==============================================================================

