<html>
<body>
<pre>
<h1>µVision Build Log</h1>
<h2>Tool Versions:</h2>
IDE-Version: ¦ÌVision V5.39.0.0
Copyright (C) 2023 ARM Ltd and ARM Germany GmbH. All rights reserved.
License Information: wallace admin, fnn, LIC=3XJCT-ANA0Y-RZCWY-WMEG8-47UGM-XHR90
 
Tool Versions:
Toolchain:       MDK-ARM Community  Version: 5.39.0.0
Toolchain Path:  C:\Keil_v5\ARM\ARMCLANG\Bin
C Compiler:      ArmClang.exe V6.21
Assembler:       Armasm.exe V6.21
Linker/Locator:  ArmLink.exe V6.21
Library Manager: ArmAr.exe V6.21
Hex Converter:   FromElf.exe V6.21
CPU DLL:         SARMCM3.DLL V5.39.0.0
Dialog DLL:      DCM.DLL V1.17.5.0
Target DLL:      STLink\ST-LINKIII-KEIL_SWO.dll V3.2.0.0
Dialog DLL:      TCM.DLL V1.56.4.0
 
<h2>Project:</h2>
D:\Coding\STM32_Learning\STM32F4\F407IGT6-R200_RFID\MDK-ARM\F407IGT6-BASE.uvprojx
Project File Date:  06/04/2024

<h2>Output:</h2>
*** Using Compiler 'V6.21', folder: 'C:\Keil_v5\ARM\ARMCLANG\Bin'
Build target 'F407IGT6-BASE'
compiling usart_drive.c...
linking...
Program Size: Code=13912 RO-data=1020 RW-data=24 ZI-data=17780  
FromELF: creating hex file...
F407IGT6-BASE\F407IGT6-BASE.hex: Warning: Q9931W: Your license for feature Keil will expire in 23 days
Finished: 0 information, 1 warning and 0 error messages.
"F407IGT6-BASE\F407IGT6-BASE.axf" - 0 Error(s), 0 Warning(s).

<h2>Software Packages used:</h2>

Package Vendor: ARM
                http://www.keil.com/pack/ARM.CMSIS.5.9.0.pack
                ARM::CMSIS@5.9.0
                CMSIS (Common Microcontroller Software Interface Standard)
   * Component: CORE Version: 5.6.0

Package Vendor: Keil
                https://www.keil.com/pack/Keil.ARM_Compiler.1.7.2.pack
                Keil::ARM_Compiler@1.7.2
                Keil ARM Compiler extensions for ARM Compiler 5 and ARM Compiler 6
   * Component: Event Recorder Variant: DAP Version: 1.5.1
   * Component: STDOUT Variant: EVR Version: 1.2.0

Package Vendor: Keil
                http://www.keil.com/pack/Keil.STM32F4xx_DFP.2.16.0.pack
                Keil::STM32F4xx_DFP@2.16.0
                STMicroelectronics STM32F4 Series Device Support, Drivers and Examples

<h2>Collection of Component include folders:</h2>
  ./RTE/Compiler
  ./RTE/_F407IGT6-BASE
  C:/Users/wallACE.ZHANG/AppData/Local/Arm/Packs/ARM/CMSIS/5.9.0/CMSIS/Core/Include
  C:/Users/wallACE.ZHANG/AppData/Local/Arm/Packs/Keil/ARM_Compiler/1.7.2/Include
  C:/Users/wallACE.ZHANG/AppData/Local/Arm/Packs/Keil/STM32F4xx_DFP/2.16.0/Drivers/CMSIS/Device/ST/STM32F4xx/Include

<h2>Collection of Component Files used:</h2>

   * Component: ARM::CMSIS:CORE@5.6.0
      Include file:  CMSIS/Core/Include/tz_context.h

   * Component: Keil::Compiler&ARM Compiler:Event Recorder&DAP@1.5.1
      Include file:  Include/EventRecorder.h
      Source file:   Source/EventRecorder.c
      Include file:  Config/EventRecorderConf.h

   * Component: Keil::Compiler&ARM Compiler:I/O:STDOUT&EVR@1.2.0
      Source file:   Source/retarget_io.c
Build Time Elapsed:  00:00:02
</pre>
</body>
</html>
