Component: Arm Compiler for Embedded 6.21 Tool: armlink [5ec1fa00]

==============================================================================

Section Cross References

    startup_stm32f103xe.o(RESET) refers to startup_stm32f103xe.o(STACK) for __initial_sp
    startup_stm32f103xe.o(RESET) refers to startup_stm32f103xe.o(.text) for Reset_Handler
    startup_stm32f103xe.o(RESET) refers to stm32f1xx_it.o(.text.NMI_Handler) for NMI_Handler
    startup_stm32f103xe.o(RESET) refers to stm32f1xx_it.o(.text.HardFault_Handler) for HardFault_Handler
    startup_stm32f103xe.o(RESET) refers to stm32f1xx_it.o(.text.MemManage_Handler) for MemManage_Handler
    startup_stm32f103xe.o(RESET) refers to stm32f1xx_it.o(.text.BusFault_Handler) for BusFault_Handler
    startup_stm32f103xe.o(RESET) refers to stm32f1xx_it.o(.text.UsageFault_Handler) for UsageFault_Handler
    startup_stm32f103xe.o(RESET) refers to stm32f1xx_it.o(.text.SVC_Handler) for SVC_Handler
    startup_stm32f103xe.o(RESET) refers to stm32f1xx_it.o(.text.DebugMon_Handler) for DebugMon_Handler
    startup_stm32f103xe.o(RESET) refers to stm32f1xx_it.o(.text.PendSV_Handler) for PendSV_Handler
    startup_stm32f103xe.o(RESET) refers to stm32f1xx_it.o(.text.SysTick_Handler) for SysTick_Handler
    startup_stm32f103xe.o(RESET) refers to myusartdrive_reg.o(.text.DMA1_Channel4_IRQHandler) for DMA1_Channel4_IRQHandler
    startup_stm32f103xe.o(RESET) refers to myusartdrive_reg.o(.text.DMA1_Channel5_IRQHandler) for DMA1_Channel5_IRQHandler
    startup_stm32f103xe.o(RESET) refers to mycandrive_reg.o(.text.USB_HP_CAN1_TX_IRQHandler) for USB_HP_CAN1_TX_IRQHandler
    startup_stm32f103xe.o(RESET) refers to mycandrive_reg.o(.text.CAN1_RX1_IRQHandler) for CAN1_RX1_IRQHandler
    startup_stm32f103xe.o(RESET) refers to myusartdrive_reg.o(.text.USART1_IRQHandler) for USART1_IRQHandler
    startup_stm32f103xe.o(.text) refers to system_stm32f1xx.o(.text.SystemInit) for SystemInit
    startup_stm32f103xe.o(.text) refers to entry.o(.ARM.Collect$$$$00000000) for __main
    main.o(.text.main) refers to retarget_rtt.o(.text.Retarget_RTT_Init) for Retarget_RTT_Init
    main.o(.text.main) refers to main.o(.rodata.str1.1) for .L.str.1
    main.o(.text.main) refers to printf3.o(i.__0printf$3) for __2printf
    main.o(.text.main) refers to main.o(.text.SystemClock_Config) for SystemClock_Config
    main.o(.text.main) refers to gpio.o(.text.MX_GPIO_Init) for MX_GPIO_Init
    main.o(.text.main) refers to bsp_systick.o(.text.SysTick_Init) for SysTick_Init
    main.o(.text.main) refers to myusartdrive_reg.o(.text.USART1_Configure) for USART1_Configure
    main.o(.text.main) refers to bsp_systick.o(.text.SysTick_GetTicks) for SysTick_GetTicks
    main.o(.text.main) refers to multitimer.o(.text.MultiTimerInstall) for MultiTimerInstall
    main.o(.text.main) refers to main.o(.bss..L_MergedGlobals) for .L_MergedGlobals
    main.o(.text.main) refers to main.o(.text.Timer1_Callback) for Timer1_Callback
    main.o(.text.main) refers to multitimer.o(.text.MultiTimerStart) for MultiTimerStart
    main.o(.text.main) refers to main.o(.text.Timer2_Callback) for Timer2_Callback
    main.o(.text.main) refers to multitimer.o(.text.MultiTimerYield) for MultiTimerYield
    main.o(.ARM.exidx.text.main) refers to main.o(.text.main) for [Anonymous Symbol]
    main.o(.text.SystemClock_Config) refers to stm32f1xx_ll_utils.o(.text.LL_Init1msTick) for LL_Init1msTick
    main.o(.text.SystemClock_Config) refers to stm32f1xx_ll_utils.o(.text.LL_SetSystemCoreClock) for LL_SetSystemCoreClock
    main.o(.ARM.exidx.text.SystemClock_Config) refers to main.o(.text.SystemClock_Config) for [Anonymous Symbol]
    main.o(.text.Timer1_Callback) refers to myusartdrive_reg.o(.text.USART1_Module_Run) for USART1_Module_Run
    main.o(.text.Timer1_Callback) refers to multitimer.o(.text.MultiTimerStart) for MultiTimerStart
    main.o(.ARM.exidx.text.Timer1_Callback) refers to main.o(.text.Timer1_Callback) for [Anonymous Symbol]
    main.o(.text.Timer2_Callback) refers to myusartdrive_reg.o(.text.USART1_Put_TxData_To_Ringbuffer) for USART1_Put_TxData_To_Ringbuffer
    main.o(.text.Timer2_Callback) refers to main.o(.rodata.str1.1) for .L.str.1
    main.o(.text.Timer2_Callback) refers to printf3.o(i.__0printf$3) for __2printf
    main.o(.text.Timer2_Callback) refers to multitimer.o(.text.MultiTimerStart) for MultiTimerStart
    main.o(.ARM.exidx.text.Timer2_Callback) refers to main.o(.text.Timer2_Callback) for [Anonymous Symbol]
    main.o(.ARM.exidx.text.Error_Handler) refers to main.o(.text.Error_Handler) for [Anonymous Symbol]
    gpio.o(.text.MX_GPIO_Init) refers to stm32f1xx_ll_gpio.o(.text.LL_GPIO_Init) for LL_GPIO_Init
    gpio.o(.ARM.exidx.text.MX_GPIO_Init) refers to gpio.o(.text.MX_GPIO_Init) for [Anonymous Symbol]
    stm32f1xx_it.o(.ARM.exidx.text.NMI_Handler) refers to stm32f1xx_it.o(.text.NMI_Handler) for [Anonymous Symbol]
[...]
    entry.o(.ARM.Collect$$$$00000000) refers (Special) to entry9a.o(.ARM.Collect$$$$0000000B) for _main_init
    entry.o(.ARM.Collect$$$$00000000) refers (Special) to entry5.o(.ARM.Collect$$$$00000004) for _main_scatterload
    entry.o(.ARM.Collect$$$$00000000) refers (Special) to entry2.o(.ARM.Collect$$$$00000001) for _main_stk
    printfb.o(i.__0fprintf$bare) refers to printfb.o(i._printf_core) for _printf_core
    printfb.o(i.__0fprintf$bare) refers to retarget_rtt.o(.text.fputc) for fputc
    printfb.o(i.__0printf$bare) refers to printfb.o(i._printf_core) for _printf_core
    printfb.o(i.__0printf$bare) refers to retarget_rtt.o(.text.fputc) for fputc
    printfb.o(i.__0printf$bare) refers to stdout.o(.data) for __stdout
    printfb.o(i.__0snprintf$bare) refers to printfb.o(i._printf_core) for _printf_core
    printfb.o(i.__0snprintf$bare) refers to printfb.o(i._snputc) for _snputc
    printfb.o(i.__0sprintf$bare) refers to printfb.o(i._printf_core) for _printf_core
    printfb.o(i.__0sprintf$bare) refers to printfb.o(i._sputc) for _sputc
    printfb.o(i.__0vfprintf$bare) refers to printfb.o(i._printf_core) for _printf_core
    printfb.o(i.__0vfprintf$bare) refers to retarget_rtt.o(.text.fputc) for fputc
    printfb.o(i.__0vprintf$bare) refers to printfb.o(i._printf_core) for _printf_core
    printfb.o(i.__0vprintf$bare) refers to retarget_rtt.o(.text.fputc) for fputc
    printfb.o(i.__0vprintf$bare) refers to stdout.o(.data) for __stdout
    printfb.o(i.__0vsnprintf$bare) refers to printfb.o(i._printf_core) for _printf_core
    printfb.o(i.__0vsnprintf$bare) refers to printfb.o(i._snputc) for _snputc
    printfb.o(i.__0vsprintf$bare) refers to printfb.o(i._printf_core) for _printf_core
    printfb.o(i.__0vsprintf$bare) refers to printfb.o(i._sputc) for _sputc
    printf0.o(i.__0fprintf$0) refers to printf0.o(i._printf_core) for _printf_core
    printf0.o(i.__0fprintf$0) refers to retarget_rtt.o(.text.fputc) for fputc
    printf0.o(i.__0printf$0) refers to printf0.o(i._printf_core) for _printf_core
    printf0.o(i.__0printf$0) refers to retarget_rtt.o(.text.fputc) for fputc
    printf0.o(i.__0printf$0) refers to stdout.o(.data) for __stdout
    printf0.o(i.__0snprintf$0) refers to printf0.o(i._printf_core) for _printf_core
    printf0.o(i.__0snprintf$0) refers to printf0.o(i._snputc) for _snputc
    printf0.o(i.__0sprintf$0) refers to printf0.o(i._printf_core) for _printf_core
    printf0.o(i.__0sprintf$0) refers to printf0.o(i._sputc) for _sputc
    printf0.o(i.__0vfprintf$0) refers to printf0.o(i._printf_core) for _printf_core
    printf0.o(i.__0vfprintf$0) refers to retarget_rtt.o(.text.fputc) for fputc
    printf0.o(i.__0vprintf$0) refers to printf0.o(i._printf_core) for _printf_core
    printf0.o(i.__0vprintf$0) refers to retarget_rtt.o(.text.fputc) for fputc
    printf0.o(i.__0vprintf$0) refers to stdout.o(.data) for __stdout
    printf0.o(i.__0vsnprintf$0) refers to printf0.o(i._printf_core) for _printf_core
    printf0.o(i.__0vsnprintf$0) refers to printf0.o(i._snputc) for _snputc
    printf0.o(i.__0vsprintf$0) refers to printf0.o(i._printf_core) for _printf_core
    printf0.o(i.__0vsprintf$0) refers to printf0.o(i._sputc) for _sputc
    printf1.o(i.__0fprintf$1) refers to printf1.o(i._printf_core) for _printf_core
    printf1.o(i.__0fprintf$1) refers to retarget_rtt.o(.text.fputc) for fputc
    printf1.o(i.__0printf$1) refers to printf1.o(i._printf_core) for _printf_core
    printf1.o(i.__0printf$1) refers to retarget_rtt.o(.text.fputc) for fputc
    printf1.o(i.__0printf$1) refers to stdout.o(.data) for __stdout
    printf1.o(i.__0snprintf$1) refers to printf1.o(i._printf_core) for _printf_core
    printf1.o(i.__0snprintf$1) refers to printf1.o(i._snputc) for _snputc
    printf1.o(i.__0sprintf$1) refers to printf1.o(i._printf_core) for _printf_core
    printf1.o(i.__0sprintf$1) refers to printf1.o(i._sputc) for _sputc
    printf1.o(i.__0vfprintf$1) refers to printf1.o(i._printf_core) for _printf_core
    printf1.o(i.__0vfprintf$1) refers to retarget_rtt.o(.text.fputc) for fputc
    printf1.o(i.__0vprintf$1) refers to printf1.o(i._printf_core) for _printf_core
    printf1.o(i.__0vprintf$1) refers to retarget_rtt.o(.text.fputc) for fputc
    printf1.o(i.__0vprintf$1) refers to stdout.o(.data) for __stdout
    printf1.o(i.__0vsnprintf$1) refers to printf1.o(i._printf_core) for _printf_core
    printf1.o(i.__0vsnprintf$1) refers to printf1.o(i._snputc) for _snputc
    printf1.o(i.__0vsprintf$1) refers to printf1.o(i._printf_core) for _printf_core
    printf1.o(i.__0vsprintf$1) refers to printf1.o(i._sputc) for _sputc
    printf1.o(i._printf_core) refers to uidiv.o(.text) for __aeabi_uidivmod
    printf2.o(i.__0fprintf$2) refers to printf2.o(i._printf_core) for _printf_core
    printf2.o(i.__0fprintf$2) refers to retarget_rtt.o(.text.fputc) for fputc
    printf2.o(i.__0printf$2) refers to printf2.o(i._printf_core) for _printf_core
    printf2.o(i.__0printf$2) refers to retarget_rtt.o(.text.fputc) for fputc
    printf2.o(i.__0printf$2) refers to stdout.o(.data) for __stdout
    printf2.o(i.__0snprintf$2) refers to printf2.o(i._printf_core) for _printf_core
    printf2.o(i.__0snprintf$2) refers to printf2.o(i._snputc) for _snputc
    printf2.o(i.__0sprintf$2) refers to printf2.o(i._printf_core) for _printf_core
    printf2.o(i.__0sprintf$2) refers to printf2.o(i._sputc) for _sputc
    printf2.o(i.__0vfprintf$2) refers to printf2.o(i._printf_core) for _printf_core
    printf2.o(i.__0vfprintf$2) refers to retarget_rtt.o(.text.fputc) for fputc
    printf2.o(i.__0vprintf$2) refers to printf2.o(i._printf_core) for _printf_core
    printf2.o(i.__0vprintf$2) refers to retarget_rtt.o(.text.fputc) for fputc
    printf2.o(i.__0vprintf$2) refers to stdout.o(.data) for __stdout
    printf2.o(i.__0vsnprintf$2) refers to printf2.o(i._printf_core) for _printf_core
    printf2.o(i.__0vsnprintf$2) refers to printf2.o(i._snputc) for _snputc
    printf2.o(i.__0vsprintf$2) refers to printf2.o(i._printf_core) for _printf_core
    printf2.o(i.__0vsprintf$2) refers to printf2.o(i._sputc) for _sputc
    printf3.o(i.__0fprintf$3) refers to printf3.o(i._printf_core) for _printf_core
    printf3.o(i.__0fprintf$3) refers to retarget_rtt.o(.text.fputc) for fputc
    printf3.o(i.__0printf$3) refers to printf3.o(i._printf_core) for _printf_core
    printf3.o(i.__0printf$3) refers to retarget_rtt.o(.text.fputc) for fputc
    printf3.o(i.__0printf$3) refers to stdout.o(.data) for __stdout
    printf3.o(i.__0snprintf$3) refers to printf3.o(i._printf_core) for _printf_core
    printf3.o(i.__0snprintf$3) refers to printf3.o(i._snputc) for _snputc
    printf3.o(i.__0sprintf$3) refers to printf3.o(i._printf_core) for _printf_core
    printf3.o(i.__0sprintf$3) refers to printf3.o(i._sputc) for _sputc
    printf3.o(i.__0vfprintf$3) refers to printf3.o(i._printf_core) for _printf_core
    printf3.o(i.__0vfprintf$3) refers to retarget_rtt.o(.text.fputc) for fputc
    printf3.o(i.__0vprintf$3) refers to printf3.o(i._printf_core) for _printf_core
    printf3.o(i.__0vprintf$3) refers to retarget_rtt.o(.text.fputc) for fputc
    printf3.o(i.__0vprintf$3) refers to stdout.o(.data) for __stdout
    printf3.o(i.__0vsnprintf$3) refers to printf3.o(i._printf_core) for _printf_core
    printf3.o(i.__0vsnprintf$3) refers to printf3.o(i._snputc) for _snputc
    printf3.o(i.__0vsprintf$3) refers to printf3.o(i._printf_core) for _printf_core
    printf3.o(i.__0vsprintf$3) refers to printf3.o(i._sputc) for _sputc
    printf3.o(i._printf_core) refers to uidiv.o(.text) for __aeabi_uidivmod
    printf4.o(i.__0fprintf$4) refers to printf4.o(i._printf_core) for _printf_core
    printf4.o(i.__0fprintf$4) refers to retarget_rtt.o(.text.fputc) for fputc
    printf4.o(i.__0printf$4) refers to printf4.o(i._printf_core) for _printf_core
    printf4.o(i.__0printf$4) refers to retarget_rtt.o(.text.fputc) for fputc
    printf4.o(i.__0printf$4) refers to stdout.o(.data) for __stdout
    printf4.o(i.__0snprintf$4) refers to printf4.o(i._printf_core) for _printf_core
    printf4.o(i.__0snprintf$4) refers to printf4.o(i._snputc) for _snputc
    printf4.o(i.__0sprintf$4) refers to printf4.o(i._printf_core) for _printf_core
    printf4.o(i.__0sprintf$4) refers to printf4.o(i._sputc) for _sputc
    printf4.o(i.__0vfprintf$4) refers to printf4.o(i._printf_core) for _printf_core
    printf4.o(i.__0vfprintf$4) refers to retarget_rtt.o(.text.fputc) for fputc
    printf4.o(i.__0vprintf$4) refers to printf4.o(i._printf_core) for _printf_core
    printf4.o(i.__0vprintf$4) refers to retarget_rtt.o(.text.fputc) for fputc
    printf4.o(i.__0vprintf$4) refers to stdout.o(.data) for __stdout
    printf4.o(i.__0vsnprintf$4) refers to printf4.o(i._printf_core) for _printf_core
    printf4.o(i.__0vsnprintf$4) refers to printf4.o(i._snputc) for _snputc
    printf4.o(i.__0vsprintf$4) refers to printf4.o(i._printf_core) for _printf_core
    printf4.o(i.__0vsprintf$4) refers to printf4.o(i._sputc) for _sputc
    printf4.o(i._printf_core) refers to uldiv.o(.text) for __aeabi_uldivmod
    printf5.o(i.__0fprintf$5) refers to printf5.o(i._printf_core) for _printf_core
    printf5.o(i.__0fprintf$5) refers to retarget_rtt.o(.text.fputc) for fputc
    printf5.o(i.__0printf$5) refers to printf5.o(i._printf_core) for _printf_core
    printf5.o(i.__0printf$5) refers to retarget_rtt.o(.text.fputc) for fputc
    printf5.o(i.__0printf$5) refers to stdout.o(.data) for __stdout
    printf5.o(i.__0snprintf$5) refers to printf5.o(i._printf_core) for _printf_core
    printf5.o(i.__0snprintf$5) refers to printf5.o(i._snputc) for _snputc
    printf5.o(i.__0sprintf$5) refers to printf5.o(i._printf_core) for _printf_core
    printf5.o(i.__0sprintf$5) refers to printf5.o(i._sputc) for _sputc
    printf5.o(i.__0vfprintf$5) refers to printf5.o(i._printf_core) for _printf_core
    printf5.o(i.__0vfprintf$5) refers to retarget_rtt.o(.text.fputc) for fputc
    printf5.o(i.__0vprintf$5) refers to printf5.o(i._printf_core) for _printf_core
    printf5.o(i.__0vprintf$5) refers to retarget_rtt.o(.text.fputc) for fputc
    printf5.o(i.__0vprintf$5) refers to stdout.o(.data) for __stdout
    printf5.o(i.__0vsnprintf$5) refers to printf5.o(i._printf_core) for _printf_core
    printf5.o(i.__0vsnprintf$5) refers to printf5.o(i._snputc) for _snputc
    printf5.o(i.__0vsprintf$5) refers to printf5.o(i._printf_core) for _printf_core
    printf5.o(i.__0vsprintf$5) refers to printf5.o(i._sputc) for _sputc
    printf5.o(i._printf_core) refers to uldiv.o(.text) for __aeabi_uldivmod
    printf6.o(i.__0fprintf$6) refers to printf6.o(i._printf_core) for _printf_core
    printf6.o(i.__0fprintf$6) refers to retarget_rtt.o(.text.fputc) for fputc
    printf6.o(i.__0printf$6) refers to printf6.o(i._printf_core) for _printf_core
    printf6.o(i.__0printf$6) refers to retarget_rtt.o(.text.fputc) for fputc
    printf6.o(i.__0printf$6) refers to stdout.o(.data) for __stdout
    printf6.o(i.__0snprintf$6) refers to printf6.o(i._printf_core) for _printf_core
    printf6.o(i.__0snprintf$6) refers to printf6.o(i._snputc) for _snputc
    printf6.o(i.__0sprintf$6) refers to printf6.o(i._printf_core) for _printf_core
    printf6.o(i.__0sprintf$6) refers to printf6.o(i._sputc) for _sputc
    printf6.o(i.__0vfprintf$6) refers to printf6.o(i._printf_core) for _printf_core
    printf6.o(i.__0vfprintf$6) refers to retarget_rtt.o(.text.fputc) for fputc
    printf6.o(i.__0vprintf$6) refers to printf6.o(i._printf_core) for _printf_core
    printf6.o(i.__0vprintf$6) refers to retarget_rtt.o(.text.fputc) for fputc
    printf6.o(i.__0vprintf$6) refers to stdout.o(.data) for __stdout
    printf6.o(i.__0vsnprintf$6) refers to printf6.o(i._printf_core) for _printf_core
    printf6.o(i.__0vsnprintf$6) refers to printf6.o(i._snputc) for _snputc
    printf6.o(i.__0vsprintf$6) refers to printf6.o(i._printf_core) for _printf_core
    printf6.o(i.__0vsprintf$6) refers to printf6.o(i._sputc) for _sputc
    printf6.o(i._printf_core) refers to printf6.o(i._printf_pre_padding) for _printf_pre_padding
    printf6.o(i._printf_core) refers to uidiv.o(.text) for __aeabi_uidivmod
    printf6.o(i._printf_core) refers to printf6.o(i._printf_post_padding) for _printf_post_padding
    printf7.o(i.__0fprintf$7) refers to printf7.o(i._printf_core) for _printf_core
    printf7.o(i.__0fprintf$7) refers to retarget_rtt.o(.text.fputc) for fputc
    printf7.o(i.__0printf$7) refers to printf7.o(i._printf_core) for _printf_core
    printf7.o(i.__0printf$7) refers to retarget_rtt.o(.text.fputc) for fputc
    printf7.o(i.__0printf$7) refers to stdout.o(.data) for __stdout
    printf7.o(i.__0snprintf$7) refers to printf7.o(i._printf_core) for _printf_core
    printf7.o(i.__0snprintf$7) refers to printf7.o(i._snputc) for _snputc
    printf7.o(i.__0sprintf$7) refers to printf7.o(i._printf_core) for _printf_core
    printf7.o(i.__0sprintf$7) refers to printf7.o(i._sputc) for _sputc
    printf7.o(i.__0vfprintf$7) refers to printf7.o(i._printf_core) for _printf_core
    printf7.o(i.__0vfprintf$7) refers to retarget_rtt.o(.text.fputc) for fputc
    printf7.o(i.__0vprintf$7) refers to printf7.o(i._printf_core) for _printf_core
    printf7.o(i.__0vprintf$7) refers to retarget_rtt.o(.text.fputc) for fputc
    printf7.o(i.__0vprintf$7) refers to stdout.o(.data) for __stdout
    printf7.o(i.__0vsnprintf$7) refers to printf7.o(i._printf_core) for _printf_core
    printf7.o(i.__0vsnprintf$7) refers to printf7.o(i._snputc) for _snputc
    printf7.o(i.__0vsprintf$7) refers to printf7.o(i._printf_core) for _printf_core
    printf7.o(i.__0vsprintf$7) refers to printf7.o(i._sputc) for _sputc
    printf7.o(i._printf_core) refers to printf7.o(i._printf_pre_padding) for _printf_pre_padding
    printf7.o(i._printf_core) refers to uldiv.o(.text) for __aeabi_uldivmod
    printf7.o(i._printf_core) refers to printf7.o(i._printf_post_padding) for _printf_post_padding
    printf8.o(i.__0fprintf$8) refers to printf8.o(i._printf_core) for _printf_core
    printf8.o(i.__0fprintf$8) refers to retarget_rtt.o(.text.fputc) for fputc
    printf8.o(i.__0printf$8) refers to printf8.o(i._printf_core) for _printf_core
    printf8.o(i.__0printf$8) refers to retarget_rtt.o(.text.fputc) for fputc
    printf8.o(i.__0printf$8) refers to stdout.o(.data) for __stdout
    printf8.o(i.__0snprintf$8) refers to printf8.o(i._printf_core) for _printf_core
    printf8.o(i.__0snprintf$8) refers to printf8.o(i._snputc) for _snputc
    printf8.o(i.__0sprintf$8) refers to printf8.o(i._printf_core) for _printf_core
    printf8.o(i.__0sprintf$8) refers to printf8.o(i._sputc) for _sputc
    printf8.o(i.__0vfprintf$8) refers to printf8.o(i._printf_core) for _printf_core
    printf8.o(i.__0vfprintf$8) refers to retarget_rtt.o(.text.fputc) for fputc
    printf8.o(i.__0vprintf$8) refers to printf8.o(i._printf_core) for _printf_core
    printf8.o(i.__0vprintf$8) refers to retarget_rtt.o(.text.fputc) for fputc
    printf8.o(i.__0vprintf$8) refers to stdout.o(.data) for __stdout
    printf8.o(i.__0vsnprintf$8) refers to printf8.o(i._printf_core) for _printf_core
    printf8.o(i.__0vsnprintf$8) refers to printf8.o(i._snputc) for _snputc
    printf8.o(i.__0vsprintf$8) refers to printf8.o(i._printf_core) for _printf_core
    printf8.o(i.__0vsprintf$8) refers to printf8.o(i._sputc) for _sputc
    printf8.o(i._printf_core) refers to printf8.o(i._printf_pre_padding) for _printf_pre_padding
    printf8.o(i._printf_core) refers to uldiv.o(.text) for __aeabi_uldivmod
    printf8.o(i._printf_core) refers to printf8.o(i._printf_post_padding) for _printf_post_padding
    printfa.o(i.__0fprintf) refers (Special) to iusefp.o(.text) for __I$use$fp
    printfa.o(i.__0fprintf) refers to printfa.o(i._printf_core) for _printf_core
    printfa.o(i.__0fprintf) refers to retarget_rtt.o(.text.fputc) for fputc
    printfa.o(i.__0printf) refers (Special) to iusefp.o(.text) for __I$use$fp
    printfa.o(i.__0printf) refers to printfa.o(i._printf_core) for _printf_core
    printfa.o(i.__0printf) refers to retarget_rtt.o(.text.fputc) for fputc
    printfa.o(i.__0printf) refers to stdout.o(.data) for __stdout
    printfa.o(i.__0snprintf) refers (Special) to iusefp.o(.text) for __I$use$fp
    printfa.o(i.__0snprintf) refers to printfa.o(i._printf_core) for _printf_core
    printfa.o(i.__0snprintf) refers to printfa.o(i._snputc) for _snputc
    printfa.o(i.__0sprintf) refers (Special) to iusefp.o(.text) for __I$use$fp
    printfa.o(i.__0sprintf) refers to printfa.o(i._printf_core) for _printf_core
    printfa.o(i.__0sprintf) refers to printfa.o(i._sputc) for _sputc
    printfa.o(i.__0vfprintf) refers (Special) to iusefp.o(.text) for __I$use$fp
    printfa.o(i.__0vfprintf) refers to printfa.o(i._printf_core) for _printf_core
    printfa.o(i.__0vfprintf) refers to retarget_rtt.o(.text.fputc) for fputc
    printfa.o(i.__0vprintf) refers (Special) to iusefp.o(.text) for __I$use$fp
    printfa.o(i.__0vprintf) refers to printfa.o(i._printf_core) for _printf_core
    printfa.o(i.__0vprintf) refers to retarget_rtt.o(.text.fputc) for fputc
    printfa.o(i.__0vprintf) refers to stdout.o(.data) for __stdout
    printfa.o(i.__0vsnprintf) refers (Special) to iusefp.o(.text) for __I$use$fp
    printfa.o(i.__0vsnprintf) refers to printfa.o(i._printf_core) for _printf_core
    printfa.o(i.__0vsnprintf) refers to printfa.o(i._snputc) for _snputc
    printfa.o(i.__0vsprintf) refers (Special) to iusefp.o(.text) for __I$use$fp
    printfa.o(i.__0vsprintf) refers to printfa.o(i._printf_core) for _printf_core
    printfa.o(i.__0vsprintf) refers to printfa.o(i._sputc) for _sputc
    printfa.o(i._fp_digits) refers (Special) to iusefp.o(.text) for __I$use$fp
    printfa.o(i._fp_digits) refers to dmul.o(.text) for __aeabi_dmul
    printfa.o(i._fp_digits) refers to ddiv.o(.text) for __aeabi_ddiv
    printfa.o(i._fp_digits) refers to cdrcmple.o(.text) for __aeabi_cdrcmple
    printfa.o(i._fp_digits) refers to dadd.o(.text) for __aeabi_dadd
    printfa.o(i._fp_digits) refers to dfixul.o(.text) for __aeabi_d2ulz
    printfa.o(i._fp_digits) refers to uldiv.o(.text) for __aeabi_uldivmod
    printfa.o(i._printf_core) refers (Special) to iusefp.o(.text) for __I$use$fp
    printfa.o(i._printf_core) refers to printfa.o(i._printf_pre_padding) for _printf_pre_padding
    printfa.o(i._printf_core) refers to uldiv.o(.text) for __aeabi_uldivmod
    printfa.o(i._printf_core) refers to printfa.o(i._printf_post_padding) for _printf_post_padding
    printfa.o(i._printf_core) refers to printfa.o(i._fp_digits) for _fp_digits
    printfa.o(i._printf_core) refers to uidiv.o(.text) for __aeabi_uidivmod
    printfa.o(i._printf_post_padding) refers (Special) to iusefp.o(.text) for __I$use$fp
    printfa.o(i._printf_pre_padding) refers (Special) to iusefp.o(.text) for __I$use$fp
    printfa.o(i._snputc) refers (Special) to iusefp.o(.text) for __I$use$fp
    printfa.o(i._sputc) refers (Special) to iusefp.o(.text) for __I$use$fp
    entry2.o(.ARM.Collect$$$$00000001) refers to entry2.o(.ARM.Collect$$$$00002712) for __lit__00000000
    entry2.o(.ARM.Collect$$$$00002712) refers to startup_stm32f103xe.o(STACK) for __initial_sp
    entry2.o(__vectab_stack_and_reset_area) refers to startup_stm32f103xe.o(STACK) for __initial_sp
    entry2.o(__vectab_stack_and_reset_area) refers to entry.o(.ARM.Collect$$$$00000000) for __main
    entry5.o(.ARM.Collect$$$$00000004) refers to init.o(.text) for __scatterload
    entry9a.o(.ARM.Collect$$$$0000000B) refers to main.o(.text.main) for main
    entry9b.o(.ARM.Collect$$$$0000000C) refers to main.o(.text.main) for main
    uldiv.o(.text) refers to llushr.o(.text) for __aeabi_llsr
    uldiv.o(.text) refers to llshl.o(.text) for __aeabi_llsl
    dadd.o(.text) refers (Special) to iusefp.o(.text) for __I$use$fp
    dadd.o(.text) refers to llshl.o(.text) for __aeabi_llsl
    dadd.o(.text) refers to llsshr.o(.text) for __aeabi_lasr
    dadd.o(.text) refers to depilogue.o(.text) for _double_epilogue
    dmul.o(.text) refers (Special) to iusefp.o(.text) for __I$use$fp
    dmul.o(.text) refers to depilogue.o(.text) for _double_epilogue
    ddiv.o(.text) refers (Special) to iusefp.o(.text) for __I$use$fp
    ddiv.o(.text) refers to depilogue.o(.text) for _double_round
    dfixul.o(.text) refers (Special) to iusefp.o(.text) for __I$use$fp
    dfixul.o(.text) refers to llushr.o(.text) for __aeabi_llsr
    dfixul.o(.text) refers to llshl.o(.text) for __aeabi_llsl
    cdrcmple.o(.text) refers (Special) to iusefp.o(.text) for __I$use$fp
    init.o(.text) refers to entry5.o(.ARM.Collect$$$$00000004) for __main_after_scatterload
    depilogue.o(.text) refers (Special) to iusefp.o(.text) for __I$use$fp
    depilogue.o(.text) refers to llshl.o(.text) for __aeabi_llsl
    depilogue.o(.text) refers to llushr.o(.text) for __aeabi_llsr


==============================================================================

Removing Unused input sections from the image.

    Removing startup_stm32f103xe.o(HEAP), (512 bytes).
    Removing main.o(.text), (0 bytes).
    Removing main.o(.ARM.exidx.text.main), (8 bytes).
    Removing main.o(.ARM.exidx.text.SystemClock_Config), (8 bytes).
    Removing main.o(.ARM.exidx.text.Timer1_Callback), (8 bytes).
    Removing main.o(.ARM.exidx.text.Timer2_Callback), (8 bytes).
    Removing main.o(.ARM.exidx.text.Error_Handler), (8 bytes).
    Removing main.o(.ARM.use_no_argv), (4 bytes).
    Removing gpio.o(.text), (0 bytes).
    Removing gpio.o(.ARM.exidx.text.MX_GPIO_Init), (8 bytes).
    Removing stm32f1xx_it.o(.text), (0 bytes).
    Removing stm32f1xx_it.o(.ARM.exidx.text.NMI_Handler), (8 bytes).
    Removing stm32f1xx_it.o(.ARM.exidx.text.HardFault_Handler), (8 bytes).
    Removing stm32f1xx_it.o(.ARM.exidx.text.MemManage_Handler), (8 bytes).
    Removing stm32f1xx_it.o(.ARM.exidx.text.BusFault_Handler), (8 bytes).
    Removing stm32f1xx_it.o(.ARM.exidx.text.UsageFault_Handler), (8 bytes).
    Removing stm32f1xx_it.o(.ARM.exidx.text.SVC_Handler), (8 bytes).
    Removing stm32f1xx_it.o(.ARM.exidx.text.DebugMon_Handler), (8 bytes).
    Removing stm32f1xx_it.o(.ARM.exidx.text.PendSV_Handler), (8 bytes).
    Removing stm32f1xx_it.o(.ARM.exidx.text.SysTick_Handler), (8 bytes).
    Removing stm32f1xx_ll_gpio.o(.text), (0 bytes).
    Removing stm32f1xx_ll_gpio.o(.text.LL_GPIO_DeInit), (116 bytes).
    Removing stm32f1xx_ll_gpio.o(.ARM.exidx.text.LL_GPIO_DeInit), (8 bytes).
    Removing stm32f1xx_ll_gpio.o(.ARM.exidx.text.LL_GPIO_Init), (8 bytes).
    Removing stm32f1xx_ll_gpio.o(.text.LL_GPIO_StructInit), (22 bytes).
    Removing stm32f1xx_ll_gpio.o(.ARM.exidx.text.LL_GPIO_StructInit), (8 bytes).
    Removing stm32f1xx_ll_pwr.o(.text), (0 bytes).
    Removing stm32f1xx_ll_pwr.o(.text.LL_PWR_DeInit), (28 bytes).
    Removing stm32f1xx_ll_pwr.o(.ARM.exidx.text.LL_PWR_DeInit), (8 bytes).
    Removing stm32f1xx_ll_exti.o(.text), (0 bytes).
    Removing stm32f1xx_ll_exti.o(.text.LL_EXTI_DeInit), (32 bytes).
    Removing stm32f1xx_ll_exti.o(.ARM.exidx.text.LL_EXTI_DeInit), (8 bytes).
    Removing stm32f1xx_ll_exti.o(.text.LL_EXTI_Init), (186 bytes).
    Removing stm32f1xx_ll_exti.o(.ARM.exidx.text.LL_EXTI_Init), (8 bytes).
    Removing stm32f1xx_ll_exti.o(.text.LL_EXTI_StructInit), (12 bytes).
    Removing stm32f1xx_ll_exti.o(.ARM.exidx.text.LL_EXTI_StructInit), (8 bytes).
    Removing stm32f1xx_ll_rcc.o(.text), (0 bytes).
    Removing stm32f1xx_ll_rcc.o(.text.LL_RCC_DeInit), (154 bytes).
    Removing stm32f1xx_ll_rcc.o(.ARM.exidx.text.LL_RCC_DeInit), (8 bytes).
    Removing stm32f1xx_ll_rcc.o(.text.LL_RCC_GetSystemClocksFreq), (140 bytes).
    Removing stm32f1xx_ll_rcc.o(.ARM.exidx.text.LL_RCC_GetSystemClocksFreq), (8 bytes).
    Removing stm32f1xx_ll_rcc.o(.text.RCC_GetSystemClockFreq), (68 bytes).
    Removing stm32f1xx_ll_rcc.o(.ARM.exidx.text.RCC_GetSystemClockFreq), (8 bytes).
    Removing stm32f1xx_ll_rcc.o(.text.RCC_GetHCLKClockFreq), (28 bytes).
    Removing stm32f1xx_ll_rcc.o(.ARM.exidx.text.RCC_GetHCLKClockFreq), (8 bytes).
    Removing stm32f1xx_ll_rcc.o(.text.RCC_GetPCLK1ClockFreq), (28 bytes).
    Removing stm32f1xx_ll_rcc.o(.ARM.exidx.text.RCC_GetPCLK1ClockFreq), (8 bytes).
    Removing stm32f1xx_ll_rcc.o(.text.RCC_GetPCLK2ClockFreq), (28 bytes).
    Removing stm32f1xx_ll_rcc.o(.ARM.exidx.text.RCC_GetPCLK2ClockFreq), (8 bytes).
    Removing stm32f1xx_ll_rcc.o(.text.LL_RCC_GetUSBClockFreq), (138 bytes).
    Removing stm32f1xx_ll_rcc.o(.ARM.exidx.text.LL_RCC_GetUSBClockFreq), (8 bytes).
    Removing stm32f1xx_ll_rcc.o(.text.RCC_PLL_GetFreqDomain_SYS), (56 bytes).
    Removing stm32f1xx_ll_rcc.o(.ARM.exidx.text.RCC_PLL_GetFreqDomain_SYS), (8 bytes).
    Removing stm32f1xx_ll_rcc.o(.text.LL_RCC_GetADCClockFreq), (150 bytes).
    Removing stm32f1xx_ll_rcc.o(.ARM.exidx.text.LL_RCC_GetADCClockFreq), (8 bytes).
    Removing stm32f1xx_ll_utils.o(.text), (0 bytes).
    Removing stm32f1xx_ll_utils.o(.ARM.exidx.text.LL_Init1msTick), (8 bytes).
    Removing stm32f1xx_ll_utils.o(.ARM.exidx.text.LL_mDelay), (8 bytes).
    Removing stm32f1xx_ll_utils.o(.ARM.exidx.text.LL_SetSystemCoreClock), (8 bytes).
    Removing stm32f1xx_ll_utils.o(.text.LL_SetFlashLatency), (88 bytes).
    Removing stm32f1xx_ll_utils.o(.ARM.exidx.text.LL_SetFlashLatency), (8 bytes).
    Removing stm32f1xx_ll_utils.o(.text.LL_PLL_ConfigSystemClock_HSI), (116 bytes).
    Removing stm32f1xx_ll_utils.o(.ARM.exidx.text.LL_PLL_ConfigSystemClock_HSI), (8 bytes).
    Removing stm32f1xx_ll_utils.o(.text.UTILS_EnablePLLAndSwitchSystem), (368 bytes).
    Removing stm32f1xx_ll_utils.o(.ARM.exidx.text.UTILS_EnablePLLAndSwitchSystem), (8 bytes).
    Removing stm32f1xx_ll_utils.o(.text.LL_PLL_ConfigSystemClock_HSE), (158 bytes).
    Removing stm32f1xx_ll_utils.o(.ARM.exidx.text.LL_PLL_ConfigSystemClock_HSE), (8 bytes).
    Removing system_stm32f1xx.o(.text), (0 bytes).
    Removing system_stm32f1xx.o(.ARM.exidx.text.SystemInit), (8 bytes).
    Removing system_stm32f1xx.o(.text.SystemCoreClockUpdate), (92 bytes).
    Removing system_stm32f1xx.o(.ARM.exidx.text.SystemCoreClockUpdate), (8 bytes).
    Removing system_stm32f1xx.o(.rodata.AHBPrescTable), (16 bytes).
    Removing system_stm32f1xx.o(.rodata.APBPrescTable), (8 bytes).
    Removing mycandrive_reg.o(.text), (0 bytes).
    Removing mycandrive_reg.o(.text.CAN_Config), (636 bytes).
    Removing mycandrive_reg.o(.ARM.exidx.text.CAN_Config), (8 bytes).
    Removing mycandrive_reg.o(.text.CAN_SendMessage_Blocking), (502 bytes).
    Removing mycandrive_reg.o(.ARM.exidx.text.CAN_SendMessage_Blocking), (8 bytes).
    Removing mycandrive_reg.o(.ARM.exidx.text.CAN_SendMessage_NonBlocking), (8 bytes).
    Removing mycandrive_reg.o(.text.CAN_Check_Error), (102 bytes).
    Removing mycandrive_reg.o(.ARM.exidx.text.CAN_Check_Error), (8 bytes).
    Removing mycandrive_reg.o(.text.CAN_BusOff_Recover), (20 bytes).
    Removing mycandrive_reg.o(.ARM.exidx.text.CAN_BusOff_Recover), (8 bytes).
    Removing mycandrive_reg.o(.text.CAN_Data_Process), (66 bytes).
    Removing mycandrive_reg.o(.ARM.exidx.text.CAN_Data_Process), (8 bytes).
    Removing mycandrive_reg.o(.text.CAN_Get_CANMsg_From_RB_To_TXMailBox_IT), (90 bytes).
    Removing mycandrive_reg.o(.ARM.exidx.text.CAN_Get_CANMsg_From_RB_To_TXMailBox_IT), (8 bytes).
    Removing mycandrive_reg.o(.text.CAN_Get_CANMsg_From_RB_To_TXMailBox), (136 bytes).
    Removing mycandrive_reg.o(.ARM.exidx.text.CAN_Get_CANMsg_From_RB_To_TXMailBox), (8 bytes).
    Removing mycandrive_reg.o(.text.CAN_Send_CAN_STD_Message), (88 bytes).
    Removing mycandrive_reg.o(.ARM.exidx.text.CAN_Send_CAN_STD_Message), (8 bytes).
    Removing mycandrive_reg.o(.ARM.exidx.text.USB_HP_CAN1_TX_IRQHandler), (8 bytes).
    Removing mycandrive_reg.o(.ARM.exidx.text.CAN1_RX1_IRQHandler), (8 bytes).
    Removing mycandrive_reg.o(.bss.gCanESR), (6 bytes).
    Removing mycandrive_reg.o(.bss.g_TxCount), (8 bytes).
    Removing mycandrive_reg.o(.bss.g_CanRxRBDataBuffer), (1800 bytes).
    Removing mycandrive_reg.o(.bss.g_CanTxRBDataBuffer), (800 bytes).
    Removing myusartdrive_reg.o(.text), (0 bytes).
    Removing myusartdrive_reg.o(.text.USART1_SendString_Blocking), (58 bytes).
    Removing myusartdrive_reg.o(.ARM.exidx.text.USART1_SendString_Blocking), (8 bytes).
    Removing myusartdrive_reg.o(.text.USART1_SendString_DMA), (152 bytes).
    Removing myusartdrive_reg.o(.ARM.exidx.text.USART1_SendString_DMA), (8 bytes).
    Removing myusartdrive_reg.o(.ARM.exidx.text.USART1_Put_TxData_To_Ringbuffer), (8 bytes).
    Removing myusartdrive_reg.o(.ARM.exidx.text.USART1_Module_Run), (8 bytes).
    Removing myusartdrive_reg.o(.ARM.exidx.text.USART1_Configure), (8 bytes).
    Removing myusartdrive_reg.o(.text.USART1_Reinit), (220 bytes).
    Removing myusartdrive_reg.o(.ARM.exidx.text.USART1_Reinit), (8 bytes).
    Removing myusartdrive_reg.o(.ARM.exidx.text.DMA1_Channel4_IRQHandler), (8 bytes).
    Removing myusartdrive_reg.o(.ARM.exidx.text.DMA1_Channel5_IRQHandler), (8 bytes).
    Removing myusartdrive_reg.o(.ARM.exidx.text.USART1_IRQHandler), (8 bytes).
    Removing myusartdrive_reg.o(.ARM.exidx.text.USART1_Put_Data_Into_Ringbuffer), (8 bytes).
    Removing bsp_systick.o(.text), (0 bytes).
    Removing bsp_systick.o(.ARM.exidx.text.SysTick_GetTicks), (8 bytes).
    Removing bsp_systick.o(.ARM.exidx.text.SysTick_Interrupt), (8 bytes).
    Removing bsp_systick.o(.ARM.exidx.text.SysTick_Init), (8 bytes).
    Removing lwrb.o(.text), (0 bytes).
    Removing lwrb.o(.ARM.exidx.text.lwrb_init), (8 bytes).
    Removing lwrb.o(.text.lwrb_is_ready), (20 bytes).
    Removing lwrb.o(.ARM.exidx.text.lwrb_is_ready), (8 bytes).
    Removing lwrb.o(.text.lwrb_free), (22 bytes).
    Removing lwrb.o(.ARM.exidx.text.lwrb_free), (8 bytes).
    Removing lwrb.o(.text.lwrb_set_evt_fn), (20 bytes).
    Removing lwrb.o(.ARM.exidx.text.lwrb_set_evt_fn), (8 bytes).
    Removing lwrb.o(.text.lwrb_set_arg), (20 bytes).
    Removing lwrb.o(.ARM.exidx.text.lwrb_set_arg), (8 bytes).
    Removing lwrb.o(.text.lwrb_get_arg), (10 bytes).
    Removing lwrb.o(.ARM.exidx.text.lwrb_get_arg), (8 bytes).
    Removing lwrb.o(.ARM.exidx.text.lwrb_write), (8 bytes).
    Removing lwrb.o(.text.lwrb_write_ex), (190 bytes).
    Removing lwrb.o(.ARM.exidx.text.lwrb_write_ex), (8 bytes).
    Removing lwrb.o(.ARM.exidx.text.lwrb_get_free), (8 bytes).
    Removing lwrb.o(.ARM.exidx.text.lwrb_read), (8 bytes).
    Removing lwrb.o(.text.lwrb_read_ex), (186 bytes).
    Removing lwrb.o(.ARM.exidx.text.lwrb_read_ex), (8 bytes).
    Removing lwrb.o(.ARM.exidx.text.lwrb_get_full), (8 bytes).
    Removing lwrb.o(.ARM.exidx.text.lwrb_peek), (8 bytes).
    Removing lwrb.o(.ARM.exidx.text.lwrb_reset), (8 bytes).
    Removing lwrb.o(.text.lwrb_get_linear_block_read_address), (20 bytes).
    Removing lwrb.o(.ARM.exidx.text.lwrb_get_linear_block_read_address), (8 bytes).
    Removing lwrb.o(.text.lwrb_get_linear_block_read_length), (36 bytes).
    Removing lwrb.o(.ARM.exidx.text.lwrb_get_linear_block_read_length), (8 bytes).
    Removing lwrb.o(.ARM.exidx.text.lwrb_skip), (8 bytes).
    Removing lwrb.o(.text.lwrb_get_linear_block_write_address), (20 bytes).
    Removing lwrb.o(.ARM.exidx.text.lwrb_get_linear_block_write_address), (8 bytes).
    Removing lwrb.o(.text.lwrb_get_linear_block_write_length), (40 bytes).
    Removing lwrb.o(.ARM.exidx.text.lwrb_get_linear_block_write_length), (8 bytes).
    Removing lwrb.o(.text.lwrb_advance), (84 bytes).
    Removing lwrb.o(.ARM.exidx.text.lwrb_advance), (8 bytes).
    Removing lwrb.o(.text.lwrb_find), (278 bytes).
    Removing lwrb.o(.ARM.exidx.text.lwrb_find), (8 bytes).
    Removing lwrb_ex.o(.text), (0 bytes).
    Removing segger_rtt.o(.text), (0 bytes).
    Removing segger_rtt.o(.text.SEGGER_RTT_ReadUpBufferNoLock), (248 bytes).
    Removing segger_rtt.o(.ARM.exidx.text.SEGGER_RTT_ReadUpBufferNoLock), (8 bytes).
    Removing segger_rtt.o(.text.SEGGER_RTT_ReadNoLock), (248 bytes).
    Removing segger_rtt.o(.ARM.exidx.text.SEGGER_RTT_ReadNoLock), (8 bytes).
    Removing segger_rtt.o(.text.SEGGER_RTT_ReadUpBuffer), (28 bytes).
    Removing segger_rtt.o(.ARM.exidx.text.SEGGER_RTT_ReadUpBuffer), (8 bytes).
    Removing segger_rtt.o(.text.SEGGER_RTT_Read), (28 bytes).
    Removing segger_rtt.o(.ARM.exidx.text.SEGGER_RTT_Read), (8 bytes).
    Removing segger_rtt.o(.text.SEGGER_RTT_WriteWithOverwriteNoLock), (254 bytes).
    Removing segger_rtt.o(.ARM.exidx.text.SEGGER_RTT_WriteWithOverwriteNoLock), (8 bytes).
    Removing segger_rtt.o(.text.SEGGER_RTT_WriteDownBufferNoLock), (314 bytes).
    Removing segger_rtt.o(.ARM.exidx.text.SEGGER_RTT_WriteDownBufferNoLock), (8 bytes).
    Removing segger_rtt.o(.text.SEGGER_RTT_WriteNoLock), (368 bytes).
    Removing segger_rtt.o(.ARM.exidx.text.SEGGER_RTT_WriteNoLock), (8 bytes).
    Removing segger_rtt.o(.text.SEGGER_RTT_WriteDownBuffer), (172 bytes).
    Removing segger_rtt.o(.ARM.exidx.text.SEGGER_RTT_WriteDownBuffer), (8 bytes).
    Removing segger_rtt.o(.text.SEGGER_RTT_Write), (172 bytes).
    Removing segger_rtt.o(.ARM.exidx.text.SEGGER_RTT_Write), (8 bytes).
    Removing segger_rtt.o(.text.SEGGER_RTT_WriteString), (178 bytes).
    Removing segger_rtt.o(.ARM.exidx.text.SEGGER_RTT_WriteString), (8 bytes).
    Removing segger_rtt.o(.text.SEGGER_RTT_PutCharSkipNoLock), (62 bytes).
    Removing segger_rtt.o(.ARM.exidx.text.SEGGER_RTT_PutCharSkipNoLock), (8 bytes).
    Removing segger_rtt.o(.text.SEGGER_RTT_PutCharSkip), (212 bytes).
    Removing segger_rtt.o(.ARM.exidx.text.SEGGER_RTT_PutCharSkip), (8 bytes).
    Removing segger_rtt.o(.ARM.exidx.text.SEGGER_RTT_PutChar), (8 bytes).
    Removing segger_rtt.o(.text.SEGGER_RTT_GetKey), (50 bytes).
    Removing segger_rtt.o(.ARM.exidx.text.SEGGER_RTT_GetKey), (8 bytes).
    Removing segger_rtt.o(.text.SEGGER_RTT_WaitKey), (46 bytes).
    Removing segger_rtt.o(.ARM.exidx.text.SEGGER_RTT_WaitKey), (8 bytes).
    Removing segger_rtt.o(.text.SEGGER_RTT_HasKey), (148 bytes).
    Removing segger_rtt.o(.ARM.exidx.text.SEGGER_RTT_HasKey), (8 bytes).
    Removing segger_rtt.o(.text.SEGGER_RTT_HasData), (24 bytes).
    Removing segger_rtt.o(.ARM.exidx.text.SEGGER_RTT_HasData), (8 bytes).
    Removing segger_rtt.o(.text.SEGGER_RTT_HasDataUp), (24 bytes).
    Removing segger_rtt.o(.ARM.exidx.text.SEGGER_RTT_HasDataUp), (8 bytes).
    Removing segger_rtt.o(.text.SEGGER_RTT_AllocDownBuffer), (334 bytes).
    Removing segger_rtt.o(.ARM.exidx.text.SEGGER_RTT_AllocDownBuffer), (8 bytes).
    Removing segger_rtt.o(.text.SEGGER_RTT_AllocUpBuffer), (338 bytes).
    Removing segger_rtt.o(.ARM.exidx.text.SEGGER_RTT_AllocUpBuffer), (8 bytes).
    Removing segger_rtt.o(.text.SEGGER_RTT_ConfigUpBuffer), (214 bytes).
    Removing segger_rtt.o(.ARM.exidx.text.SEGGER_RTT_ConfigUpBuffer), (8 bytes).
    Removing segger_rtt.o(.text.SEGGER_RTT_ConfigDownBuffer), (214 bytes).
    Removing segger_rtt.o(.ARM.exidx.text.SEGGER_RTT_ConfigDownBuffer), (8 bytes).
    Removing segger_rtt.o(.text.SEGGER_RTT_SetNameUpBuffer), (178 bytes).
    Removing segger_rtt.o(.ARM.exidx.text.SEGGER_RTT_SetNameUpBuffer), (8 bytes).
    Removing segger_rtt.o(.text.SEGGER_RTT_SetNameDownBuffer), (178 bytes).
    Removing segger_rtt.o(.ARM.exidx.text.SEGGER_RTT_SetNameDownBuffer), (8 bytes).
    Removing segger_rtt.o(.text.SEGGER_RTT_SetFlagsUpBuffer), (178 bytes).
    Removing segger_rtt.o(.ARM.exidx.text.SEGGER_RTT_SetFlagsUpBuffer), (8 bytes).
    Removing segger_rtt.o(.text.SEGGER_RTT_SetFlagsDownBuffer), (178 bytes).
    Removing segger_rtt.o(.ARM.exidx.text.SEGGER_RTT_SetFlagsDownBuffer), (8 bytes).
    Removing segger_rtt.o(.text.SEGGER_RTT_Init), (130 bytes).
    Removing segger_rtt.o(.ARM.exidx.text.SEGGER_RTT_Init), (8 bytes).
    Removing segger_rtt.o(.ARM.exidx.text.SEGGER_RTT_SetTerminal), (8 bytes).
    Removing segger_rtt.o(.text.SEGGER_RTT_TerminalOut), (1236 bytes).
    Removing segger_rtt.o(.ARM.exidx.text.SEGGER_RTT_TerminalOut), (8 bytes).
    Removing segger_rtt.o(.text.SEGGER_RTT_GetAvailWriteSpace), (40 bytes).
    Removing segger_rtt.o(.ARM.exidx.text.SEGGER_RTT_GetAvailWriteSpace), (8 bytes).
    Removing segger_rtt.o(.text.SEGGER_RTT_GetBytesInBuffer), (34 bytes).
    Removing segger_rtt.o(.ARM.exidx.text.SEGGER_RTT_GetBytesInBuffer), (8 bytes).
    Removing segger_rtt_asm_armv7m.o(.text), (140 bytes).
    Removing segger_rtt_printf.o(.text), (0 bytes).
    Removing segger_rtt_printf.o(.text.SEGGER_RTT_vprintf), (1612 bytes).
    Removing segger_rtt_printf.o(.ARM.exidx.text.SEGGER_RTT_vprintf), (8 bytes).
    Removing segger_rtt_printf.o(.text._PrintUnsigned), (504 bytes).
    Removing segger_rtt_printf.o(.ARM.exidx.text._PrintUnsigned), (8 bytes).
    Removing segger_rtt_printf.o(.text.SEGGER_RTT_printf), (30 bytes).
    Removing segger_rtt_printf.o(.ARM.exidx.text.SEGGER_RTT_printf), (8 bytes).
    Removing retarget_rtt.o(.text), (0 bytes).
    Removing retarget_rtt.o(.ARM.exidx.text.fputc), (8 bytes).
    Removing retarget_rtt.o(.ARM.exidx.text.Retarget_RTT_Init), (8 bytes).
    Removing multitimer.o(.text), (0 bytes).
    Removing multitimer.o(.ARM.exidx.text.MultiTimerInstall), (8 bytes).
    Removing multitimer.o(.ARM.exidx.text.MultiTimerStart), (8 bytes).
    Removing multitimer.o(.text.MultiTimerStop), (74 bytes).
    Removing multitimer.o(.ARM.exidx.text.MultiTimerStop), (8 bytes).
    Removing multitimer.o(.ARM.exidx.text.MultiTimerYield), (8 bytes).
    Removing jump_boot.o(.text), (0 bytes).
    Removing jump_boot.o(.ARM.exidx.text.IAP_Parse_Command), (8 bytes).
    Removing jump_boot.o(.ARM.exidx.text.__NVIC_SystemReset), (8 bytes).
    Removing dadd.o(.text), (334 bytes).
    Removing dmul.o(.text), (228 bytes).
    Removing ddiv.o(.text), (222 bytes).
    Removing dfixul.o(.text), (48 bytes).
    Removing cdrcmple.o(.text), (48 bytes).
    Removing depilogue.o(.text), (186 bytes).

238 unused section(s) (total 18448 bytes) removed from the image.

==============================================================================

Image Symbol Table

    Local Symbols

    Symbol Name                              Value     Ov Type        Size  Object(Section)

    ../clib/division.s                       0x00000000   Number         0  aeabi_sdiv.o ABSOLUTE
    ../clib/microlib/division.c              0x00000000   Number         0  uidiv.o ABSOLUTE
    ../clib/microlib/division.c              0x00000000   Number         0  uldiv.o ABSOLUTE
    ../clib/microlib/init/entry.s            0x00000000   Number         0  entry.o ABSOLUTE
    ../clib/microlib/init/entry.s            0x00000000   Number         0  entry2.o ABSOLUTE
    ../clib/microlib/init/entry.s            0x00000000   Number         0  entry5.o ABSOLUTE
    ../clib/microlib/init/entry.s            0x00000000   Number         0  entry7a.o ABSOLUTE
    ../clib/microlib/init/entry.s            0x00000000   Number         0  entry7b.o ABSOLUTE
    ../clib/microlib/init/entry.s            0x00000000   Number         0  entry8a.o ABSOLUTE
    ../clib/microlib/init/entry.s            0x00000000   Number         0  entry8b.o ABSOLUTE
    ../clib/microlib/init/entry.s            0x00000000   Number         0  entry9a.o ABSOLUTE
    ../clib/microlib/init/entry.s            0x00000000   Number         0  entry9b.o ABSOLUTE
    ../clib/microlib/init/entry.s            0x00000000   Number         0  entry10a.o ABSOLUTE
    ../clib/microlib/init/entry.s            0x00000000   Number         0  entry10b.o ABSOLUTE
    ../clib/microlib/init/entry.s            0x00000000   Number         0  entry11a.o ABSOLUTE
    ../clib/microlib/init/entry.s            0x00000000   Number         0  entry11b.o ABSOLUTE
    ../clib/microlib/longlong.c              0x00000000   Number         0  llshl.o ABSOLUTE
    ../clib/microlib/longlong.c              0x00000000   Number         0  llushr.o ABSOLUTE
    ../clib/microlib/longlong.c              0x00000000   Number         0  llsshr.o ABSOLUTE
    ../clib/microlib/printf/printf.c         0x00000000   Number         0  printfb.o ABSOLUTE
    ../clib/microlib/printf/printf.c         0x00000000   Number         0  printf0.o ABSOLUTE
    ../clib/microlib/printf/printf.c         0x00000000   Number         0  printf1.o ABSOLUTE
    ../clib/microlib/printf/printf.c         0x00000000   Number         0  printf2.o ABSOLUTE
    ../clib/microlib/printf/printf.c         0x00000000   Number         0  printf3.o ABSOLUTE
    ../clib/microlib/printf/printf.c         0x00000000   Number         0  printf4.o ABSOLUTE
    ../clib/microlib/printf/printf.c         0x00000000   Number         0  printf5.o ABSOLUTE
    ../clib/microlib/printf/printf.c         0x00000000   Number         0  printf6.o ABSOLUTE
    ../clib/microlib/printf/printf.c         0x00000000   Number         0  printf7.o ABSOLUTE
    ../clib/microlib/printf/printf.c         0x00000000   Number         0  printf8.o ABSOLUTE
    ../clib/microlib/printf/printf.c         0x00000000   Number         0  printfa.o ABSOLUTE
    ../clib/microlib/printf/stubs.s          0x00000000   Number         0  printfstubs.o ABSOLUTE
    ../clib/microlib/stdio/streams.c         0x00000000   Number         0  stdout.o ABSOLUTE
    ../clib/microlib/string/memcpy.c         0x00000000   Number         0  memcpya.o ABSOLUTE
    ../clib/microlib/string/memcpy.c         0x00000000   Number         0  memcpyb.o ABSOLUTE
    ../clib/microlib/string/memset.c         0x00000000   Number         0  memseta.o ABSOLUTE
    ../clib/microlib/string/strlen.c         0x00000000   Number         0  strlen.o ABSOLUTE
    ../clib/microlib/stubs.s                 0x00000000   Number         0  iusefp.o ABSOLUTE
    ../fplib/microlib/fpadd.c                0x00000000   Number         0  dadd.o ABSOLUTE
    ../fplib/microlib/fpdiv.c                0x00000000   Number         0  ddiv.o ABSOLUTE
    ../fplib/microlib/fpepilogue.c           0x00000000   Number         0  depilogue.o ABSOLUTE
    ../fplib/microlib/fpfix.c                0x00000000   Number         0  dfixul.o ABSOLUTE
    ../fplib/microlib/fpmul.c                0x00000000   Number         0  dmul.o ABSOLUTE
    MultiTimer.c                             0x00000000   Number         0  multitimer.o ABSOLUTE
    SEGGER_RTT.c                             0x00000000   Number         0  segger_rtt.o ABSOLUTE
    SEGGER_RTT_printf.c                      0x00000000   Number         0  segger_rtt_printf.o ABSOLUTE
    bsp_systick.c                            0x00000000   Number         0  bsp_systick.o ABSOLUTE
    cdrcmple.s                               0x00000000   Number         0  cdrcmple.o ABSOLUTE
    dc.s                                     0x00000000   Number         0  dc.o ABSOLUTE
    gpio.c                                   0x00000000   Number         0  gpio.o ABSOLUTE
    handlers.s                               0x00000000   Number         0  handlers.o ABSOLUTE
    init.s                                   0x00000000   Number         0  init.o ABSOLUTE
    jump_boot.c                              0x00000000   Number         0  jump_boot.o ABSOLUTE
    lwrb.c                                   0x00000000   Number         0  lwrb.o ABSOLUTE
    lwrb_ex.c                                0x00000000   Number         0  lwrb_ex.o ABSOLUTE
    main.c                                   0x00000000   Number         0  main.o ABSOLUTE
    myCanDrive_reg.c                         0x00000000   Number         0  mycandrive_reg.o ABSOLUTE
    myUsartDrive_reg.c                       0x00000000   Number         0  myusartdrive_reg.o ABSOLUTE
    retarget_rtt.c                           0x00000000   Number         0  retarget_rtt.o ABSOLUTE
    startup_stm32f103xe.s                    0x00000000   Number         0  startup_stm32f103xe.o ABSOLUTE
    stm32f1xx_it.c                           0x00000000   Number         0  stm32f1xx_it.o ABSOLUTE
    stm32f1xx_ll_exti.c                      0x00000000   Number         0  stm32f1xx_ll_exti.o ABSOLUTE
    stm32f1xx_ll_gpio.c                      0x00000000   Number         0  stm32f1xx_ll_gpio.o ABSOLUTE
    stm32f1xx_ll_pwr.c                       0x00000000   Number         0  stm32f1xx_ll_pwr.o ABSOLUTE
    stm32f1xx_ll_rcc.c                       0x00000000   Number         0  stm32f1xx_ll_rcc.o ABSOLUTE
    stm32f1xx_ll_utils.c                     0x00000000   Number         0  stm32f1xx_ll_utils.o ABSOLUTE
    system_stm32f1xx.c                       0x00000000   Number         0  system_stm32f1xx.o ABSOLUTE
    RESET                                    0x08010000   Section      304  startup_stm32f103xe.o(RESET)
    .ARM.Collect$$$$00000000                 0x08010130   Section        0  entry.o(.ARM.Collect$$$$00000000)
    .ARM.Collect$$$$00000001                 0x08010130   Section        4  entry2.o(.ARM.Collect$$$$00000001)
    .ARM.Collect$$$$00000004                 0x08010134   Section        4  entry5.o(.ARM.Collect$$$$00000004)
    .ARM.Collect$$$$00000008                 0x08010138   Section        0  entry7b.o(.ARM.Collect$$$$00000008)
    .ARM.Collect$$$$0000000A                 0x08010138   Section        0  entry8b.o(.ARM.Collect$$$$0000000A)
    .ARM.Collect$$$$0000000B                 0x08010138   Section        8  entry9a.o(.ARM.Collect$$$$0000000B)
    __lit__00000000                          0x08010140   Data           4  entry2.o(.ARM.Collect$$$$00002712)
    .ARM.Collect$$$$0000000D                 0x08010140   Section        0  entry10a.o(.ARM.Collect$$$$0000000D)
    .ARM.Collect$$$$0000000F                 0x08010140   Section        0  entry11a.o(.ARM.Collect$$$$0000000F)
    .ARM.Collect$$$$00002712                 0x08010140   Section        4  entry2.o(.ARM.Collect$$$$00002712)
    .text                                    0x08010144   Section       36  startup_stm32f103xe.o(.text)
    .text                                    0x08010168   Section        0  memcpya.o(.text)
    .text                                    0x0801018c   Section        0  memseta.o(.text)
    .text                                    0x080101b0   Section        0  uidiv.o(.text)
    .text                                    0x080101dc   Section       48  init.o(.text)
    [Anonymous Symbol]                       0x0801020c   Section        0  stm32f1xx_it.o(.text.BusFault_Handler)
    [Anonymous Symbol]                       0x08010210   Section        0  mycandrive_reg.o(.text.CAN1_RX1_IRQHandler)
    [Anonymous Symbol]                       0x080103bc   Section        0  mycandrive_reg.o(.text.CAN_SendMessage_NonBlocking)
    [Anonymous Symbol]                       0x08010544   Section        0  myusartdrive_reg.o(.text.DMA1_Channel4_IRQHandler)
    [Anonymous Symbol]                       0x080105c0   Section        0  myusartdrive_reg.o(.text.DMA1_Channel5_IRQHandler)
    [Anonymous Symbol]                       0x08010684   Section        0  stm32f1xx_it.o(.text.DebugMon_Handler)
    [Anonymous Symbol]                       0x08010688   Section        0  main.o(.text.Error_Handler)
    [Anonymous Symbol]                       0x08010694   Section        0  stm32f1xx_it.o(.text.HardFault_Handler)
    [Anonymous Symbol]                       0x08010698   Section        0  jump_boot.o(.text.IAP_Parse_Command)
    IAP_Parse_Command.target_sequence        0x080106e4   Number         0  jump_boot.o(.text.IAP_Parse_Command)
    [Anonymous Symbol]                       0x080106ec   Section        0  stm32f1xx_ll_gpio.o(.text.LL_GPIO_Init)
    [Anonymous Symbol]                       0x080107ac   Section        0  stm32f1xx_ll_utils.o(.text.LL_Init1msTick)
    [Anonymous Symbol]                       0x080107d4   Section        0  stm32f1xx_ll_utils.o(.text.LL_SetSystemCoreClock)
    [Anonymous Symbol]                       0x080107e0   Section        0  stm32f1xx_ll_utils.o(.text.LL_mDelay)
    [Anonymous Symbol]                       0x08010828   Section        0  gpio.o(.text.MX_GPIO_Init)
    [Anonymous Symbol]                       0x080108bc   Section        0  stm32f1xx_it.o(.text.MemManage_Handler)
    [Anonymous Symbol]                       0x080108c0   Section        0  multitimer.o(.text.MultiTimerInstall)
    [Anonymous Symbol]                       0x080108d0   Section        0  multitimer.o(.text.MultiTimerStart)
    [Anonymous Symbol]                       0x080109a0   Section        0  multitimer.o(.text.MultiTimerYield)
    [Anonymous Symbol]                       0x080109e4   Section        0  stm32f1xx_it.o(.text.NMI_Handler)
    [Anonymous Symbol]                       0x080109e8   Section        0  stm32f1xx_it.o(.text.PendSV_Handler)
    [Anonymous Symbol]                       0x080109ec   Section        0  retarget_rtt.o(.text.Retarget_RTT_Init)
    [Anonymous Symbol]                       0x080109f4   Section        0  segger_rtt.o(.text.SEGGER_RTT_PutChar)
    [Anonymous Symbol]                       0x08010ae8   Section        0  segger_rtt.o(.text.SEGGER_RTT_SetTerminal)
    [Anonymous Symbol]                       0x08010cd8   Section        0  stm32f1xx_it.o(.text.SVC_Handler)
    [Anonymous Symbol]                       0x08010cdc   Section        0  bsp_systick.o(.text.SysTick_GetTicks)
    [Anonymous Symbol]                       0x08010ce8   Section        0  stm32f1xx_it.o(.text.SysTick_Handler)
    [Anonymous Symbol]                       0x08010cec   Section        0  bsp_systick.o(.text.SysTick_Init)
    [Anonymous Symbol]                       0x08010d34   Section        0  bsp_systick.o(.text.SysTick_Interrupt)
    [Anonymous Symbol]                       0x08010d4c   Section        0  main.o(.text.SystemClock_Config)
    [Anonymous Symbol]                       0x08010e5c   Section        0  system_stm32f1xx.o(.text.SystemInit)
    [Anonymous Symbol]                       0x08010e60   Section        0  main.o(.text.Timer1_Callback)
    [Anonymous Symbol]                       0x08010e88   Section        0  main.o(.text.Timer2_Callback)
    [Anonymous Symbol]                       0x08010f30   Section        0  myusartdrive_reg.o(.text.USART1_Configure)
    [Anonymous Symbol]                       0x0801116c   Section        0  myusartdrive_reg.o(.text.USART1_IRQHandler)
    [Anonymous Symbol]                       0x0801120c   Section        0  myusartdrive_reg.o(.text.USART1_Module_Run)
    USART1_Put_Data_Into_Ringbuffer          0x080112fd   Thumb Code   130  myusartdrive_reg.o(.text.USART1_Put_Data_Into_Ringbuffer)
    [Anonymous Symbol]                       0x080112fc   Section        0  myusartdrive_reg.o(.text.USART1_Put_Data_Into_Ringbuffer)
    [Anonymous Symbol]                       0x08011380   Section        0  myusartdrive_reg.o(.text.USART1_Put_TxData_To_Ringbuffer)
    [Anonymous Symbol]                       0x08011434   Section        0  mycandrive_reg.o(.text.USB_HP_CAN1_TX_IRQHandler)
    [Anonymous Symbol]                       0x080114f0   Section        0  stm32f1xx_it.o(.text.UsageFault_Handler)
    __NVIC_SystemReset                       0x080114f5   Thumb Code    42  jump_boot.o(.text.__NVIC_SystemReset)
    [Anonymous Symbol]                       0x080114f4   Section        0  jump_boot.o(.text.__NVIC_SystemReset)
    [Anonymous Symbol]                       0x08011520   Section        0  retarget_rtt.o(.text.fputc)
    [Anonymous Symbol]                       0x08011530   Section        0  lwrb.o(.text.lwrb_get_free)
    [Anonymous Symbol]                       0x08011550   Section        0  lwrb.o(.text.lwrb_get_full)
    [Anonymous Symbol]                       0x08011570   Section        0  lwrb.o(.text.lwrb_init)
    [Anonymous Symbol]                       0x08011594   Section        0  lwrb.o(.text.lwrb_peek)
    [Anonymous Symbol]                       0x0801161c   Section        0  lwrb.o(.text.lwrb_read)
    [Anonymous Symbol]                       0x080116c8   Section        0  lwrb.o(.text.lwrb_reset)
    [Anonymous Symbol]                       0x080116f4   Section        0  lwrb.o(.text.lwrb_skip)
    [Anonymous Symbol]                       0x08011740   Section        0  lwrb.o(.text.lwrb_write)
    [Anonymous Symbol]                       0x080117ec   Section        0  main.o(.text.main)
    i.__0printf$3                            0x08011910   Section        0  printf3.o(i.__0printf$3)
    i.__scatterload_copy                     0x08011930   Section       14  handlers.o(i.__scatterload_copy)
    i.__scatterload_null                     0x0801193e   Section        2  handlers.o(i.__scatterload_null)
    i.__scatterload_zeroinit                 0x08011940   Section       14  handlers.o(i.__scatterload_zeroinit)
    _printf_core                             0x08011951   Thumb Code   436  printf3.o(i._printf_core)
    i._printf_core                           0x08011950   Section        0  printf3.o(i._printf_core)
    _aTerminalId                             0x08011b08   Data          16  segger_rtt.o(.rodata.cst16)
    [Anonymous Symbol]                       0x08011b08   Section        0  segger_rtt.o(.rodata.cst16)
    .L.str.1                                 0x08011b18   Data          19  main.o(.rodata.str1.1)
    [Anonymous Symbol]                       0x08011b18   Section        0  main.o(.rodata.str1.1)
    .L.str                                   0x08011b2b   Data           9  segger_rtt.o(.rodata.str1.1)
    [Anonymous Symbol]                       0x08011b2b   Section        0  segger_rtt.o(.rodata.str1.1)
    .data                                    0x20000008   Section        4  stdout.o(.data)
    .L_MergedGlobals                         0x20000010   Data          48  main.o(.bss..L_MergedGlobals)
    [Anonymous Symbol]                       0x20000010   Section        0  main.o(.bss..L_MergedGlobals)
    .L_MergedGlobals                         0x20000040   Data          80  mycandrive_reg.o(.bss..L_MergedGlobals)
    [Anonymous Symbol]                       0x20000040   Section        0  mycandrive_reg.o(.bss..L_MergedGlobals)
    .L_MergedGlobals                         0x20000090   Data          80  myusartdrive_reg.o(.bss..L_MergedGlobals)
    [Anonymous Symbol]                       0x20000090   Section        0  myusartdrive_reg.o(.bss..L_MergedGlobals)
    .L_MergedGlobals                         0x200000e0   Data          17  segger_rtt.o(.bss..L_MergedGlobals)
    _ActiveTerminal                          0x200000e0   Data           1  segger_rtt.o(.bss..L_MergedGlobals)
    [Anonymous Symbol]                       0x200000e0   Section        0  segger_rtt.o(.bss..L_MergedGlobals)
    _acDownBuffer                            0x200000e1   Data          16  segger_rtt.o(.bss..L_MergedGlobals)
    .L_MergedGlobals                         0x200000f4   Data           8  multitimer.o(.bss..L_MergedGlobals)
    platformTicksFunction                    0x200000f4   Data           4  multitimer.o(.bss..L_MergedGlobals)
    [Anonymous Symbol]                       0x200000f4   Section        0  multitimer.o(.bss..L_MergedGlobals)
    timerList                                0x200000f8   Data           4  multitimer.o(.bss..L_MergedGlobals)
    IAP_Parse_Command.match_index            0x200000fc   Data           1  jump_boot.o(.bss.IAP_Parse_Command.match_index)
    [Anonymous Symbol]                       0x200000fc   Section        0  jump_boot.o(.bss.IAP_Parse_Command.match_index)
    _acUpBuffer                              0x200001a8   Data        1024  segger_rtt.o(.bss._acUpBuffer)
    [Anonymous Symbol]                       0x200001a8   Section        0  segger_rtt.o(.bss._acUpBuffer)
    STACK                                    0x200025b0   Section     1024  startup_stm32f103xe.o(STACK)

    Global Symbols

    Symbol Name                              Value     Ov Type        Size  Object(Section)

    BuildAttributes$$THM_ISAv4$P$D$K$B$S$PE$A:L22UL41UL21$X:L11$S22US41US21$IEEE1$IW$~IW$USESV6$~STKCKD$USESV7$~SHL$OTIME$ROPI$EBA8$MICROLIB$REQ8$EABIv2 0x00000000   Number         0  anon$$obj.o ABSOLUTE
    _printf_a                                0x00000000   Number         0  printfstubs.o ABSOLUTE
    _printf_c                                0x00000000   Number         0  printfstubs.o ABSOLUTE
    _printf_charcount                        0x00000000   Number         0  printfstubs.o ABSOLUTE
    _printf_d                                0x00000000   Number         0  printfstubs.o ABSOLUTE
    _printf_e                                0x00000000   Number         0  printfstubs.o ABSOLUTE
    _printf_f                                0x00000000   Number         0  printfstubs.o ABSOLUTE
    _printf_flags                            0x00000000   Number         0  printfstubs.o ABSOLUTE
    _printf_fp_dec                           0x00000000   Number         0  printfstubs.o ABSOLUTE
    _printf_fp_hex                           0x00000000   Number         0  printfstubs.o ABSOLUTE
    _printf_g                                0x00000000   Number         0  printfstubs.o ABSOLUTE
    _printf_i                                0x00000000   Number         0  printfstubs.o ABSOLUTE
    _printf_int_dec                          0x00000000   Number         0  printfstubs.o ABSOLUTE
    _printf_l                                0x00000000   Number         0  printfstubs.o ABSOLUTE
    _printf_lc                               0x00000000   Number         0  printfstubs.o ABSOLUTE
    _printf_ll                               0x00000000   Number         0  printfstubs.o ABSOLUTE
    _printf_lld                              0x00000000   Number         0  printfstubs.o ABSOLUTE
    _printf_lli                              0x00000000   Number         0  printfstubs.o ABSOLUTE
    _printf_llo                              0x00000000   Number         0  printfstubs.o ABSOLUTE
    _printf_llu                              0x00000000   Number         0  printfstubs.o ABSOLUTE
    _printf_llx                              0x00000000   Number         0  printfstubs.o ABSOLUTE
    _printf_longlong_dec                     0x00000000   Number         0  printfstubs.o ABSOLUTE
    _printf_longlong_hex                     0x00000000   Number         0  printfstubs.o ABSOLUTE
    _printf_longlong_oct                     0x00000000   Number         0  printfstubs.o ABSOLUTE
    _printf_ls                               0x00000000   Number         0  printfstubs.o ABSOLUTE
    _printf_mbtowc                           0x00000000   Number         0  printfstubs.o ABSOLUTE
    _printf_n                                0x00000000   Number         0  printfstubs.o ABSOLUTE
    _printf_o                                0x00000000   Number         0  printfstubs.o ABSOLUTE
    _printf_p                                0x00000000   Number         0  printfstubs.o ABSOLUTE
    _printf_percent                          0x00000000   Number         0  printfstubs.o ABSOLUTE
    _printf_pre_padding                      0x00000000   Number         0  printfstubs.o ABSOLUTE
    _printf_return_value                     0x00000000   Number         0  printfstubs.o ABSOLUTE
    _printf_s                                0x00000000   Number         0  printfstubs.o ABSOLUTE
    _printf_sizespec                         0x00000000   Number         0  printfstubs.o ABSOLUTE
    _printf_str                              0x00000000   Number         0  printfstubs.o ABSOLUTE
    _printf_truncate_signed                  0x00000000   Number         0  printfstubs.o ABSOLUTE
    _printf_truncate_unsigned                0x00000000   Number         0  printfstubs.o ABSOLUTE
    _printf_u                                0x00000000   Number         0  printfstubs.o ABSOLUTE
    _printf_wc                               0x00000000   Number         0  printfstubs.o ABSOLUTE
    _printf_wctomb                           0x00000000   Number         0  printfstubs.o ABSOLUTE
    _printf_widthprec                        0x00000000   Number         0  printfstubs.o ABSOLUTE
    _printf_x                                0x00000000   Number         0  printfstubs.o ABSOLUTE
    __cpp_initialize__aeabi_                  - Undefined Weak Reference
    __cxa_finalize                            - Undefined Weak Reference
    __decompress                              - Undefined Weak Reference
    _clock_init                               - Undefined Weak Reference
    _microlib_exit                            - Undefined Weak Reference
    __Vectors_Size                           0x00000130   Number         0  startup_stm32f103xe.o ABSOLUTE
    __Vectors                                0x08010000   Data           4  startup_stm32f103xe.o(RESET)
    __Vectors_End                            0x08010130   Data           0  startup_stm32f103xe.o(RESET)
    __main                                   0x08010131   Thumb Code     0  entry.o(.ARM.Collect$$$$00000000)
    _main_stk                                0x08010131   Thumb Code     0  entry2.o(.ARM.Collect$$$$00000001)
    _main_scatterload                        0x08010135   Thumb Code     0  entry5.o(.ARM.Collect$$$$00000004)
    __main_after_scatterload                 0x08010139   Thumb Code     0  entry5.o(.ARM.Collect$$$$00000004)
    _main_clock                              0x08010139   Thumb Code     0  entry7b.o(.ARM.Collect$$$$00000008)
    _main_cpp_init                           0x08010139   Thumb Code     0  entry8b.o(.ARM.Collect$$$$0000000A)
    _main_init                               0x08010139   Thumb Code     0  entry9a.o(.ARM.Collect$$$$0000000B)
    __rt_final_cpp                           0x08010141   Thumb Code     0  entry10a.o(.ARM.Collect$$$$0000000D)
    __rt_final_exit                          0x08010141   Thumb Code     0  entry11a.o(.ARM.Collect$$$$0000000F)
    Reset_Handler                            0x08010145   Thumb Code     8  startup_stm32f103xe.o(.text)
    ADC1_2_IRQHandler                        0x0801015f   Thumb Code     0  startup_stm32f103xe.o(.text)
    ADC3_IRQHandler                          0x0801015f   Thumb Code     0  startup_stm32f103xe.o(.text)
    CAN1_SCE_IRQHandler                      0x0801015f   Thumb Code     0  startup_stm32f103xe.o(.text)
    DMA1_Channel1_IRQHandler                 0x0801015f   Thumb Code     0  startup_stm32f103xe.o(.text)
    DMA1_Channel2_IRQHandler                 0x0801015f   Thumb Code     0  startup_stm32f103xe.o(.text)
    DMA1_Channel3_IRQHandler                 0x0801015f   Thumb Code     0  startup_stm32f103xe.o(.text)
    DMA1_Channel6_IRQHandler                 0x0801015f   Thumb Code     0  startup_stm32f103xe.o(.text)
    DMA1_Channel7_IRQHandler                 0x0801015f   Thumb Code     0  startup_stm32f103xe.o(.text)
    DMA2_Channel1_IRQHandler                 0x0801015f   Thumb Code     0  startup_stm32f103xe.o(.text)
    DMA2_Channel2_IRQHandler                 0x0801015f   Thumb Code     0  startup_stm32f103xe.o(.text)
    DMA2_Channel3_IRQHandler                 0x0801015f   Thumb Code     0  startup_stm32f103xe.o(.text)
    DMA2_Channel4_5_IRQHandler               0x0801015f   Thumb Code     0  startup_stm32f103xe.o(.text)
    EXTI0_IRQHandler                         0x0801015f   Thumb Code     0  startup_stm32f103xe.o(.text)
    EXTI15_10_IRQHandler                     0x0801015f   Thumb Code     0  startup_stm32f103xe.o(.text)
    EXTI1_IRQHandler                         0x0801015f   Thumb Code     0  startup_stm32f103xe.o(.text)
    EXTI2_IRQHandler                         0x0801015f   Thumb Code     0  startup_stm32f103xe.o(.text)
    EXTI3_IRQHandler                         0x0801015f   Thumb Code     0  startup_stm32f103xe.o(.text)
    EXTI4_IRQHandler                         0x0801015f   Thumb Code     0  startup_stm32f103xe.o(.text)
    EXTI9_5_IRQHandler                       0x0801015f   Thumb Code     0  startup_stm32f103xe.o(.text)
    FLASH_IRQHandler                         0x0801015f   Thumb Code     0  startup_stm32f103xe.o(.text)
    FSMC_IRQHandler                          0x0801015f   Thumb Code     0  startup_stm32f103xe.o(.text)
    I2C1_ER_IRQHandler                       0x0801015f   Thumb Code     0  startup_stm32f103xe.o(.text)
    I2C1_EV_IRQHandler                       0x0801015f   Thumb Code     0  startup_stm32f103xe.o(.text)
    I2C2_ER_IRQHandler                       0x0801015f   Thumb Code     0  startup_stm32f103xe.o(.text)
    I2C2_EV_IRQHandler                       0x0801015f   Thumb Code     0  startup_stm32f103xe.o(.text)
    PVD_IRQHandler                           0x0801015f   Thumb Code     0  startup_stm32f103xe.o(.text)
    RCC_IRQHandler                           0x0801015f   Thumb Code     0  startup_stm32f103xe.o(.text)
    RTC_Alarm_IRQHandler                     0x0801015f   Thumb Code     0  startup_stm32f103xe.o(.text)
    RTC_IRQHandler                           0x0801015f   Thumb Code     0  startup_stm32f103xe.o(.text)
    SDIO_IRQHandler                          0x0801015f   Thumb Code     0  startup_stm32f103xe.o(.text)
    SPI1_IRQHandler                          0x0801015f   Thumb Code     0  startup_stm32f103xe.o(.text)
    SPI2_IRQHandler                          0x0801015f   Thumb Code     0  startup_stm32f103xe.o(.text)
    SPI3_IRQHandler                          0x0801015f   Thumb Code     0  startup_stm32f103xe.o(.text)
    TAMPER_IRQHandler                        0x0801015f   Thumb Code     0  startup_stm32f103xe.o(.text)
    TIM1_BRK_IRQHandler                      0x0801015f   Thumb Code     0  startup_stm32f103xe.o(.text)
    TIM1_CC_IRQHandler                       0x0801015f   Thumb Code     0  startup_stm32f103xe.o(.text)
    TIM1_TRG_COM_IRQHandler                  0x0801015f   Thumb Code     0  startup_stm32f103xe.o(.text)
    TIM1_UP_IRQHandler                       0x0801015f   Thumb Code     0  startup_stm32f103xe.o(.text)
    TIM2_IRQHandler                          0x0801015f   Thumb Code     0  startup_stm32f103xe.o(.text)
    TIM3_IRQHandler                          0x0801015f   Thumb Code     0  startup_stm32f103xe.o(.text)
    TIM4_IRQHandler                          0x0801015f   Thumb Code     0  startup_stm32f103xe.o(.text)
    TIM5_IRQHandler                          0x0801015f   Thumb Code     0  startup_stm32f103xe.o(.text)
    TIM6_IRQHandler                          0x0801015f   Thumb Code     0  startup_stm32f103xe.o(.text)
    TIM7_IRQHandler                          0x0801015f   Thumb Code     0  startup_stm32f103xe.o(.text)
    TIM8_BRK_IRQHandler                      0x0801015f   Thumb Code     0  startup_stm32f103xe.o(.text)
    TIM8_CC_IRQHandler                       0x0801015f   Thumb Code     0  startup_stm32f103xe.o(.text)
    TIM8_TRG_COM_IRQHandler                  0x0801015f   Thumb Code     0  startup_stm32f103xe.o(.text)
    TIM8_UP_IRQHandler                       0x0801015f   Thumb Code     0  startup_stm32f103xe.o(.text)
    UART4_IRQHandler                         0x0801015f   Thumb Code     0  startup_stm32f103xe.o(.text)
    UART5_IRQHandler                         0x0801015f   Thumb Code     0  startup_stm32f103xe.o(.text)
    USART2_IRQHandler                        0x0801015f   Thumb Code     0  startup_stm32f103xe.o(.text)
    USART3_IRQHandler                        0x0801015f   Thumb Code     0  startup_stm32f103xe.o(.text)
    USBWakeUp_IRQHandler                     0x0801015f   Thumb Code     0  startup_stm32f103xe.o(.text)
    USB_LP_CAN1_RX0_IRQHandler               0x0801015f   Thumb Code     0  startup_stm32f103xe.o(.text)
    WWDG_IRQHandler                          0x0801015f   Thumb Code     0  startup_stm32f103xe.o(.text)
    __aeabi_memcpy                           0x08010169   Thumb Code    36  memcpya.o(.text)
    __aeabi_memcpy4                          0x08010169   Thumb Code     0  memcpya.o(.text)
    __aeabi_memcpy8                          0x08010169   Thumb Code     0  memcpya.o(.text)
    __aeabi_memset                           0x0801018d   Thumb Code    14  memseta.o(.text)
    __aeabi_memset4                          0x0801018d   Thumb Code     0  memseta.o(.text)
    __aeabi_memset8                          0x0801018d   Thumb Code     0  memseta.o(.text)
    __aeabi_memclr                           0x0801019b   Thumb Code     4  memseta.o(.text)
    __aeabi_memclr4                          0x0801019b   Thumb Code     0  memseta.o(.text)
    __aeabi_memclr8                          0x0801019b   Thumb Code     0  memseta.o(.text)
    _memset$wrapper                          0x0801019f   Thumb Code    18  memseta.o(.text)
    __aeabi_uidiv                            0x080101b1   Thumb Code     0  uidiv.o(.text)
    __aeabi_uidivmod                         0x080101b1   Thumb Code    44  uidiv.o(.text)
    __scatterload                            0x080101dd   Thumb Code    38  init.o(.text)
    __scatterload_rt2                        0x080101dd   Thumb Code     0  init.o(.text)
    BusFault_Handler                         0x0801020d   Thumb Code     2  stm32f1xx_it.o(.text.BusFault_Handler)
    CAN1_RX1_IRQHandler                      0x08010211   Thumb Code   428  mycandrive_reg.o(.text.CAN1_RX1_IRQHandler)
    CAN_SendMessage_NonBlocking              0x080103bd   Thumb Code   390  mycandrive_reg.o(.text.CAN_SendMessage_NonBlocking)
    DMA1_Channel4_IRQHandler                 0x08010545   Thumb Code   124  myusartdrive_reg.o(.text.DMA1_Channel4_IRQHandler)
    DMA1_Channel5_IRQHandler                 0x080105c1   Thumb Code   194  myusartdrive_reg.o(.text.DMA1_Channel5_IRQHandler)
    DebugMon_Handler                         0x08010685   Thumb Code     2  stm32f1xx_it.o(.text.DebugMon_Handler)
    Error_Handler                            0x08010689   Thumb Code    10  main.o(.text.Error_Handler)
    HardFault_Handler                        0x08010695   Thumb Code     2  stm32f1xx_it.o(.text.HardFault_Handler)
    IAP_Parse_Command                        0x08010699   Thumb Code    76  jump_boot.o(.text.IAP_Parse_Command)
    LL_GPIO_Init                             0x080106ed   Thumb Code   190  stm32f1xx_ll_gpio.o(.text.LL_GPIO_Init)
    LL_Init1msTick                           0x080107ad   Thumb Code    40  stm32f1xx_ll_utils.o(.text.LL_Init1msTick)
    LL_SetSystemCoreClock                    0x080107d5   Thumb Code    12  stm32f1xx_ll_utils.o(.text.LL_SetSystemCoreClock)
    LL_mDelay                                0x080107e1   Thumb Code    70  stm32f1xx_ll_utils.o(.text.LL_mDelay)
    MX_GPIO_Init                             0x08010829   Thumb Code   146  gpio.o(.text.MX_GPIO_Init)
    MemManage_Handler                        0x080108bd   Thumb Code     2  stm32f1xx_it.o(.text.MemManage_Handler)
    MultiTimerInstall                        0x080108c1   Thumb Code    16  multitimer.o(.text.MultiTimerInstall)
    MultiTimerStart                          0x080108d1   Thumb Code   208  multitimer.o(.text.MultiTimerStart)
    MultiTimerYield                          0x080109a1   Thumb Code    68  multitimer.o(.text.MultiTimerYield)
    NMI_Handler                              0x080109e5   Thumb Code     2  stm32f1xx_it.o(.text.NMI_Handler)
    PendSV_Handler                           0x080109e9   Thumb Code     2  stm32f1xx_it.o(.text.PendSV_Handler)
    Retarget_RTT_Init                        0x080109ed   Thumb Code     6  retarget_rtt.o(.text.Retarget_RTT_Init)
    SEGGER_RTT_PutChar                       0x080109f5   Thumb Code   244  segger_rtt.o(.text.SEGGER_RTT_PutChar)
    SEGGER_RTT_SetTerminal                   0x08010ae9   Thumb Code   494  segger_rtt.o(.text.SEGGER_RTT_SetTerminal)
    SVC_Handler                              0x08010cd9   Thumb Code     2  stm32f1xx_it.o(.text.SVC_Handler)
    SysTick_GetTicks                         0x08010cdd   Thumb Code    12  bsp_systick.o(.text.SysTick_GetTicks)
    SysTick_Handler                          0x08010ce9   Thumb Code     4  stm32f1xx_it.o(.text.SysTick_Handler)
    SysTick_Init                             0x08010ced   Thumb Code    70  bsp_systick.o(.text.SysTick_Init)
    SysTick_Interrupt                        0x08010d35   Thumb Code    24  bsp_systick.o(.text.SysTick_Interrupt)
    SystemClock_Config                       0x08010d4d   Thumb Code   272  main.o(.text.SystemClock_Config)
    SystemInit                               0x08010e5d   Thumb Code     2  system_stm32f1xx.o(.text.SystemInit)
    Timer1_Callback                          0x08010e61   Thumb Code    40  main.o(.text.Timer1_Callback)
    Timer2_Callback                          0x08010e89   Thumb Code    88  main.o(.text.Timer2_Callback)
    USART1_Configure                         0x08010f31   Thumb Code   572  myusartdrive_reg.o(.text.USART1_Configure)
    USART1_IRQHandler                        0x0801116d   Thumb Code   158  myusartdrive_reg.o(.text.USART1_IRQHandler)
    USART1_Module_Run                        0x0801120d   Thumb Code   240  myusartdrive_reg.o(.text.USART1_Module_Run)
    USART1_Put_TxData_To_Ringbuffer          0x08011381   Thumb Code   180  myusartdrive_reg.o(.text.USART1_Put_TxData_To_Ringbuffer)
    USB_HP_CAN1_TX_IRQHandler                0x08011435   Thumb Code   188  mycandrive_reg.o(.text.USB_HP_CAN1_TX_IRQHandler)
    UsageFault_Handler                       0x080114f1   Thumb Code     2  stm32f1xx_it.o(.text.UsageFault_Handler)
    fputc                                    0x08011521   Thumb Code    16  retarget_rtt.o(.text.fputc)
    lwrb_get_free                            0x08011531   Thumb Code    32  lwrb.o(.text.lwrb_get_free)
    lwrb_get_full                            0x08011551   Thumb Code    32  lwrb.o(.text.lwrb_get_full)
    lwrb_init                                0x08011571   Thumb Code    36  lwrb.o(.text.lwrb_init)
    lwrb_peek                                0x08011595   Thumb Code   134  lwrb.o(.text.lwrb_peek)
    lwrb_read                                0x0801161d   Thumb Code   170  lwrb.o(.text.lwrb_read)
    lwrb_reset                               0x080116c9   Thumb Code    42  lwrb.o(.text.lwrb_reset)
    lwrb_skip                                0x080116f5   Thumb Code    76  lwrb.o(.text.lwrb_skip)
    lwrb_write                               0x08011741   Thumb Code   170  lwrb.o(.text.lwrb_write)
    main                                     0x080117ed   Thumb Code   260  main.o(.text.main)
    __0printf$3                              0x08011911   Thumb Code    22  printf3.o(i.__0printf$3)
    __1printf$3                              0x08011911   Thumb Code     0  printf3.o(i.__0printf$3)
    __2printf                                0x08011911   Thumb Code     0  printf3.o(i.__0printf$3)
    __scatterload_copy                       0x08011931   Thumb Code    14  handlers.o(i.__scatterload_copy)
    __scatterload_null                       0x0801193f   Thumb Code     2  handlers.o(i.__scatterload_null)
    __scatterload_zeroinit                   0x08011941   Thumb Code    14  handlers.o(i.__scatterload_zeroinit)
    Region$$Table$$Base                      0x08011b34   Number         0  anon$$obj.o(Region$$Table)
    Region$$Table$$Limit                     0x08011b54   Number         0  anon$$obj.o(Region$$Table)
    update_flag                              0x20000000   Data           8  jump_boot.o(.bss.ARM.__at_0x20000000)
    __stdout                                 0x20000008   Data           4  stdout.o(.data)
    SystemCoreClock                          0x2000000c   Data           4  system_stm32f1xx.o(.data.SystemCoreClock)
    gTimer1                                  0x20000010   Data          24  main.o(.bss..L_MergedGlobals)
    gTimer2                                  0x20000028   Data          24  main.o(.bss..L_MergedGlobals)
    txmail_free                              0x20000040   Data           1  mycandrive_reg.o(.bss..L_MergedGlobals)
    canSendError                             0x20000044   Data           4  mycandrive_reg.o(.bss..L_MergedGlobals)
    g_RxOverflowError                        0x20000048   Data           4  mycandrive_reg.o(.bss..L_MergedGlobals)
    g_RXRingbufferOverflow                   0x2000004c   Data           4  mycandrive_reg.o(.bss..L_MergedGlobals)
    g_RxCount                                0x20000050   Data           8  mycandrive_reg.o(.bss..L_MergedGlobals)
    g_HandleRxMsg                            0x20000058   Data           8  mycandrive_reg.o(.bss..L_MergedGlobals)
    g_CanRxRBHandler                         0x20000060   Data          24  mycandrive_reg.o(.bss..L_MergedGlobals)
    g_CanTxRBHandler                         0x20000078   Data          24  mycandrive_reg.o(.bss..L_MergedGlobals)
    tx_dma_busy                              0x20000090   Data           1  myusartdrive_reg.o(.bss..L_MergedGlobals)
    g_DMARxLastPos                           0x20000092   Data           2  myusartdrive_reg.o(.bss..L_MergedGlobals)
    usart1Error                              0x20000094   Data           2  myusartdrive_reg.o(.bss..L_MergedGlobals)
    dma1Channel4Error                        0x20000096   Data           2  myusartdrive_reg.o(.bss..L_MergedGlobals)
    dma1Channel5Error                        0x20000098   Data           2  myusartdrive_reg.o(.bss..L_MergedGlobals)
    g_Usart1_RXCount                         0x200000a0   Data           8  myusartdrive_reg.o(.bss..L_MergedGlobals)
    g_Usart1_TXCount                         0x200000a8   Data           8  myusartdrive_reg.o(.bss..L_MergedGlobals)
    g_Usart1TxRBHandler                      0x200000b0   Data          24  myusartdrive_reg.o(.bss..L_MergedGlobals)
    g_Usart1RxRBHandler                      0x200000c8   Data          24  myusartdrive_reg.o(.bss..L_MergedGlobals)
    _SEGGER_RTT                              0x20000100   Data         168  segger_rtt.o(.bss._SEGGER_RTT)
    g_Usart1RxRB                             0x200005a8   Data        2048  myusartdrive_reg.o(.bss.g_Usart1RxRB)
    g_Usart1TxRB                             0x20000da8   Data        2048  myusartdrive_reg.o(.bss.g_Usart1TxRB)
    rx_buffer                                0x200015a8   Data        2048  myusartdrive_reg.o(.bss.rx_buffer)
    tx_buffer                                0x20001da8   Data        2048  myusartdrive_reg.o(.bss.tx_buffer)
    uwTick                                   0x200025a8   Data           8  bsp_systick.o(.bss.uwTick)
    __initial_sp                             0x200029b0   Data           0  startup_stm32f103xe.o(STACK)



==============================================================================

Memory Map of the image

  Image Entry point : 0x08010131

  Load Region LR_IROM1 (Base: 0x08010000, Size: 0x00001b60, Max: 0x00030000, ABSOLUTE)

    Execution Region ER_IROM1 (Exec base: 0x08010000, Load base: 0x08010000, Size: 0x00001b54, Max: 0x00030000, ABSOLUTE)

    Exec Addr    Load Addr    Size         Type   Attr      Idx    E Section Name        Object

    0x08010000   0x08010000   0x00000130   Data   RO            3    RESET               startup_stm32f103xe.o
    0x08010130   0x08010130   0x00000000   Code   RO          435  * .ARM.Collect$$$$00000000  mc_w.l(entry.o)
    0x08010130   0x08010130   0x00000004   Code   RO          707    .ARM.Collect$$$$00000001  mc_w.l(entry2.o)
    0x08010134   0x08010134   0x00000004   Code   RO          710    .ARM.Collect$$$$00000004  mc_w.l(entry5.o)
    0x08010138   0x08010138   0x00000000   Code   RO          712    .ARM.Collect$$$$00000008  mc_w.l(entry7b.o)
    0x08010138   0x08010138   0x00000000   Code   RO          714    .ARM.Collect$$$$0000000A  mc_w.l(entry8b.o)
    0x08010138   0x08010138   0x00000008   Code   RO          715    .ARM.Collect$$$$0000000B  mc_w.l(entry9a.o)
    0x08010140   0x08010140   0x00000000   Code   RO          717    .ARM.Collect$$$$0000000D  mc_w.l(entry10a.o)
    0x08010140   0x08010140   0x00000000   Code   RO          719    .ARM.Collect$$$$0000000F  mc_w.l(entry11a.o)
    0x08010140   0x08010140   0x00000004   Code   RO          708    .ARM.Collect$$$$00002712  mc_w.l(entry2.o)
    0x08010144   0x08010144   0x00000024   Code   RO            4    .text               startup_stm32f103xe.o
    0x08010168   0x08010168   0x00000024   Code   RO          438    .text               mc_w.l(memcpya.o)
    0x0801018c   0x0801018c   0x00000024   Code   RO          440    .text               mc_w.l(memseta.o)
    0x080101b0   0x080101b0   0x0000002c   Code   RO          731    .text               mc_w.l(uidiv.o)
    0x080101dc   0x080101dc   0x00000030   Code   RO          746    .text               mc_w.l(init.o)
    0x0801020c   0x0801020c   0x00000002   Code   RO           47    .text.BusFault_Handler  stm32f1xx_it.o
    0x0801020e   0x0801020e   0x00000002   PAD
    0x08010210   0x08010210   0x000001ac   Code   RO          186    .text.CAN1_RX1_IRQHandler  mycandrive_reg.o
    0x080103bc   0x080103bc   0x00000186   Code   RO          170    .text.CAN_SendMessage_NonBlocking  mycandrive_reg.o
    0x08010542   0x08010542   0x00000002   PAD
    0x08010544   0x08010544   0x0000007c   Code   RO          213    .text.DMA1_Channel4_IRQHandler  myusartdrive_reg.o
    0x080105c0   0x080105c0   0x000000c2   Code   RO          215    .text.DMA1_Channel5_IRQHandler  myusartdrive_reg.o
    0x08010682   0x08010682   0x00000002   PAD
    0x08010684   0x08010684   0x00000002   Code   RO           53    .text.DebugMon_Handler  stm32f1xx_it.o
    0x08010686   0x08010686   0x00000002   PAD
    0x08010688   0x08010688   0x0000000a   Code   RO           19    .text.Error_Handler  main.o
    0x08010692   0x08010692   0x00000002   PAD
    0x08010694   0x08010694   0x00000002   Code   RO           43    .text.HardFault_Handler  stm32f1xx_it.o
    0x08010696   0x08010696   0x00000002   PAD
    0x08010698   0x08010698   0x00000054   Code   RO          422    .text.IAP_Parse_Command  jump_boot.o
    0x080106ec   0x080106ec   0x000000be   Code   RO           68    .text.LL_GPIO_Init  stm32f1xx_ll_gpio.o
    0x080107aa   0x080107aa   0x00000002   PAD
    0x080107ac   0x080107ac   0x00000028   Code   RO          129    .text.LL_Init1msTick  stm32f1xx_ll_utils.o
    0x080107d4   0x080107d4   0x0000000c   Code   RO          133    .text.LL_SetSystemCoreClock  stm32f1xx_ll_utils.o
    0x080107e0   0x080107e0   0x00000046   Code   RO          131    .text.LL_mDelay     stm32f1xx_ll_utils.o
    0x08010826   0x08010826   0x00000002   PAD
    0x08010828   0x08010828   0x00000092   Code   RO           32    .text.MX_GPIO_Init  gpio.o
    0x080108ba   0x080108ba   0x00000002   PAD
    0x080108bc   0x080108bc   0x00000002   Code   RO           45    .text.MemManage_Handler  stm32f1xx_it.o
    0x080108be   0x080108be   0x00000002   PAD
    0x080108c0   0x080108c0   0x00000010   Code   RO          405    .text.MultiTimerInstall  multitimer.o
    0x080108d0   0x080108d0   0x000000d0   Code   RO          407    .text.MultiTimerStart  multitimer.o
    0x080109a0   0x080109a0   0x00000044   Code   RO          411    .text.MultiTimerYield  multitimer.o
    0x080109e4   0x080109e4   0x00000002   Code   RO           41    .text.NMI_Handler   stm32f1xx_it.o
    0x080109e6   0x080109e6   0x00000002   PAD
    0x080109e8   0x080109e8   0x00000002   Code   RO           55    .text.PendSV_Handler  stm32f1xx_it.o
    0x080109ea   0x080109ea   0x00000002   PAD
    0x080109ec   0x080109ec   0x00000006   Code   RO          395    .text.Retarget_RTT_Init  retarget_rtt.o
    0x080109f2   0x080109f2   0x00000002   PAD
    0x080109f4   0x080109f4   0x000000f4   Code   RO          323    .text.SEGGER_RTT_PutChar  segger_rtt.o
    0x08010ae8   0x08010ae8   0x000001ee   Code   RO          353    .text.SEGGER_RTT_SetTerminal  segger_rtt.o
    0x08010cd6   0x08010cd6   0x00000002   PAD
    0x08010cd8   0x08010cd8   0x00000002   Code   RO           51    .text.SVC_Handler   stm32f1xx_it.o
    0x08010cda   0x08010cda   0x00000002   PAD
    0x08010cdc   0x08010cdc   0x0000000c   Code   RO          234    .text.SysTick_GetTicks  bsp_systick.o
    0x08010ce8   0x08010ce8   0x00000004   Code   RO           57    .text.SysTick_Handler  stm32f1xx_it.o
    0x08010cec   0x08010cec   0x00000046   Code   RO          238    .text.SysTick_Init  bsp_systick.o
    0x08010d32   0x08010d32   0x00000002   PAD
    0x08010d34   0x08010d34   0x00000018   Code   RO          236    .text.SysTick_Interrupt  bsp_systick.o
    0x08010d4c   0x08010d4c   0x00000110   Code   RO           13    .text.SystemClock_Config  main.o
    0x08010e5c   0x08010e5c   0x00000002   Code   RO          151    .text.SystemInit    system_stm32f1xx.o
    0x08010e5e   0x08010e5e   0x00000002   PAD
    0x08010e60   0x08010e60   0x00000028   Code   RO           15    .text.Timer1_Callback  main.o
    0x08010e88   0x08010e88   0x000000a8   Code   RO           17    .text.Timer2_Callback  main.o
    0x08010f30   0x08010f30   0x0000023c   Code   RO          209    .text.USART1_Configure  myusartdrive_reg.o
    0x0801116c   0x0801116c   0x0000009e   Code   RO          217    .text.USART1_IRQHandler  myusartdrive_reg.o
    0x0801120a   0x0801120a   0x00000002   PAD
    0x0801120c   0x0801120c   0x000000f0   Code   RO          207    .text.USART1_Module_Run  myusartdrive_reg.o
    0x080112fc   0x080112fc   0x00000082   Code   RO          219    .text.USART1_Put_Data_Into_Ringbuffer  myusartdrive_reg.o
    0x0801137e   0x0801137e   0x00000002   PAD
    0x08011380   0x08011380   0x000000b4   Code   RO          205    .text.USART1_Put_TxData_To_Ringbuffer  myusartdrive_reg.o
    0x08011434   0x08011434   0x000000bc   Code   RO          184    .text.USB_HP_CAN1_TX_IRQHandler  mycandrive_reg.o
    0x080114f0   0x080114f0   0x00000002   Code   RO           49    .text.UsageFault_Handler  stm32f1xx_it.o
    0x080114f2   0x080114f2   0x00000002   PAD
    0x080114f4   0x080114f4   0x0000002a   Code   RO          424    .text.__NVIC_SystemReset  jump_boot.o
    0x0801151e   0x0801151e   0x00000002   PAD
    0x08011520   0x08011520   0x00000010   Code   RO          393    .text.fputc         retarget_rtt.o
    0x08011530   0x08011530   0x00000020   Code   RO          264    .text.lwrb_get_free  lwrb.o
    0x08011550   0x08011550   0x00000020   Code   RO          270    .text.lwrb_get_full  lwrb.o
    0x08011570   0x08011570   0x00000024   Code   RO          248    .text.lwrb_init     lwrb.o
    0x08011594   0x08011594   0x00000086   Code   RO          272    .text.lwrb_peek     lwrb.o
    0x0801161a   0x0801161a   0x00000002   PAD
    0x0801161c   0x0801161c   0x000000aa   Code   RO          266    .text.lwrb_read     lwrb.o
    0x080116c6   0x080116c6   0x00000002   PAD
    0x080116c8   0x080116c8   0x0000002a   Code   RO          274    .text.lwrb_reset    lwrb.o
    0x080116f2   0x080116f2   0x00000002   PAD
    0x080116f4   0x080116f4   0x0000004c   Code   RO          280    .text.lwrb_skip     lwrb.o
    0x08011740   0x08011740   0x000000aa   Code   RO          260    .text.lwrb_write    lwrb.o
    0x080117ea   0x080117ea   0x00000002   PAD
    0x080117ec   0x080117ec   0x00000124   Code   RO           11    .text.main          main.o
    0x08011910   0x08011910   0x00000020   Code   RO          535    i.__0printf$3       mc_w.l(printf3.o)
    0x08011930   0x08011930   0x0000000e   Code   RO          758    i.__scatterload_copy  mc_w.l(handlers.o)
    0x0801193e   0x0801193e   0x00000002   Code   RO          759    i.__scatterload_null  mc_w.l(handlers.o)
    0x08011940   0x08011940   0x0000000e   Code   RO          760    i.__scatterload_zeroinit  mc_w.l(handlers.o)
    0x0801194e   0x0801194e   0x00000002   PAD
    0x08011950   0x08011950   0x000001b8   Code   RO          542    i._printf_core      mc_w.l(printf3.o)
    0x08011b08   0x08011b08   0x00000010   Data   RO          362    .rodata.cst16       segger_rtt.o
    0x08011b18   0x08011b18   0x00000013   Data   RO           21    .rodata.str1.1      main.o
    0x08011b2b   0x08011b2b   0x00000009   Data   RO          363    .rodata.str1.1      segger_rtt.o
    0x08011b34   0x08011b34   0x00000020   Data   RO          757    Region$$Table       anon$$obj.o


    Execution Region RW_IRAM2 (Exec base: 0x20000000, Load base: 0x08011b60, Size: 0x00000008, Max: 0x00000008, ABSOLUTE, UNINIT)

    Exec Addr    Load Addr    Size         Type   Attr      Idx    E Section Name        Object

    0x20000000        -       0x00000008   Zero   RW          427    .bss.ARM.__at_0x20000000  jump_boot.o


    Execution Region RW_IRAM1 (Exec base: 0x20000008, Load base: 0x08011b58, Size: 0x000029a8, Max: 0x0000fff8, ABSOLUTE)

    Exec Addr    Load Addr    Size         Type   Attr      Idx    E Section Name        Object

    0x20000008   0x08011b58   0x00000004   Data   RW          721    .data               mc_w.l(stdout.o)
    0x2000000c   0x08011b5c   0x00000004   Data   RW          155    .data.SystemCoreClock  system_stm32f1xx.o
    0x20000010        -       0x00000030   Zero   RW           23    .bss..L_MergedGlobals  main.o
    0x20000040        -       0x00000050   Zero   RW          192    .bss..L_MergedGlobals  mycandrive_reg.o
    0x20000090        -       0x00000050   Zero   RW          225    .bss..L_MergedGlobals  myusartdrive_reg.o
    0x200000e0        -       0x00000011   Zero   RW          365    .bss..L_MergedGlobals  segger_rtt.o
    0x200000f1   0x08011b60   0x00000003   PAD
    0x200000f4        -       0x00000008   Zero   RW          413    .bss..L_MergedGlobals  multitimer.o
    0x200000fc        -       0x00000001   Zero   RW          426    .bss.IAP_Parse_Command.match_index  jump_boot.o
    0x200000fd   0x08011b60   0x00000003   PAD
    0x20000100        -       0x000000a8   Zero   RW          361    .bss._SEGGER_RTT    segger_rtt.o
    0x200001a8        -       0x00000400   Zero   RW          364    .bss._acUpBuffer    segger_rtt.o
    0x200005a8        -       0x00000800   Zero   RW          221    .bss.g_Usart1RxRB   myusartdrive_reg.o
    0x20000da8        -       0x00000800   Zero   RW          222    .bss.g_Usart1TxRB   myusartdrive_reg.o
    0x200015a8        -       0x00000800   Zero   RW          224    .bss.rx_buffer      myusartdrive_reg.o
    0x20001da8        -       0x00000800   Zero   RW          223    .bss.tx_buffer      myusartdrive_reg.o
    0x200025a8        -       0x00000008   Zero   RW          240    .bss.uwTick         bsp_systick.o
    0x200025b0        -       0x00000400   Zero   RW            1    STACK               startup_stm32f103xe.o


==============================================================================

Image component sizes


      Code (inc. data)   RO Data    RW Data    ZI Data      Debug   Object Name

       106          0          0          0          8       3897   bsp_systick.o
       146          0          0          0          0       2051   gpio.o
       126          8          0          0          9       1811   jump_boot.o
       692          0          0          0          0      12914   lwrb.o
       782        112         19          0         48       8103   main.o
       292          0          0          0          8       2461   multitimer.o
      1006          0          0          0         80      13921   mycandrive_reg.o
      1598          0          0          0       8272      11448   myusartdrive_reg.o
        22          0          0          0          0       1149   retarget_rtt.o
       738          0         25          0       1209      30755   segger_rtt.o
        36          8        304          0       1024        808   startup_stm32f103xe.o
        20          0          0          0          0       1147   stm32f1xx_it.o
       190          0          0          0          0       3238   stm32f1xx_ll_gpio.o
       122          0          0          0          0       7877   stm32f1xx_ll_utils.o
         2          0          0          4          0       1607   system_stm32f1xx.o

    ----------------------------------------------------------------------
      5928        128        380          4      10664     103187   Object Totals
         0          0         32          0          0          0   (incl. Generated)
        50          0          0          0          6          0   (incl. Padding)

    ----------------------------------------------------------------------

      Code (inc. data)   RO Data    RW Data    ZI Data      Debug   Library Member Name

         0          0          0          0          0          0   entry.o
         0          0          0          0          0          0   entry10a.o
         0          0          0          0          0          0   entry11a.o
         8          4          0          0          0          0   entry2.o
         4          0          0          0          0          0   entry5.o
         0          0          0          0          0          0   entry7b.o
         0          0          0          0          0          0   entry8b.o
         8          4          0          0          0          0   entry9a.o
        30          0          0          0          0          0   handlers.o
        48         10          0          0          0         68   init.o
        36          0          0          0          0         68   memcpya.o
        36          0          0          0          0        108   memseta.o
       472         14          0          0          0        184   printf3.o
         0          0          0          4          0          0   stdout.o
        44          0          0          0          0         80   uidiv.o

    ----------------------------------------------------------------------
       688         32          0          4          0        508   Library Totals
         2          0          0          0          0          0   (incl. Padding)

    ----------------------------------------------------------------------

      Code (inc. data)   RO Data    RW Data    ZI Data      Debug   Library Name

       686         32          0          4          0        508   mc_w.l

    ----------------------------------------------------------------------
       688         32          0          4          0        508   Library Totals

    ----------------------------------------------------------------------

==============================================================================


      Code (inc. data)   RO Data    RW Data    ZI Data      Debug   

      6616        160        380          8      10664     103431   Grand Totals
      6616        160        380          8      10664     103431   ELF Image Totals
      6616        160        380          8          0          0   ROM Totals

==============================================================================

    Total RO  Size (Code + RO Data)                 6996 (   6.83kB)
    Total RW  Size (RW Data + ZI Data)             10672 (  10.42kB)
    Total ROM Size (Code + RO Data + RW Data)       7004 (   6.84kB)

==============================================================================

