<html>
<body>
<pre>
<h1>µVision Build Log</h1>
<h2>Tool Versions:</h2>
IDE-Version: ¦ÌVision V5.39.0.0
Copyright (C) 2023 ARM Ltd and ARM Germany GmbH. All rights reserved.
License Information: fuwei admin, LT, LIC=DVR3V-8FIHS-FKWBA-EXXCP-ZYPSU-1LV4Y
 
Tool Versions:
Toolchain:       MDK-ARM Community  Version: 5.39.0.0
Toolchain Path:  C:\Keil_v5\ARM\ARMCLANG\Bin
C Compiler:      ArmClang.exe V6.21
Assembler:       Armasm.exe V6.21
Linker/Locator:  ArmLink.exe V6.21
Library Manager: ArmAr.exe V6.21
Hex Converter:   FromElf.exe V6.21
CPU DLL:         SARMCM3.DLL V5.39.0.0
Dialog DLL:      DCM.DLL V1.17.5.0
Target DLL:      STLink\ST-LINKIII-KEIL_SWO.dll V3.2.0.0
Dialog DLL:      TCM.DLL V1.56.4.0
 
<h2>Project:</h2>
D:\Coding\MCU_Develop\stm32f103_RTX5_EventRecorder\MDK-ARM\stm32f103zet6.uvprojx
Project File Date:  03/19/2025

<h2>Output:</h2>
*** Using Compiler 'V6.21', folder: 'C:\Keil_v5\ARM\ARMCLANG\Bin'
Build target 'stm32f103zet6'
compiling gpio.c...
compiling stm32f1xx_hal_gpio_ex.c...
compiling stm32f1xx_hal_msp.c...
compiling stm32f1xx_hal_timebase_tim.c...
compiling main.c...
compiling stm32f1xx_it.c...
compiling stm32f1xx_hal.c...
compiling stm32f1xx_hal_rcc_ex.c...
compiling stm32f1xx_hal_gpio.c...
compiling stm32f1xx_hal_rcc.c...
compiling stm32f1xx_hal_dma.c...
compiling stm32f1xx_hal_tim_ex.c...
compiling stm32f1xx_hal_cortex.c...
compiling stm32f1xx_hal_pwr.c...
compiling stm32f1xx_hal_flash.c...
compiling stm32f1xx_hal_exti.c...
compiling stm32f1xx_hal_flash_ex.c...
compiling stm32f1xx_hal_tim.c...
compiling system_stm32f1xx.c...
compiling rtx_delay.c...
compiling rtx_lib.c...
compiling rtx_evflags.c...
compiling rtx_memory.c...
compiling rtx_evr.c...
compiling rtx_kernel.c...
compiling rtx_mempool.c...
compiling rtx_system.c...
compiling rtx_mutex.c...
compiling rtx_semaphore.c...
compiling rtx_msgqueue.c...
compiling rtx_timer.c...
compiling RTX_Config.c...
compiling os_systick.c...
compiling retarget_io.c...
compiling rtx_thread.c...
compiling EventRecorder.c...
linking...
Program Size: Code=18744 RO-data=776 RW-data=180 ZI-data=36512  
FromELF: creating hex file...
"stm32f103zet6\stm32f103zet6.axf" - 0 Error(s), 0 Warning(s).

<h2>Software Packages used:</h2>

Package Vendor: ARM
                http://www.keil.com/pack/ARM.CMSIS.5.9.0.pack
                ARM::CMSIS@5.9.0
                CMSIS (Common Microcontroller Software Interface Standard)
   * Component: RTOS2 Version: 2.1.3
   * Component: CORE Version: 5.6.0
   * Component: Keil RTX5 Variant: Source Version: 5.5.4

Package Vendor: Keil
                https://www.keil.com/pack/Keil.ARM_Compiler.1.7.2.pack
                Keil::ARM_Compiler@1.7.2
                Keil ARM Compiler extensions for ARM Compiler 5 and ARM Compiler 6
   * Component: Event Recorder Variant: DAP Version: 1.5.1
   * Component: STDOUT Variant: EVR Version: 1.2.0

Package Vendor: Keil
                http://www.keil.com/pack/Keil.STM32F1xx_DFP.2.4.0.pack
                Keil::STM32F1xx_DFP@2.4.0
                STMicroelectronics STM32F1 Series Device Support, Drivers and Examples
   * Component: Startup Version: 1.0.0

<h2>Collection of Component include folders:</h2>
  ./RTE/CMSIS
  ./RTE/Compiler
  ./RTE/_stm32f103zet6
  C:/Users/wallace.zhang/AppData/Local/Arm/Packs/ARM/CMSIS/5.9.0/CMSIS/Core/Include
  C:/Users/wallace.zhang/AppData/Local/Arm/Packs/ARM/CMSIS/5.9.0/CMSIS/RTOS2/Include
  C:/Users/wallace.zhang/AppData/Local/Arm/Packs/ARM/CMSIS/5.9.0/CMSIS/RTOS2/RTX/Include
  C:/Users/wallace.zhang/AppData/Local/Arm/Packs/Keil/ARM_Compiler/1.7.2/Include
  C:/Users/wallace.zhang/AppData/Local/Arm/Packs/Keil/STM32F1xx_DFP/2.4.0/Device/Include

<h2>Collection of Component Files used:</h2>

   * Component: ::CMSIS:RTOS2(API)@2.1.3
      Include file:  CMSIS/RTOS2/Include/cmsis_os2.h

   * Component: ARM::CMSIS:CORE@5.6.0
      Include file:  CMSIS/Core/Include/tz_context.h

   * Component: ARM::CMSIS:RTOS2:Keil RTX5&Source@5.5.4
      Source file:   CMSIS/RTOS2/RTX/Template/Mutex.c
      Source file:   CMSIS/RTOS2/RTX/Template/MemPool.c
      Source file:   CMSIS/RTOS2/RTX/Template/main.c
      Source file:   CMSIS/RTOS2/RTX/Template/Semaphore.c
      Include file:  CMSIS/RTOS2/RTX/Config/RTX_Config.h
      Source file:   CMSIS/RTOS2/RTX/Config/RTX_Config.c
      Source file:   CMSIS/RTOS2/RTX/Template/Thread.c
      Include file:  CMSIS/RTOS2/RTX/Include/rtx_os.h
      Source file:   CMSIS/RTOS2/RTX/Template/Events.c
      Source file:   CMSIS/RTOS2/RTX/Template/Timer.c
      Source file:   CMSIS/RTOS2/RTX/Template/svc_user.c
      Source file:   CMSIS/RTOS2/RTX/Template/MsgQueue.c
      Source file:   CMSIS/RTOS2/RTX/Source/rtx_semaphore.c
      Source file:   CMSIS/RTOS2/RTX/Source/rtx_delay.c
      Source file:   CMSIS/RTOS2/RTX/Source/rtx_evflags.c
      Source file:   CMSIS/RTOS2/RTX/Source/rtx_lib.c
      Source file:   CMSIS/RTOS2/Source/os_systick.c
      Source file:   CMSIS/RTOS2/RTX/Source/rtx_mempool.c
      Source file:   CMSIS/RTOS2/RTX/Source/rtx_mutex.c
      Source file:   CMSIS/RTOS2/RTX/Source/rtx_memory.c
      Source file:   CMSIS/RTOS2/RTX/Source/rtx_thread.c
      Source file:   CMSIS/RTOS2/RTX/Source/rtx_timer.c
      Source file:   CMSIS/RTOS2/RTX/Source/rtx_kernel.c
      Source file:   CMSIS/RTOS2/RTX/Source/rtx_msgqueue.c
      Source file:   CMSIS/RTOS2/RTX/Source/rtx_evr.c
      Source file:   CMSIS/RTOS2/RTX/Source/GCC/irq_armv7m.S
      Source file:   CMSIS/RTOS2/RTX/Source/rtx_system.c

   * Component: Keil::Compiler&ARM Compiler:Event Recorder&DAP@1.5.1
      Source file:   Source/EventRecorder.c
      Include file:  Config/EventRecorderConf.h
      Include file:  Include/EventRecorder.h

   * Component: Keil::Compiler&ARM Compiler:I/O:STDOUT&EVR@1.2.0
      Source file:   Source/retarget_io.c

   * Component: Keil::Device:Startup@1.0.0
      Source file:   Device/Source/ARM/startup_stm32f10x_hd.s
      Include file:  RTE_Driver/Config/RTE_Device.h
      Source file:   Device/Source/ARM/STM32F1xx_OPT.s
      Source file:   Device/Source/system_stm32f10x.c
Build Time Elapsed:  00:00:04
</pre>
</body>
</html>
