Component: Arm Compiler for Embedded 6.21 Tool: armlink [5ec1fa00]

==============================================================================

Section Cross References

    startup_stm32f103xe.o(RESET) refers to startup_stm32f103xe.o(STACK) for __initial_sp
    startup_stm32f103xe.o(RESET) refers to startup_stm32f103xe.o(.text) for Reset_Handler
    startup_stm32f103xe.o(RESET) refers to stm32f1xx_it.o(.text.NMI_Handler) for NMI_Handler
    startup_stm32f103xe.o(RESET) refers to stm32f1xx_it.o(.text.HardFault_Handler) for HardFault_Handler
    startup_stm32f103xe.o(RESET) refers to stm32f1xx_it.o(.text.MemManage_Handler) for MemManage_Handler
    startup_stm32f103xe.o(RESET) refers to stm32f1xx_it.o(.text.BusFault_Handler) for BusFault_Handler
    startup_stm32f103xe.o(RESET) refers to stm32f1xx_it.o(.text.UsageFault_Handler) for UsageFault_Handler
    startup_stm32f103xe.o(RESET) refers to irq_armv7m.o(.text) for SVC_Handler
    startup_stm32f103xe.o(RESET) refers to stm32f1xx_it.o(.text.DebugMon_Handler) for DebugMon_Handler
    startup_stm32f103xe.o(RESET) refers to stm32f1xx_it.o(.text.TIM8_UP_IRQHandler) for TIM8_UP_IRQHandler
    startup_stm32f103xe.o(.text) refers to system_stm32f1xx.o(.text.SystemInit) for SystemInit
    startup_stm32f103xe.o(.text) refers to entry.o(.ARM.Collect$$$$00000000) for __main
    main.o(.text.main) refers to stm32f1xx_hal.o(.text.HAL_Init) for HAL_Init
    main.o(.text.main) refers to stm32f1xx_hal_rcc.o(.text.HAL_RCC_OscConfig) for HAL_RCC_OscConfig
    main.o(.text.main) refers to stm32f1xx_hal_rcc.o(.text.HAL_RCC_ClockConfig) for HAL_RCC_ClockConfig
    main.o(.text.main) refers to gpio.o(.text.MX_GPIO_Init) for MX_GPIO_Init
    main.o(.text.main) refers to eventrecorder.o(.text.EventRecorderInitialize) for EventRecorderInitialize
    main.o(.text.main) refers to eventrecorder.o(.text.EventRecorderStart) for EventRecorderStart
    main.o(.text.main) refers to rtx_kernel.o(.text.osKernelInitialize) for osKernelInitialize
    main.o(.text.main) refers to main.o(.text.thread_Start_App) for thread_Start_App
    main.o(.text.main) refers to main.o(.rodata.thread_Start_Attr) for thread_Start_Attr
    main.o(.text.main) refers to rtx_thread.o(.text.osThreadNew) for osThreadNew
    main.o(.text.main) refers to main.o(.bss.threadID_Start_Thread) for threadID_Start_Thread
    main.o(.text.main) refers to rtx_kernel.o(.text.osKernelStart) for osKernelStart
    main.o(.text.main) refers to stm32f1xx_hal_gpio.o(.text.HAL_GPIO_TogglePin) for HAL_GPIO_TogglePin
    main.o(.text.main) refers to stm32f1xx_hal.o(.text.HAL_Delay) for HAL_Delay
    main.o(.ARM.exidx.text.main) refers to main.o(.text.main) for [Anonymous Symbol]
    main.o(.text.SystemClock_Config) refers to stm32f1xx_hal_rcc.o(.text.HAL_RCC_OscConfig) for HAL_RCC_OscConfig
    main.o(.text.SystemClock_Config) refers to stm32f1xx_hal_rcc.o(.text.HAL_RCC_ClockConfig) for HAL_RCC_ClockConfig
    main.o(.ARM.exidx.text.SystemClock_Config) refers to main.o(.text.SystemClock_Config) for [Anonymous Symbol]
    main.o(.text.thread_Start_App) refers to stm32f1xx_hal_timebase_tim.o(.text.HAL_ResumeTick) for HAL_ResumeTick
    main.o(.text.thread_Start_App) refers to rtx_kernel.o(.text.osKernelGetTickCount) for osKernelGetTickCount
    main.o(.text.thread_Start_App) refers to main.o(.text.thread_LED_App) for thread_LED_App
    main.o(.text.thread_Start_App) refers to main.o(.rodata.thread_LED_Attr) for thread_LED_Attr
    main.o(.text.thread_Start_App) refers to rtx_thread.o(.text.osThreadNew) for osThreadNew
    main.o(.text.thread_Start_App) refers to main.o(.bss.threadID_LED_Thread) for threadID_LED_Thread
    main.o(.text.thread_Start_App) refers to rtx_delay.o(.text.osDelay) for osDelay
    main.o(.text.thread_Start_App) refers to rtx_thread.o(.text.osThreadExit) for osThreadExit
    main.o(.ARM.exidx.text.thread_Start_App) refers to main.o(.text.thread_Start_App) for [Anonymous Symbol]
    main.o(.ARM.exidx.text.Error_Handler) refers to main.o(.text.Error_Handler) for [Anonymous Symbol]
    main.o(.text.thread_LED_App) refers to rtx_kernel.o(.text.osKernelGetTickCount) for osKernelGetTickCount
    main.o(.text.thread_LED_App) refers to main.o(.bss.thread_LED_App.cnt) for thread_LED_App.cnt
    main.o(.text.thread_LED_App) refers to stm32f1xx_hal_gpio.o(.text.HAL_GPIO_TogglePin) for HAL_GPIO_TogglePin
    main.o(.text.thread_LED_App) refers to printf1.o(i.__0printf$1) for __2printf
    main.o(.text.thread_LED_App) refers to rtx_delay.o(.text.osDelay) for osDelay
    main.o(.ARM.exidx.text.thread_LED_App) refers to main.o(.text.thread_LED_App) for [Anonymous Symbol]
    main.o(.text.HAL_TIM_PeriodElapsedCallback) refers to stm32f1xx_hal.o(.text.HAL_IncTick) for HAL_IncTick
    main.o(.ARM.exidx.text.HAL_TIM_PeriodElapsedCallback) refers to main.o(.text.HAL_TIM_PeriodElapsedCallback) for [Anonymous Symbol]
    main.o(.rodata.thread_LED_Attr) refers to main.o(.rodata.str1.1) for [Anonymous Symbol]
[...]
    .ARM.Collect$$$$0000000D                 0x08000140   Section        0  entry10a.o(.ARM.Collect$$$$0000000D)
    .ARM.Collect$$$$0000000F                 0x08000140   Section        0  entry11a.o(.ARM.Collect$$$$0000000F)
    .ARM.Collect$$$$00002712                 0x08000140   Section        4  entry2.o(.ARM.Collect$$$$00002712)
    .text                                    0x08000144   Section       36  startup_stm32f103xe.o(.text)
    [Anonymous Symbol]                       0x08000168   Section        0  irq_armv7m.o(.text)
    SVC_Context                              0x08000190   Number         0  irq_armv7m.o(.text)
    SVC_ContextSave                          0x080001a0   Number         0  irq_armv7m.o(.text)
    SVC_ContextRestore                       0x080001a8   Number         0  irq_armv7m.o(.text)
    SVC_Exit                                 0x080001b6   Number         0  irq_armv7m.o(.text)
    SVC_User                                 0x080001b8   Number         0  irq_armv7m.o(.text)
    .text                                    0x080001fc   Section        0  memcpya.o(.text)
    .text                                    0x08000220   Section        0  memseta.o(.text)
    .text                                    0x08000244   Section        0  uidiv.o(.text)
    .text                                    0x08000270   Section       48  init.o(.text)
    [Anonymous Symbol]                       0x080002a0   Section        0  stm32f1xx_it.o(.text.BusFault_Handler)
    [Anonymous Symbol]                       0x080002a4   Section        0  stm32f1xx_it.o(.text.DebugMon_Handler)
    [Anonymous Symbol]                       0x080002a8   Section        0  eventrecorder.o(.text.EventRecord2)
    [Anonymous Symbol]                       0x08000358   Section        0  eventrecorder.o(.text.EventRecord4)
    [Anonymous Symbol]                       0x0800044c   Section        0  eventrecorder.o(.text.EventRecordData)
    EventRecordItem                          0x080005e9   Thumb Code   680  eventrecorder.o(.text.EventRecordItem)
    [Anonymous Symbol]                       0x080005e8   Section        0  eventrecorder.o(.text.EventRecordItem)
    [Anonymous Symbol]                       0x08000890   Section        0  eventrecorder.o(.text.EventRecorderInitialize)
    [Anonymous Symbol]                       0x08001328   Section        0  eventrecorder.o(.text.EventRecorderStart)
    [Anonymous Symbol]                       0x080013b0   Section        0  eventrecorder.o(.text.EventRecorderTimerGetCount)
    [Anonymous Symbol]                       0x080013bc   Section        0  eventrecorder.o(.text.EventRecorderTimerGetFreq)
    [Anonymous Symbol]                       0x080013c8   Section        0  eventrecorder.o(.text.EventRecorderTimerSetup)
    [Anonymous Symbol]                       0x080013ec   Section        0  rtx_evr.o(.text.EvrRtxDelay)
    [Anonymous Symbol]                       0x080013fc   Section        0  rtx_evr.o(.text.EvrRtxDelayCompleted)
    [Anonymous Symbol]                       0x0800140c   Section        0  rtx_evr.o(.text.EvrRtxDelayError)
    [Anonymous Symbol]                       0x08001418   Section        0  rtx_evr.o(.text.EvrRtxDelayStarted)
    [Anonymous Symbol]                       0x08001428   Section        0  rtx_evr.o(.text.EvrRtxEventFlagsWaitTimeout)
    [Anonymous Symbol]                       0x08001438   Section        0  rtx_evr.o(.text.EvrRtxKernelError)
    [Anonymous Symbol]                       0x08001444   Section        0  rtx_evr.o(.text.EvrRtxKernelErrorNotify)
    [Anonymous Symbol]                       0x08001450   Section        0  rtx_evr.o(.text.EvrRtxKernelGetTickCount)
    [Anonymous Symbol]                       0x08001460   Section        0  rtx_evr.o(.text.EvrRtxKernelInitialize)
    [Anonymous Symbol]                       0x08001470   Section        0  rtx_evr.o(.text.EvrRtxKernelInitialized)
    [Anonymous Symbol]                       0x08001480   Section        0  rtx_evr.o(.text.EvrRtxKernelStart)
    [Anonymous Symbol]                       0x08001490   Section        0  rtx_evr.o(.text.EvrRtxKernelStarted)
    [Anonymous Symbol]                       0x080014a0   Section        0  rtx_evr.o(.text.EvrRtxMemoryAlloc)
    [Anonymous Symbol]                       0x080014c0   Section        0  rtx_evr.o(.text.EvrRtxMemoryBlockAlloc)
    [Anonymous Symbol]                       0x080014d0   Section        0  rtx_evr.o(.text.EvrRtxMemoryBlockFree)
    [Anonymous Symbol]                       0x080014f4   Section        0  rtx_evr.o(.text.EvrRtxMemoryBlockInit)
    [Anonymous Symbol]                       0x08001514   Section        0  rtx_evr.o(.text.EvrRtxMemoryFree)
    [Anonymous Symbol]                       0x08001538   Section        0  rtx_evr.o(.text.EvrRtxMemoryInit)
    [Anonymous Symbol]                       0x08001558   Section        0  rtx_evr.o(.text.EvrRtxMemoryPoolAllocTimeout)
    [Anonymous Symbol]                       0x08001568   Section        0  rtx_evr.o(.text.EvrRtxMessageQueueCreated)
    [Anonymous Symbol]                       0x08001578   Section        0  rtx_evr.o(.text.EvrRtxMessageQueueError)
    [Anonymous Symbol]                       0x08001584   Section        0  rtx_evr.o(.text.EvrRtxMessageQueueGet)
    [Anonymous Symbol]                       0x080015a4   Section        0  rtx_evr.o(.text.EvrRtxMessageQueueGetPending)
    [Anonymous Symbol]                       0x080015c8   Section        0  rtx_evr.o(.text.EvrRtxMessageQueueGetTimeout)
    [Anonymous Symbol]                       0x080015d8   Section        0  rtx_evr.o(.text.EvrRtxMessageQueueInsertPending)
    [Anonymous Symbol]                       0x080015e8   Section        0  rtx_evr.o(.text.EvrRtxMessageQueueInserted)
    [Anonymous Symbol]                       0x080015f8   Section        0  rtx_evr.o(.text.EvrRtxMessageQueueNotInserted)
    [Anonymous Symbol]                       0x08001608   Section        0  rtx_evr.o(.text.EvrRtxMessageQueueNotRetrieved)
    [Anonymous Symbol]                       0x08001618   Section        0  rtx_evr.o(.text.EvrRtxMessageQueuePut)
    [Anonymous Symbol]                       0x08001638   Section        0  rtx_evr.o(.text.EvrRtxMessageQueuePutPending)
    [Anonymous Symbol]                       0x0800165c   Section        0  rtx_evr.o(.text.EvrRtxMessageQueuePutTimeout)
    [Anonymous Symbol]                       0x0800166c   Section        0  rtx_evr.o(.text.EvrRtxMessageQueueRetrieved)
    [Anonymous Symbol]                       0x0800167c   Section        0  rtx_evr.o(.text.EvrRtxMutexAcquireTimeout)
    [Anonymous Symbol]                       0x0800168c   Section        0  rtx_evr.o(.text.EvrRtxMutexAcquired)
    [Anonymous Symbol]                       0x0800169c   Section        0  rtx_evr.o(.text.EvrRtxMutexReleased)
    [Anonymous Symbol]                       0x080016ac   Section        0  rtx_evr.o(.text.EvrRtxSemaphoreAcquireTimeout)
    [Anonymous Symbol]                       0x080016bc   Section        0  rtx_evr.o(.text.EvrRtxThreadBlocked)
    [Anonymous Symbol]                       0x080016cc   Section        0  rtx_evr.o(.text.EvrRtxThreadCreated)
    [Anonymous Symbol]                       0x080016e4   Section        0  rtx_evr.o(.text.EvrRtxThreadDestroyed)
    [Anonymous Symbol]                       0x080016f4   Section        0  rtx_evr.o(.text.EvrRtxThreadError)
    [Anonymous Symbol]                       0x08001700   Section        0  rtx_evr.o(.text.EvrRtxThreadExit)
    [Anonymous Symbol]                       0x08001710   Section        0  rtx_evr.o(.text.EvrRtxThreadFlagsWaitCompleted)
    [Anonymous Symbol]                       0x08001730   Section        0  rtx_evr.o(.text.EvrRtxThreadFlagsWaitTimeout)
    [Anonymous Symbol]                       0x08001740   Section        0  rtx_evr.o(.text.EvrRtxThreadJoined)
    [Anonymous Symbol]                       0x08001750   Section        0  rtx_evr.o(.text.EvrRtxThreadNew)
    [Anonymous Symbol]                       0x08001774   Section        0  rtx_evr.o(.text.EvrRtxThreadPreempted)
    [Anonymous Symbol]                       0x08001784   Section        0  rtx_evr.o(.text.EvrRtxThreadSwitched)
    [Anonymous Symbol]                       0x08001794   Section        0  rtx_evr.o(.text.EvrRtxThreadUnblocked)
    [Anonymous Symbol]                       0x080017a4   Section        0  rtx_evr.o(.text.EvrRtxTimerCallback)
    [Anonymous Symbol]                       0x080017b4   Section        0  stm32f1xx_hal.o(.text.HAL_Delay)
    [Anonymous Symbol]                       0x080017dc   Section        0  stm32f1xx_hal_gpio.o(.text.HAL_GPIO_Init)
    [Anonymous Symbol]                       0x080019d0   Section        0  stm32f1xx_hal_gpio.o(.text.HAL_GPIO_TogglePin)
    [Anonymous Symbol]                       0x080019e0   Section        0  stm32f1xx_hal_gpio.o(.text.HAL_GPIO_WritePin)
    [Anonymous Symbol]                       0x080019ec   Section        0  stm32f1xx_hal.o(.text.HAL_GetTick)
    [Anonymous Symbol]                       0x080019f8   Section        0  stm32f1xx_hal.o(.text.HAL_IncTick)
    [Anonymous Symbol]                       0x08001a14   Section        0  stm32f1xx_hal.o(.text.HAL_Init)
    [Anonymous Symbol]                       0x08001a3c   Section        0  stm32f1xx_hal_timebase_tim.o(.text.HAL_InitTick)
    [Anonymous Symbol]                       0x08001ac8   Section        0  stm32f1xx_hal_msp.o(.text.HAL_MspInit)
    [Anonymous Symbol]                       0x08001b0c   Section        0  stm32f1xx_hal_cortex.o(.text.HAL_NVIC_EnableIRQ)
    [Anonymous Symbol]                       0x08001b30   Section        0  stm32f1xx_hal_cortex.o(.text.HAL_NVIC_SetPriority)
    [Anonymous Symbol]                       0x08001b88   Section        0  stm32f1xx_hal_cortex.o(.text.HAL_NVIC_SetPriorityGrouping)
    [Anonymous Symbol]                       0x08001ba8   Section        0  stm32f1xx_hal_rcc.o(.text.HAL_RCC_ClockConfig)
    [Anonymous Symbol]                       0x08001d6c   Section        0  stm32f1xx_hal_rcc.o(.text.HAL_RCC_GetClockConfig)
    [Anonymous Symbol]                       0x08001db0   Section        0  stm32f1xx_hal_rcc.o(.text.HAL_RCC_GetPCLK2Freq)
    [Anonymous Symbol]                       0x08001dd8   Section        0  stm32f1xx_hal_rcc.o(.text.HAL_RCC_OscConfig)
    [Anonymous Symbol]                       0x080021d8   Section        0  stm32f1xx_hal_timebase_tim.o(.text.HAL_ResumeTick)
    [Anonymous Symbol]                       0x080021ec   Section        0  stm32f1xx_hal_tim_ex.o(.text.HAL_TIMEx_BreakCallback)
    [Anonymous Symbol]                       0x080021f0   Section        0  stm32f1xx_hal_tim_ex.o(.text.HAL_TIMEx_CommutCallback)
    [Anonymous Symbol]                       0x080021f4   Section        0  stm32f1xx_hal_tim.o(.text.HAL_TIM_Base_Init)
    [Anonymous Symbol]                       0x08002250   Section        0  stm32f1xx_hal_tim.o(.text.HAL_TIM_Base_MspInit)
    [Anonymous Symbol]                       0x08002254   Section        0  stm32f1xx_hal_tim.o(.text.HAL_TIM_Base_Start_IT)
    [Anonymous Symbol]                       0x080022dc   Section        0  stm32f1xx_hal_tim.o(.text.HAL_TIM_IC_CaptureCallback)
    [Anonymous Symbol]                       0x080022e0   Section        0  stm32f1xx_hal_tim.o(.text.HAL_TIM_IRQHandler)
    [Anonymous Symbol]                       0x08002430   Section        0  stm32f1xx_hal_tim.o(.text.HAL_TIM_OC_DelayElapsedCallback)
    [Anonymous Symbol]                       0x08002434   Section        0  stm32f1xx_hal_tim.o(.text.HAL_TIM_PWM_PulseFinishedCallback)
    [Anonymous Symbol]                       0x08002438   Section        0  main.o(.text.HAL_TIM_PeriodElapsedCallback)
    [Anonymous Symbol]                       0x0800244c   Section        0  stm32f1xx_hal_tim.o(.text.HAL_TIM_TriggerCallback)
    [Anonymous Symbol]                       0x08002450   Section        0  stm32f1xx_it.o(.text.HardFault_Handler)
    [Anonymous Symbol]                       0x08002454   Section        0  gpio.o(.text.MX_GPIO_Init)
    [Anonymous Symbol]                       0x080024ec   Section        0  stm32f1xx_it.o(.text.MemManage_Handler)
    [Anonymous Symbol]                       0x080024f0   Section        0  stm32f1xx_it.o(.text.NMI_Handler)
    [Anonymous Symbol]                       0x080024f4   Section        0  os_systick.o(.text.OS_Tick_AcknowledgeIRQ)
    [Anonymous Symbol]                       0x08002500   Section        0  os_systick.o(.text.OS_Tick_Enable)
    [Anonymous Symbol]                       0x08002534   Section        0  os_systick.o(.text.OS_Tick_GetIRQn)
    [Anonymous Symbol]                       0x0800253c   Section        0  os_systick.o(.text.OS_Tick_Setup)
    [Anonymous Symbol]                       0x08002584   Section        0  system_stm32f1xx.o(.text.SystemInit)
    [Anonymous Symbol]                       0x08002588   Section        0  stm32f1xx_it.o(.text.TIM8_UP_IRQHandler)
    [Anonymous Symbol]                       0x08002594   Section        0  stm32f1xx_hal_tim.o(.text.TIM_Base_SetConfig)
    [Anonymous Symbol]                       0x0800267c   Section        0  stm32f1xx_it.o(.text.UsageFault_Handler)
    [Anonymous Symbol]                       0x08002680   Section        0  retarget_io.o(.text.fputc)
    [Anonymous Symbol]                       0x080026cc   Section        0  main.o(.text.main)
    [Anonymous Symbol]                       0x0800277c   Section        0  rtx_delay.o(.text.osDelay)
    [Anonymous Symbol]                       0x080027b4   Section        0  rtx_kernel.o(.text.osKernelGetTickCount)
    [Anonymous Symbol]                       0x080027e8   Section        0  rtx_kernel.o(.text.osKernelInitialize)
    [Anonymous Symbol]                       0x08002820   Section        0  rtx_kernel.o(.text.osKernelStart)
    [Anonymous Symbol]                       0x08002854   Section        0  rtx_msgqueue.o(.text.osMessageQueueGet)
    [Anonymous Symbol]                       0x08002930   Section        0  rtx_msgqueue.o(.text.osMessageQueuePut)
    [Anonymous Symbol]                       0x080029d4   Section        0  rtx_config.o(.text.osRtxErrorNotify)
    [Anonymous Symbol]                       0x080029d8   Section        0  rtx_config.o(.text.osRtxIdleThread)
    [Anonymous Symbol]                       0x080029dc   Section        0  rtx_kernel.o(.text.osRtxKernelErrorNotify)
    [Anonymous Symbol]                       0x080029f4   Section        0  rtx_kernel.o(.text.osRtxKernelPreInit)
    [Anonymous Symbol]                       0x080029f8   Section        0  rtx_memory.o(.text.osRtxMemoryAlloc)
    [Anonymous Symbol]                       0x08002acc   Section        0  rtx_memory.o(.text.osRtxMemoryFree)
    [Anonymous Symbol]                       0x08002b54   Section        0  rtx_memory.o(.text.osRtxMemoryInit)
    [Anonymous Symbol]                       0x08002b9c   Section        0  rtx_mempool.o(.text.osRtxMemoryPoolAlloc)
    [Anonymous Symbol]                       0x08002be8   Section        0  rtx_mempool.o(.text.osRtxMemoryPoolFree)
    [Anonymous Symbol]                       0x08002c44   Section        0  rtx_mempool.o(.text.osRtxMemoryPoolInit)
    osRtxMessageQueuePostProcess             0x08002d01   Thumb Code   570  rtx_msgqueue.o(.text.osRtxMessageQueuePostProcess)
    [Anonymous Symbol]                       0x08002d00   Section        0  rtx_msgqueue.o(.text.osRtxMessageQueuePostProcess)
    [Anonymous Symbol]                       0x08002f3c   Section        0  rtx_msgqueue.o(.text.osRtxMessageQueueTimerSetup)
    [Anonymous Symbol]                       0x08002f68   Section        0  rtx_mutex.o(.text.osRtxMutexOwnerRelease)
    [Anonymous Symbol]                       0x08002fd0   Section        0  rtx_mutex.o(.text.osRtxMutexOwnerRestore)
    [Anonymous Symbol]                       0x08003024   Section        0  rtx_system.o(.text.osRtxPendSV_Handler)
    [Anonymous Symbol]                       0x080030e8   Section        0  rtx_system.o(.text.osRtxPostProcess)
    [Anonymous Symbol]                       0x08003160   Section        0  rtx_thread.o(.text.osRtxThreadDelayTick)
    osRtxThreadDestroy                       0x080033a1   Thumb Code   176  rtx_thread.o(.text.osRtxThreadDestroy)
    [Anonymous Symbol]                       0x080033a0   Section        0  rtx_thread.o(.text.osRtxThreadDestroy)
    [Anonymous Symbol]                       0x08003450   Section        0  rtx_thread.o(.text.osRtxThreadDispatch)
    osRtxThreadJoinWakeup                    0x080035cd   Thumb Code   208  rtx_thread.o(.text.osRtxThreadJoinWakeup)
    [Anonymous Symbol]                       0x080035cc   Section        0  rtx_thread.o(.text.osRtxThreadJoinWakeup)
    [Anonymous Symbol]                       0x0800369c   Section        0  rtx_thread.o(.text.osRtxThreadListGet)
    [Anonymous Symbol]                       0x080036b0   Section        0  rtx_thread.o(.text.osRtxThreadListPut)
    [Anonymous Symbol]                       0x08003710   Section        0  rtx_thread.o(.text.osRtxThreadListRemove)
    [Anonymous Symbol]                       0x0800372c   Section        0  rtx_thread.o(.text.osRtxThreadListSort)
    osRtxThreadPostProcess                   0x080037d1   Thumb Code   320  rtx_thread.o(.text.osRtxThreadPostProcess)
    [Anonymous Symbol]                       0x080037d0   Section        0  rtx_thread.o(.text.osRtxThreadPostProcess)
    [Anonymous Symbol]                       0x08003910   Section        0  rtx_thread.o(.text.osRtxThreadReadyPut)
    [Anonymous Symbol]                       0x08003980   Section        0  rtx_thread.o(.text.osRtxThreadRegPtr)
    [Anonymous Symbol]                       0x08003988   Section        0  rtx_thread.o(.text.osRtxThreadStartup)
    [Anonymous Symbol]                       0x080039d4   Section        0  rtx_thread.o(.text.osRtxThreadSwitch)
    [Anonymous Symbol]                       0x080039e8   Section        0  rtx_thread.o(.text.osRtxThreadWaitEnter)
    [Anonymous Symbol]                       0x08003b24   Section        0  rtx_thread.o(.text.osRtxThreadWaitExit)
    [Anonymous Symbol]                       0x08003c04   Section        0  rtx_system.o(.text.osRtxTick_Handler)
    [Anonymous Symbol]                       0x08003c88   Section        0  rtx_timer.o(.text.osRtxTimerSetup)
    [Anonymous Symbol]                       0x08003cb0   Section        0  rtx_timer.o(.text.osRtxTimerThread)
    osRtxTimerTick                           0x08003cdd   Thumb Code   266  rtx_timer.o(.text.osRtxTimerTick)
    [Anonymous Symbol]                       0x08003cdc   Section        0  rtx_timer.o(.text.osRtxTimerTick)
    [Anonymous Symbol]                       0x08003de8   Section        0  rtx_thread.o(.text.osThreadExit)
    [Anonymous Symbol]                       0x08003e04   Section        0  rtx_thread.o(.text.osThreadNew)
    svcRtxDelay                              0x08003e49   Thumb Code    60  rtx_delay.o(.text.svcRtxDelay)
    [Anonymous Symbol]                       0x08003e48   Section        0  rtx_delay.o(.text.svcRtxDelay)
    svcRtxKernelGetTickCount                 0x08003e85   Thumb Code    20  rtx_kernel.o(.text.svcRtxKernelGetTickCount)
    [Anonymous Symbol]                       0x08003e84   Section        0  rtx_kernel.o(.text.svcRtxKernelGetTickCount)
    svcRtxKernelInitialize                   0x08003e99   Thumb Code   340  rtx_kernel.o(.text.svcRtxKernelInitialize)
    [Anonymous Symbol]                       0x08003e98   Section        0  rtx_kernel.o(.text.svcRtxKernelInitialize)
    svcRtxKernelStart                        0x08003fed   Thumb Code   176  rtx_kernel.o(.text.svcRtxKernelStart)
    [Anonymous Symbol]                       0x08003fec   Section        0  rtx_kernel.o(.text.svcRtxKernelStart)
    svcRtxMessageQueueGet                    0x0800409d   Thumb Code   514  rtx_msgqueue.o(.text.svcRtxMessageQueueGet)
    [Anonymous Symbol]                       0x0800409c   Section        0  rtx_msgqueue.o(.text.svcRtxMessageQueueGet)
    svcRtxMessageQueueNew                    0x080042a1   Thumb Code   382  rtx_msgqueue.o(.text.svcRtxMessageQueueNew)
    [Anonymous Symbol]                       0x080042a0   Section        0  rtx_msgqueue.o(.text.svcRtxMessageQueueNew)
    svcRtxMessageQueuePut                    0x08004421   Thumb Code   406  rtx_msgqueue.o(.text.svcRtxMessageQueuePut)
    [Anonymous Symbol]                       0x08004420   Section        0  rtx_msgqueue.o(.text.svcRtxMessageQueuePut)
    svcRtxThreadExit                         0x080045b9   Thumb Code    86  rtx_thread.o(.text.svcRtxThreadExit)
    [Anonymous Symbol]                       0x080045b8   Section        0  rtx_thread.o(.text.svcRtxThreadExit)
    svcRtxThreadNew                          0x08004611   Thumb Code   580  rtx_thread.o(.text.svcRtxThreadNew)
    [Anonymous Symbol]                       0x08004610   Section        0  rtx_thread.o(.text.svcRtxThreadNew)
    [Anonymous Symbol]                       0x08004854   Section        0  main.o(.text.thread_LED_App)
    [Anonymous Symbol]                       0x080048a0   Section        0  main.o(.text.thread_Start_App)
    i.__0printf$1                            0x080048d4   Section        0  printf1.o(i.__0printf$1)
    i.__scatterload_copy                     0x080048f4   Section       14  handlers.o(i.__scatterload_copy)
    i.__scatterload_null                     0x08004902   Section        2  handlers.o(i.__scatterload_null)
    i.__scatterload_zeroinit                 0x08004904   Section       14  handlers.o(i.__scatterload_zeroinit)
    _printf_core                             0x08004915   Thumb Code   336  printf1.o(i._printf_core)
    i._printf_core                           0x08004914   Section        0  printf1.o(i._printf_core)
    __tagsym$$used.0                         0x08004a68   Number         0  rtx_lib.o(.rodata)
    __tagsym$$used.1                         0x08004ad8   Number         0  rtx_lib.o(.rodata)
    __tagsym$$used.0                         0x08004b28   Number         0  eventrecorder.o(.rodata.EventRecorderInfo)
    HAL_RCC_GetSysClockFreq.aPredivFactorTable 0x08004b40   Data           2  stm32f1xx_hal_rcc.o(.rodata.HAL_RCC_GetSysClockFreq.aPredivFactorTable)
    [Anonymous Symbol]                       0x08004b40   Section        0  stm32f1xx_hal_rcc.o(.rodata.HAL_RCC_GetSysClockFreq.aPredivFactorTable)
    HAL_RCC_GetSysClockFreq.aPLLMULFactorTable 0x08004b42   Data          16  stm32f1xx_hal_rcc.o(.rodata.cst16)
    [Anonymous Symbol]                       0x08004b42   Section        0  stm32f1xx_hal_rcc.o(.rodata.cst16)
    os_idle_thread_attr                      0x08004b58   Data          36  rtx_lib.o(.rodata.os_idle_thread_attr)
    [Anonymous Symbol]                       0x08004b58   Section        0  rtx_lib.o(.rodata.os_idle_thread_attr)
    os_timer_mq_attr                         0x08004b7c   Data          24  rtx_lib.o(.rodata.os_timer_mq_attr)
    [Anonymous Symbol]                       0x08004b7c   Section        0  rtx_lib.o(.rodata.os_timer_mq_attr)
    os_timer_thread_attr                     0x08004b94   Data          36  rtx_lib.o(.rodata.os_timer_thread_attr)
    [Anonymous Symbol]                       0x08004b94   Section        0  rtx_lib.o(.rodata.os_timer_thread_attr)
    [Anonymous Symbol]                       0x08004bb8   Section        0  main.o(.rodata.str1.1)
    .L.str                                   0x08004bcc   Data          11  rtx_kernel.o(.rodata.str1.4)
    [Anonymous Symbol]                       0x08004bcc   Section        0  rtx_kernel.o(.rodata.str1.4)
    .data                                    0x20000000   Section        4  stdout.o(.data)
    .L_MergedGlobals                         0x20000004   Data           8  stm32f1xx_hal.o(.data..L_MergedGlobals)
    [Anonymous Symbol]                       0x20000004   Section        0  stm32f1xx_hal.o(.data..L_MergedGlobals)
    .L_MergedGlobals                         0x200000b8   Data          12  retarget_io.o(.bss..L_MergedGlobals)
    stdout_putchar.index                     0x200000b8   Data           4  retarget_io.o(.bss..L_MergedGlobals)
    [Anonymous Symbol]                       0x200000b8   Section        0  retarget_io.o(.bss..L_MergedGlobals)
    stdout_putchar.buffer                    0x200000bc   Data           8  retarget_io.o(.bss..L_MergedGlobals)
    os_isr_queue                             0x20000110   Data          64  rtx_lib.o(.bss.os)
    [Anonymous Symbol]                       0x20000110   Section        0  rtx_lib.o(.bss.os)
    os_mem                                   0x20000150   Data       32768  rtx_lib.o(.bss.os)
    PendST                                   0x20008150   Data           1  os_systick.o(.bss.os)
    [Anonymous Symbol]                       0x20008150   Section        0  os_systick.o(.bss.os)
    os_timer_mq_cb                           0x20008154   Data          52  rtx_lib.o(.bss.os.msgqueue.cb)
    [Anonymous Symbol]                       0x20008154   Section        0  rtx_lib.o(.bss.os.msgqueue.cb)
    os_timer_mq_data                         0x20008188   Data          80  rtx_lib.o(.bss.os.msgqueue.mem)
    [Anonymous Symbol]                       0x20008188   Section        0  rtx_lib.o(.bss.os.msgqueue.mem)
    os_idle_thread_cb                        0x200081d8   Data          68  rtx_lib.o(.bss.os.thread.cb)
    [Anonymous Symbol]                       0x200081d8   Section        0  rtx_lib.o(.bss.os.thread.cb)
    os_timer_thread_cb                       0x2000821c   Data          68  rtx_lib.o(.bss.os.thread.cb)
    os_idle_thread_stack                     0x20008260   Data         512  rtx_lib.o(.bss.os.thread.idle.stack)
    [Anonymous Symbol]                       0x20008260   Section        0  rtx_lib.o(.bss.os.thread.idle.stack)
    os_timer_thread_stack                    0x20008460   Data         512  rtx_lib.o(.bss.os.thread.timer.stack)
    [Anonymous Symbol]                       0x20008460   Section        0  rtx_lib.o(.bss.os.thread.timer.stack)
    thread_LED_App.cnt                       0x20008668   Data           4  main.o(.bss.thread_LED_App.cnt)
    [Anonymous Symbol]                       0x20008668   Section        0  main.o(.bss.thread_LED_App.cnt)
    STACK                                    0x20008670   Section     1024  startup_stm32f103xe.o(STACK)
    TS_OverflowLock                          0x2000f000   Data           1  eventrecorder.o(.bss.TS_OverflowLock)
    [Anonymous Symbol]                       0x2000f000   Section        0  eventrecorder.o(.bss.TS_OverflowLock)
    EventBuffer                              0x2000f040   Data        1024  eventrecorder.o(.bss.noinit)
    [Anonymous Symbol]                       0x2000f040   Section        0  eventrecorder.o(.bss.noinit)
    EventFilter                              0x2000f440   Data         128  eventrecorder.o(.bss.noinit)
    EventStatus                              0x2000f4c0   Data          36  eventrecorder.o(.bss.noinit)
    FPCCR                                    0xe000ef34   Number         0  irq_armv7m.o ABSOLUTE

    Global Symbols

    Symbol Name                              Value     Ov Type        Size  Object(Section)

    BuildAttributes$$THM_ISAv4$P$D$K$B$S$PE$A:L22UL41UL21$X:L11$S22US41US21$IEEE1$IW$~IW$USESV6$~STKCKD$USESV7$~SHL$OTIME$ROPI$EBA8$MICROLIB$REQ8$PRES8$EABIv2 0x00000000   Number         0  anon$$obj.o ABSOLUTE
    _printf_a                                0x00000000   Number         0  printfstubs.o ABSOLUTE
    _printf_c                                0x00000000   Number         0  printfstubs.o ABSOLUTE
    _printf_charcount                        0x00000000   Number         0  printfstubs.o ABSOLUTE
    _printf_d                                0x00000000   Number         0  printfstubs.o ABSOLUTE
    _printf_e                                0x00000000   Number         0  printfstubs.o ABSOLUTE
    _printf_f                                0x00000000   Number         0  printfstubs.o ABSOLUTE
    _printf_flags                            0x00000000   Number         0  printfstubs.o ABSOLUTE
    _printf_fp_dec                           0x00000000   Number         0  printfstubs.o ABSOLUTE
    _printf_fp_hex                           0x00000000   Number         0  printfstubs.o ABSOLUTE
    _printf_g                                0x00000000   Number         0  printfstubs.o ABSOLUTE
    _printf_i                                0x00000000   Number         0  printfstubs.o ABSOLUTE
    _printf_int_dec                          0x00000000   Number         0  printfstubs.o ABSOLUTE
    _printf_l                                0x00000000   Number         0  printfstubs.o ABSOLUTE
    _printf_lc                               0x00000000   Number         0  printfstubs.o ABSOLUTE
    _printf_ll                               0x00000000   Number         0  printfstubs.o ABSOLUTE
    _printf_lld                              0x00000000   Number         0  printfstubs.o ABSOLUTE
    _printf_lli                              0x00000000   Number         0  printfstubs.o ABSOLUTE
    _printf_llo                              0x00000000   Number         0  printfstubs.o ABSOLUTE
    _printf_llu                              0x00000000   Number         0  printfstubs.o ABSOLUTE
    _printf_llx                              0x00000000   Number         0  printfstubs.o ABSOLUTE
    _printf_longlong_dec                     0x00000000   Number         0  printfstubs.o ABSOLUTE
    _printf_longlong_hex                     0x00000000   Number         0  printfstubs.o ABSOLUTE
    _printf_longlong_oct                     0x00000000   Number         0  printfstubs.o ABSOLUTE
    _printf_ls                               0x00000000   Number         0  printfstubs.o ABSOLUTE
    _printf_mbtowc                           0x00000000   Number         0  printfstubs.o ABSOLUTE
    _printf_n                                0x00000000   Number         0  printfstubs.o ABSOLUTE
    _printf_o                                0x00000000   Number         0  printfstubs.o ABSOLUTE
    _printf_p                                0x00000000   Number         0  printfstubs.o ABSOLUTE
    _printf_percent                          0x00000000   Number         0  printfstubs.o ABSOLUTE
    _printf_pre_padding                      0x00000000   Number         0  printfstubs.o ABSOLUTE
    _printf_return_value                     0x00000000   Number         0  printfstubs.o ABSOLUTE
    _printf_s                                0x00000000   Number         0  printfstubs.o ABSOLUTE
    _printf_sizespec                         0x00000000   Number         0  printfstubs.o ABSOLUTE
    _printf_str                              0x00000000   Number         0  printfstubs.o ABSOLUTE
    _printf_truncate_signed                  0x00000000   Number         0  printfstubs.o ABSOLUTE
    _printf_truncate_unsigned                0x00000000   Number         0  printfstubs.o ABSOLUTE
    _printf_u                                0x00000000   Number         0  printfstubs.o ABSOLUTE
    _printf_wc                               0x00000000   Number         0  printfstubs.o ABSOLUTE
    _printf_wctomb                           0x00000000   Number         0  printfstubs.o ABSOLUTE
    _printf_widthprec                        0x00000000   Number         0  printfstubs.o ABSOLUTE
    _printf_x                                0x00000000   Number         0  printfstubs.o ABSOLUTE
    .bss.os.evflags.cb$$Base                  - Undefined Weak Reference
    .bss.os.evflags.cb$$Limit                 - Undefined Weak Reference
    .bss.os.mempool.cb$$Base                  - Undefined Weak Reference
    .bss.os.mempool.cb$$Limit                 - Undefined Weak Reference
    .bss.os.mutex.cb$$Base                    - Undefined Weak Reference
    .bss.os.mutex.cb$$Limit                   - Undefined Weak Reference
    .bss.os.semaphore.cb$$Base                - Undefined Weak Reference
    .bss.os.semaphore.cb$$Limit               - Undefined Weak Reference
    .bss.os.timer.cb$$Base                    - Undefined Weak Reference
    .bss.os.timer.cb$$Limit                   - Undefined Weak Reference
    __cpp_initialize__aeabi_                  - Undefined Weak Reference
    __cxa_finalize                            - Undefined Weak Reference
    __decompress                              - Undefined Weak Reference
    _clock_init                               - Undefined Weak Reference
    _microlib_exit                            - Undefined Weak Reference
    __Vectors_Size                           0x00000130   Number         0  startup_stm32f103xe.o ABSOLUTE
    __Vectors                                0x08000000   Data           4  startup_stm32f103xe.o(RESET)
    __Vectors_End                            0x08000130   Data           0  startup_stm32f103xe.o(RESET)
    __main                                   0x08000131   Thumb Code     0  entry.o(.ARM.Collect$$$$00000000)
    _main_stk                                0x08000131   Thumb Code     0  entry2.o(.ARM.Collect$$$$00000001)
    _main_scatterload                        0x08000135   Thumb Code     0  entry5.o(.ARM.Collect$$$$00000004)
    __main_after_scatterload                 0x08000139   Thumb Code     0  entry5.o(.ARM.Collect$$$$00000004)
    _main_clock                              0x08000139   Thumb Code     0  entry7b.o(.ARM.Collect$$$$00000008)
    _main_cpp_init                           0x08000139   Thumb Code     0  entry8b.o(.ARM.Collect$$$$0000000A)
    _main_init                               0x08000139   Thumb Code     0  entry9a.o(.ARM.Collect$$$$0000000B)
    __rt_final_cpp                           0x08000141   Thumb Code     0  entry10a.o(.ARM.Collect$$$$0000000D)
    __rt_final_exit                          0x08000141   Thumb Code     0  entry11a.o(.ARM.Collect$$$$0000000F)
    Reset_Handler                            0x08000145   Thumb Code     8  startup_stm32f103xe.o(.text)
    ADC1_2_IRQHandler                        0x0800015f   Thumb Code     0  startup_stm32f103xe.o(.text)
    ADC3_IRQHandler                          0x0800015f   Thumb Code     0  startup_stm32f103xe.o(.text)
    CAN1_RX1_IRQHandler                      0x0800015f   Thumb Code     0  startup_stm32f103xe.o(.text)
    CAN1_SCE_IRQHandler                      0x0800015f   Thumb Code     0  startup_stm32f103xe.o(.text)
    DMA1_Channel1_IRQHandler                 0x0800015f   Thumb Code     0  startup_stm32f103xe.o(.text)
    DMA1_Channel2_IRQHandler                 0x0800015f   Thumb Code     0  startup_stm32f103xe.o(.text)
    DMA1_Channel3_IRQHandler                 0x0800015f   Thumb Code     0  startup_stm32f103xe.o(.text)
    DMA1_Channel4_IRQHandler                 0x0800015f   Thumb Code     0  startup_stm32f103xe.o(.text)
    DMA1_Channel5_IRQHandler                 0x0800015f   Thumb Code     0  startup_stm32f103xe.o(.text)
    DMA1_Channel6_IRQHandler                 0x0800015f   Thumb Code     0  startup_stm32f103xe.o(.text)
    DMA1_Channel7_IRQHandler                 0x0800015f   Thumb Code     0  startup_stm32f103xe.o(.text)
    DMA2_Channel1_IRQHandler                 0x0800015f   Thumb Code     0  startup_stm32f103xe.o(.text)
    DMA2_Channel2_IRQHandler                 0x0800015f   Thumb Code     0  startup_stm32f103xe.o(.text)
    DMA2_Channel3_IRQHandler                 0x0800015f   Thumb Code     0  startup_stm32f103xe.o(.text)
    DMA2_Channel4_5_IRQHandler               0x0800015f   Thumb Code     0  startup_stm32f103xe.o(.text)
    EXTI0_IRQHandler                         0x0800015f   Thumb Code     0  startup_stm32f103xe.o(.text)
    EXTI15_10_IRQHandler                     0x0800015f   Thumb Code     0  startup_stm32f103xe.o(.text)
    EXTI1_IRQHandler                         0x0800015f   Thumb Code     0  startup_stm32f103xe.o(.text)
    EXTI2_IRQHandler                         0x0800015f   Thumb Code     0  startup_stm32f103xe.o(.text)
    EXTI3_IRQHandler                         0x0800015f   Thumb Code     0  startup_stm32f103xe.o(.text)
    EXTI4_IRQHandler                         0x0800015f   Thumb Code     0  startup_stm32f103xe.o(.text)
    EXTI9_5_IRQHandler                       0x0800015f   Thumb Code     0  startup_stm32f103xe.o(.text)
    FLASH_IRQHandler                         0x0800015f   Thumb Code     0  startup_stm32f103xe.o(.text)
    FSMC_IRQHandler                          0x0800015f   Thumb Code     0  startup_stm32f103xe.o(.text)
    I2C1_ER_IRQHandler                       0x0800015f   Thumb Code     0  startup_stm32f103xe.o(.text)
    I2C1_EV_IRQHandler                       0x0800015f   Thumb Code     0  startup_stm32f103xe.o(.text)
    I2C2_ER_IRQHandler                       0x0800015f   Thumb Code     0  startup_stm32f103xe.o(.text)
    I2C2_EV_IRQHandler                       0x0800015f   Thumb Code     0  startup_stm32f103xe.o(.text)
    PVD_IRQHandler                           0x0800015f   Thumb Code     0  startup_stm32f103xe.o(.text)
    RCC_IRQHandler                           0x0800015f   Thumb Code     0  startup_stm32f103xe.o(.text)
    RTC_Alarm_IRQHandler                     0x0800015f   Thumb Code     0  startup_stm32f103xe.o(.text)
    RTC_IRQHandler                           0x0800015f   Thumb Code     0  startup_stm32f103xe.o(.text)
    SDIO_IRQHandler                          0x0800015f   Thumb Code     0  startup_stm32f103xe.o(.text)
    SPI1_IRQHandler                          0x0800015f   Thumb Code     0  startup_stm32f103xe.o(.text)
    SPI2_IRQHandler                          0x0800015f   Thumb Code     0  startup_stm32f103xe.o(.text)
    SPI3_IRQHandler                          0x0800015f   Thumb Code     0  startup_stm32f103xe.o(.text)
    TAMPER_IRQHandler                        0x0800015f   Thumb Code     0  startup_stm32f103xe.o(.text)
    TIM1_BRK_IRQHandler                      0x0800015f   Thumb Code     0  startup_stm32f103xe.o(.text)
    TIM1_CC_IRQHandler                       0x0800015f   Thumb Code     0  startup_stm32f103xe.o(.text)
    TIM1_TRG_COM_IRQHandler                  0x0800015f   Thumb Code     0  startup_stm32f103xe.o(.text)
    TIM1_UP_IRQHandler                       0x0800015f   Thumb Code     0  startup_stm32f103xe.o(.text)
    TIM2_IRQHandler                          0x0800015f   Thumb Code     0  startup_stm32f103xe.o(.text)
    TIM3_IRQHandler                          0x0800015f   Thumb Code     0  startup_stm32f103xe.o(.text)
    TIM4_IRQHandler                          0x0800015f   Thumb Code     0  startup_stm32f103xe.o(.text)
    TIM5_IRQHandler                          0x0800015f   Thumb Code     0  startup_stm32f103xe.o(.text)
    TIM6_IRQHandler                          0x0800015f   Thumb Code     0  startup_stm32f103xe.o(.text)
    TIM7_IRQHandler                          0x0800015f   Thumb Code     0  startup_stm32f103xe.o(.text)
    TIM8_BRK_IRQHandler                      0x0800015f   Thumb Code     0  startup_stm32f103xe.o(.text)
    TIM8_CC_IRQHandler                       0x0800015f   Thumb Code     0  startup_stm32f103xe.o(.text)
    TIM8_TRG_COM_IRQHandler                  0x0800015f   Thumb Code     0  startup_stm32f103xe.o(.text)
    UART4_IRQHandler                         0x0800015f   Thumb Code     0  startup_stm32f103xe.o(.text)
    UART5_IRQHandler                         0x0800015f   Thumb Code     0  startup_stm32f103xe.o(.text)
    USART1_IRQHandler                        0x0800015f   Thumb Code     0  startup_stm32f103xe.o(.text)
    USART2_IRQHandler                        0x0800015f   Thumb Code     0  startup_stm32f103xe.o(.text)
    USART3_IRQHandler                        0x0800015f   Thumb Code     0  startup_stm32f103xe.o(.text)
    USBWakeUp_IRQHandler                     0x0800015f   Thumb Code     0  startup_stm32f103xe.o(.text)
    USB_HP_CAN1_TX_IRQHandler                0x0800015f   Thumb Code     0  startup_stm32f103xe.o(.text)
    USB_LP_CAN1_RX0_IRQHandler               0x0800015f   Thumb Code     0  startup_stm32f103xe.o(.text)
    WWDG_IRQHandler                          0x0800015f   Thumb Code     0  startup_stm32f103xe.o(.text)
    SVC_Handler                              0x08000169   Thumb Code   108  irq_armv7m.o(.text)
    PendSV_Handler                           0x080001d5   Thumb Code    16  irq_armv7m.o(.text)
    SysTick_Handler                          0x080001e5   Thumb Code    16  irq_armv7m.o(.text)
    __aeabi_memcpy                           0x080001fd   Thumb Code    36  memcpya.o(.text)
    __aeabi_memcpy4                          0x080001fd   Thumb Code     0  memcpya.o(.text)
    __aeabi_memcpy8                          0x080001fd   Thumb Code     0  memcpya.o(.text)
    __aeabi_memset                           0x08000221   Thumb Code    14  memseta.o(.text)
    __aeabi_memset4                          0x08000221   Thumb Code     0  memseta.o(.text)
    __aeabi_memset8                          0x08000221   Thumb Code     0  memseta.o(.text)
    __aeabi_memclr                           0x0800022f   Thumb Code     4  memseta.o(.text)
    __aeabi_memclr4                          0x0800022f   Thumb Code     0  memseta.o(.text)
    __aeabi_memclr8                          0x0800022f   Thumb Code     0  memseta.o(.text)
    _memset$wrapper                          0x08000233   Thumb Code    18  memseta.o(.text)
    __aeabi_uidiv                            0x08000245   Thumb Code     0  uidiv.o(.text)
    __aeabi_uidivmod                         0x08000245   Thumb Code    44  uidiv.o(.text)
    __scatterload                            0x08000271   Thumb Code    38  init.o(.text)
    __scatterload_rt2                        0x08000271   Thumb Code     0  init.o(.text)
    BusFault_Handler                         0x080002a1   Thumb Code     2  stm32f1xx_it.o(.text.BusFault_Handler)
    DebugMon_Handler                         0x080002a5   Thumb Code     2  stm32f1xx_it.o(.text.DebugMon_Handler)
    EventRecord2                             0x080002a9   Thumb Code   174  eventrecorder.o(.text.EventRecord2)
    EventRecord4                             0x08000359   Thumb Code   244  eventrecorder.o(.text.EventRecord4)
    EventRecordData                          0x0800044d   Thumb Code   412  eventrecorder.o(.text.EventRecordData)
    EventRecorderInitialize                  0x08000891   Thumb Code  2712  eventrecorder.o(.text.EventRecorderInitialize)
    EventRecorderStart                       0x08001329   Thumb Code   134  eventrecorder.o(.text.EventRecorderStart)
    EventRecorderTimerGetCount               0x080013b1   Thumb Code    12  eventrecorder.o(.text.EventRecorderTimerGetCount)
    EventRecorderTimerGetFreq                0x080013bd   Thumb Code    12  eventrecorder.o(.text.EventRecorderTimerGetFreq)
    EventRecorderTimerSetup                  0x080013c9   Thumb Code    36  eventrecorder.o(.text.EventRecorderTimerSetup)
    EvrRtxDelay                              0x080013ed   Thumb Code    16  rtx_evr.o(.text.EvrRtxDelay)
    EvrRtxDelayCompleted                     0x080013fd   Thumb Code    16  rtx_evr.o(.text.EvrRtxDelayCompleted)
    EvrRtxDelayError                         0x0800140d   Thumb Code    12  rtx_evr.o(.text.EvrRtxDelayError)
    EvrRtxDelayStarted                       0x08001419   Thumb Code    16  rtx_evr.o(.text.EvrRtxDelayStarted)
    EvrRtxEventFlagsWaitTimeout              0x08001429   Thumb Code    16  rtx_evr.o(.text.EvrRtxEventFlagsWaitTimeout)
    EvrRtxKernelError                        0x08001439   Thumb Code    12  rtx_evr.o(.text.EvrRtxKernelError)
    EvrRtxKernelErrorNotify                  0x08001445   Thumb Code    12  rtx_evr.o(.text.EvrRtxKernelErrorNotify)
    EvrRtxKernelGetTickCount                 0x08001451   Thumb Code    16  rtx_evr.o(.text.EvrRtxKernelGetTickCount)
    EvrRtxKernelInitialize                   0x08001461   Thumb Code    16  rtx_evr.o(.text.EvrRtxKernelInitialize)
    EvrRtxKernelInitialized                  0x08001471   Thumb Code    16  rtx_evr.o(.text.EvrRtxKernelInitialized)
    EvrRtxKernelStart                        0x08001481   Thumb Code    16  rtx_evr.o(.text.EvrRtxKernelStart)
    EvrRtxKernelStarted                      0x08001491   Thumb Code    16  rtx_evr.o(.text.EvrRtxKernelStarted)
    EvrRtxMemoryAlloc                        0x080014a1   Thumb Code    32  rtx_evr.o(.text.EvrRtxMemoryAlloc)
    EvrRtxMemoryBlockAlloc                   0x080014c1   Thumb Code    16  rtx_evr.o(.text.EvrRtxMemoryBlockAlloc)
    EvrRtxMemoryBlockFree                    0x080014d1   Thumb Code    34  rtx_evr.o(.text.EvrRtxMemoryBlockFree)
    EvrRtxMemoryBlockInit                    0x080014f5   Thumb Code    32  rtx_evr.o(.text.EvrRtxMemoryBlockInit)
    EvrRtxMemoryFree                         0x08001515   Thumb Code    34  rtx_evr.o(.text.EvrRtxMemoryFree)
    EvrRtxMemoryInit                         0x08001539   Thumb Code    30  rtx_evr.o(.text.EvrRtxMemoryInit)
    EvrRtxMemoryPoolAllocTimeout             0x08001559   Thumb Code    16  rtx_evr.o(.text.EvrRtxMemoryPoolAllocTimeout)
    EvrRtxMessageQueueCreated                0x08001569   Thumb Code    16  rtx_evr.o(.text.EvrRtxMessageQueueCreated)
    EvrRtxMessageQueueError                  0x08001579   Thumb Code    12  rtx_evr.o(.text.EvrRtxMessageQueueError)
    EvrRtxMessageQueueGet                    0x08001585   Thumb Code    32  rtx_evr.o(.text.EvrRtxMessageQueueGet)
    EvrRtxMessageQueueGetPending             0x080015a5   Thumb Code    34  rtx_evr.o(.text.EvrRtxMessageQueueGetPending)
    EvrRtxMessageQueueGetTimeout             0x080015c9   Thumb Code    16  rtx_evr.o(.text.EvrRtxMessageQueueGetTimeout)
    EvrRtxMessageQueueInsertPending          0x080015d9   Thumb Code    16  rtx_evr.o(.text.EvrRtxMessageQueueInsertPending)
    EvrRtxMessageQueueInserted               0x080015e9   Thumb Code    16  rtx_evr.o(.text.EvrRtxMessageQueueInserted)
    EvrRtxMessageQueueNotInserted            0x080015f9   Thumb Code    16  rtx_evr.o(.text.EvrRtxMessageQueueNotInserted)
    EvrRtxMessageQueueNotRetrieved           0x08001609   Thumb Code    16  rtx_evr.o(.text.EvrRtxMessageQueueNotRetrieved)
    EvrRtxMessageQueuePut                    0x08001619   Thumb Code    32  rtx_evr.o(.text.EvrRtxMessageQueuePut)
    EvrRtxMessageQueuePutPending             0x08001639   Thumb Code    34  rtx_evr.o(.text.EvrRtxMessageQueuePutPending)
    EvrRtxMessageQueuePutTimeout             0x0800165d   Thumb Code    16  rtx_evr.o(.text.EvrRtxMessageQueuePutTimeout)
    EvrRtxMessageQueueRetrieved              0x0800166d   Thumb Code    16  rtx_evr.o(.text.EvrRtxMessageQueueRetrieved)
    EvrRtxMutexAcquireTimeout                0x0800167d   Thumb Code    16  rtx_evr.o(.text.EvrRtxMutexAcquireTimeout)
    EvrRtxMutexAcquired                      0x0800168d   Thumb Code    16  rtx_evr.o(.text.EvrRtxMutexAcquired)
    EvrRtxMutexReleased                      0x0800169d   Thumb Code    16  rtx_evr.o(.text.EvrRtxMutexReleased)
    EvrRtxSemaphoreAcquireTimeout            0x080016ad   Thumb Code    16  rtx_evr.o(.text.EvrRtxSemaphoreAcquireTimeout)
    EvrRtxThreadBlocked                      0x080016bd   Thumb Code    16  rtx_evr.o(.text.EvrRtxThreadBlocked)
    EvrRtxThreadCreated                      0x080016cd   Thumb Code    24  rtx_evr.o(.text.EvrRtxThreadCreated)
    EvrRtxThreadDestroyed                    0x080016e5   Thumb Code    16  rtx_evr.o(.text.EvrRtxThreadDestroyed)
    EvrRtxThreadError                        0x080016f5   Thumb Code    12  rtx_evr.o(.text.EvrRtxThreadError)
    EvrRtxThreadExit                         0x08001701   Thumb Code    16  rtx_evr.o(.text.EvrRtxThreadExit)
    EvrRtxThreadFlagsWaitCompleted           0x08001711   Thumb Code    32  rtx_evr.o(.text.EvrRtxThreadFlagsWaitCompleted)
    EvrRtxThreadFlagsWaitTimeout             0x08001731   Thumb Code    16  rtx_evr.o(.text.EvrRtxThreadFlagsWaitTimeout)
    EvrRtxThreadJoined                       0x08001741   Thumb Code    16  rtx_evr.o(.text.EvrRtxThreadJoined)
    EvrRtxThreadNew                          0x08001751   Thumb Code    34  rtx_evr.o(.text.EvrRtxThreadNew)
    EvrRtxThreadPreempted                    0x08001775   Thumb Code    16  rtx_evr.o(.text.EvrRtxThreadPreempted)
    EvrRtxThreadSwitched                     0x08001785   Thumb Code    16  rtx_evr.o(.text.EvrRtxThreadSwitched)
    EvrRtxThreadUnblocked                    0x08001795   Thumb Code    16  rtx_evr.o(.text.EvrRtxThreadUnblocked)
    EvrRtxTimerCallback                      0x080017a5   Thumb Code    16  rtx_evr.o(.text.EvrRtxTimerCallback)
    HAL_Delay                                0x080017b5   Thumb Code    40  stm32f1xx_hal.o(.text.HAL_Delay)
    HAL_GPIO_Init                            0x080017dd   Thumb Code   498  stm32f1xx_hal_gpio.o(.text.HAL_GPIO_Init)
    HAL_GPIO_TogglePin                       0x080019d1   Thumb Code    16  stm32f1xx_hal_gpio.o(.text.HAL_GPIO_TogglePin)
    HAL_GPIO_WritePin                        0x080019e1   Thumb Code    10  stm32f1xx_hal_gpio.o(.text.HAL_GPIO_WritePin)
    HAL_GetTick                              0x080019ed   Thumb Code    12  stm32f1xx_hal.o(.text.HAL_GetTick)
    HAL_IncTick                              0x080019f9   Thumb Code    26  stm32f1xx_hal.o(.text.HAL_IncTick)
    HAL_Init                                 0x08001a15   Thumb Code    38  stm32f1xx_hal.o(.text.HAL_Init)
    HAL_InitTick                             0x08001a3d   Thumb Code   140  stm32f1xx_hal_timebase_tim.o(.text.HAL_InitTick)
    HAL_MspInit                              0x08001ac9   Thumb Code    66  stm32f1xx_hal_msp.o(.text.HAL_MspInit)
    HAL_NVIC_EnableIRQ                       0x08001b0d   Thumb Code    34  stm32f1xx_hal_cortex.o(.text.HAL_NVIC_EnableIRQ)
    HAL_NVIC_SetPriority                     0x08001b31   Thumb Code    86  stm32f1xx_hal_cortex.o(.text.HAL_NVIC_SetPriority)
    HAL_NVIC_SetPriorityGrouping             0x08001b89   Thumb Code    32  stm32f1xx_hal_cortex.o(.text.HAL_NVIC_SetPriorityGrouping)
    HAL_RCC_ClockConfig                      0x08001ba9   Thumb Code   450  stm32f1xx_hal_rcc.o(.text.HAL_RCC_ClockConfig)
    HAL_RCC_GetClockConfig                   0x08001d6d   Thumb Code    66  stm32f1xx_hal_rcc.o(.text.HAL_RCC_GetClockConfig)
    HAL_RCC_GetPCLK2Freq                     0x08001db1   Thumb Code    38  stm32f1xx_hal_rcc.o(.text.HAL_RCC_GetPCLK2Freq)
    HAL_RCC_OscConfig                        0x08001dd9   Thumb Code  1024  stm32f1xx_hal_rcc.o(.text.HAL_RCC_OscConfig)
    HAL_ResumeTick                           0x080021d9   Thumb Code    20  stm32f1xx_hal_timebase_tim.o(.text.HAL_ResumeTick)
    HAL_TIMEx_BreakCallback                  0x080021ed   Thumb Code     2  stm32f1xx_hal_tim_ex.o(.text.HAL_TIMEx_BreakCallback)
    HAL_TIMEx_CommutCallback                 0x080021f1   Thumb Code     2  stm32f1xx_hal_tim_ex.o(.text.HAL_TIMEx_CommutCallback)
    HAL_TIM_Base_Init                        0x080021f5   Thumb Code    90  stm32f1xx_hal_tim.o(.text.HAL_TIM_Base_Init)
    HAL_TIM_Base_MspInit                     0x08002251   Thumb Code     2  stm32f1xx_hal_tim.o(.text.HAL_TIM_Base_MspInit)
    HAL_TIM_Base_Start_IT                    0x08002255   Thumb Code   134  stm32f1xx_hal_tim.o(.text.HAL_TIM_Base_Start_IT)
    HAL_TIM_IC_CaptureCallback               0x080022dd   Thumb Code     2  stm32f1xx_hal_tim.o(.text.HAL_TIM_IC_CaptureCallback)
    HAL_TIM_IRQHandler                       0x080022e1   Thumb Code   334  stm32f1xx_hal_tim.o(.text.HAL_TIM_IRQHandler)
    HAL_TIM_OC_DelayElapsedCallback          0x08002431   Thumb Code     2  stm32f1xx_hal_tim.o(.text.HAL_TIM_OC_DelayElapsedCallback)
    HAL_TIM_PWM_PulseFinishedCallback        0x08002435   Thumb Code     2  stm32f1xx_hal_tim.o(.text.HAL_TIM_PWM_PulseFinishedCallback)
    HAL_TIM_PeriodElapsedCallback            0x08002439   Thumb Code    20  main.o(.text.HAL_TIM_PeriodElapsedCallback)
    HAL_TIM_TriggerCallback                  0x0800244d   Thumb Code     2  stm32f1xx_hal_tim.o(.text.HAL_TIM_TriggerCallback)
    HardFault_Handler                        0x08002451   Thumb Code     2  stm32f1xx_it.o(.text.HardFault_Handler)
    MX_GPIO_Init                             0x08002455   Thumb Code   150  gpio.o(.text.MX_GPIO_Init)
    MemManage_Handler                        0x080024ed   Thumb Code     2  stm32f1xx_it.o(.text.MemManage_Handler)
    NMI_Handler                              0x080024f1   Thumb Code     2  stm32f1xx_it.o(.text.NMI_Handler)
    OS_Tick_AcknowledgeIRQ                   0x080024f5   Thumb Code    12  os_systick.o(.text.OS_Tick_AcknowledgeIRQ)
    OS_Tick_Enable                           0x08002501   Thumb Code    50  os_systick.o(.text.OS_Tick_Enable)
    OS_Tick_GetIRQn                          0x08002535   Thumb Code     6  os_systick.o(.text.OS_Tick_GetIRQn)
    OS_Tick_Setup                            0x0800253d   Thumb Code    72  os_systick.o(.text.OS_Tick_Setup)
    SystemInit                               0x08002585   Thumb Code     2  system_stm32f1xx.o(.text.SystemInit)
    TIM8_UP_IRQHandler                       0x08002589   Thumb Code    12  stm32f1xx_it.o(.text.TIM8_UP_IRQHandler)
    TIM_Base_SetConfig                       0x08002595   Thumb Code   232  stm32f1xx_hal_tim.o(.text.TIM_Base_SetConfig)
    UsageFault_Handler                       0x0800267d   Thumb Code     2  stm32f1xx_it.o(.text.UsageFault_Handler)
    fputc                                    0x08002681   Thumb Code    74  retarget_io.o(.text.fputc)
    main                                     0x080026cd   Thumb Code   176  main.o(.text.main)
    osDelay                                  0x0800277d   Thumb Code    54  rtx_delay.o(.text.osDelay)
    osKernelGetTickCount                     0x080027b5   Thumb Code    52  rtx_kernel.o(.text.osKernelGetTickCount)
    osKernelInitialize                       0x080027e9   Thumb Code    56  rtx_kernel.o(.text.osKernelInitialize)
    osKernelStart                            0x08002821   Thumb Code    52  rtx_kernel.o(.text.osKernelStart)
    osMessageQueueGet                        0x08002855   Thumb Code   220  rtx_msgqueue.o(.text.osMessageQueueGet)
    osMessageQueuePut                        0x08002931   Thumb Code   162  rtx_msgqueue.o(.text.osMessageQueuePut)
    osRtxErrorNotify                         0x080029d5   Thumb Code     2  rtx_config.o(.text.osRtxErrorNotify)
    osRtxIdleThread                          0x080029d9   Thumb Code     2  rtx_config.o(.text.osRtxIdleThread)
    osRtxKernelErrorNotify                   0x080029dd   Thumb Code    22  rtx_kernel.o(.text.osRtxKernelErrorNotify)
    osRtxKernelPreInit                       0x080029f5   Thumb Code     2  rtx_kernel.o(.text.osRtxKernelPreInit)
    osRtxMemoryAlloc                         0x080029f9   Thumb Code   210  rtx_memory.o(.text.osRtxMemoryAlloc)
    osRtxMemoryFree                          0x08002acd   Thumb Code   136  rtx_memory.o(.text.osRtxMemoryFree)
    osRtxMemoryInit                          0x08002b55   Thumb Code    72  rtx_memory.o(.text.osRtxMemoryInit)
    osRtxMemoryPoolAlloc                     0x08002b9d   Thumb Code    74  rtx_mempool.o(.text.osRtxMemoryPoolAlloc)
    osRtxMemoryPoolFree                      0x08002be9   Thumb Code    92  rtx_mempool.o(.text.osRtxMemoryPoolFree)
    osRtxMemoryPoolInit                      0x08002c45   Thumb Code   188  rtx_mempool.o(.text.osRtxMemoryPoolInit)
    osRtxMessageQueueTimerSetup              0x08002f3d   Thumb Code    44  rtx_msgqueue.o(.text.osRtxMessageQueueTimerSetup)
    osRtxMutexOwnerRelease                   0x08002f69   Thumb Code   102  rtx_mutex.o(.text.osRtxMutexOwnerRelease)
    osRtxMutexOwnerRestore                   0x08002fd1   Thumb Code    84  rtx_mutex.o(.text.osRtxMutexOwnerRestore)
    osRtxPendSV_Handler                      0x08003025   Thumb Code   160  rtx_system.o(.text.osRtxPendSV_Handler)
    osRtxPostProcess                         0x080030e9   Thumb Code   120  rtx_system.o(.text.osRtxPostProcess)
    osRtxThreadDelayTick                     0x08003161   Thumb Code   576  rtx_thread.o(.text.osRtxThreadDelayTick)
    osRtxThreadDispatch                      0x08003451   Thumb Code   378  rtx_thread.o(.text.osRtxThreadDispatch)
    osRtxThreadListGet                       0x0800369d   Thumb Code    20  rtx_thread.o(.text.osRtxThreadListGet)
    osRtxThreadListPut                       0x080036b1   Thumb Code    96  rtx_thread.o(.text.osRtxThreadListPut)
    osRtxThreadListRemove                    0x08003711   Thumb Code    26  rtx_thread.o(.text.osRtxThreadListRemove)
    osRtxThreadListSort                      0x0800372d   Thumb Code   164  rtx_thread.o(.text.osRtxThreadListSort)
    osRtxThreadReadyPut                      0x08003911   Thumb Code   112  rtx_thread.o(.text.osRtxThreadReadyPut)
    osRtxThreadRegPtr                        0x08003981   Thumb Code     6  rtx_thread.o(.text.osRtxThreadRegPtr)
    osRtxThreadStartup                       0x08003989   Thumb Code    76  rtx_thread.o(.text.osRtxThreadStartup)
    osRtxThreadSwitch                        0x080039d5   Thumb Code    18  rtx_thread.o(.text.osRtxThreadSwitch)
    osRtxThreadWaitEnter                     0x080039e9   Thumb Code   316  rtx_thread.o(.text.osRtxThreadWaitEnter)
    osRtxThreadWaitExit                      0x08003b25   Thumb Code   224  rtx_thread.o(.text.osRtxThreadWaitExit)
    osRtxTick_Handler                        0x08003c05   Thumb Code   130  rtx_system.o(.text.osRtxTick_Handler)
    osRtxTimerSetup                          0x08003c89   Thumb Code    38  rtx_timer.o(.text.osRtxTimerSetup)
    osRtxTimerThread                         0x08003cb1   Thumb Code    42  rtx_timer.o(.text.osRtxTimerThread)
    osThreadExit                             0x08003de9   Thumb Code    26  rtx_thread.o(.text.osThreadExit)
    osThreadNew                              0x08003e05   Thumb Code    66  rtx_thread.o(.text.osThreadNew)
    thread_LED_App                           0x08004855   Thumb Code    56  main.o(.text.thread_LED_App)
    thread_Start_App                         0x080048a1   Thumb Code    52  main.o(.text.thread_Start_App)
    __0printf$1                              0x080048d5   Thumb Code    22  printf1.o(i.__0printf$1)
    __1printf$1                              0x080048d5   Thumb Code     0  printf1.o(i.__0printf$1)
    __2printf                                0x080048d5   Thumb Code     0  printf1.o(i.__0printf$1)
    __scatterload_copy                       0x080048f5   Thumb Code    14  handlers.o(i.__scatterload_copy)
    __scatterload_null                       0x08004903   Thumb Code     2  handlers.o(i.__scatterload_null)
    __scatterload_zeroinit                   0x08004905   Thumb Code    14  handlers.o(i.__scatterload_zeroinit)
    osRtxConfig                              0x08004a68   Data         112  rtx_lib.o(.rodata)
    os_cb_sections                           0x08004ad8   Data          56  rtx_lib.o(.rodata)
    AHBPrescTable                            0x08004b10   Data          16  system_stm32f1xx.o(.rodata.AHBPrescTable)
    APBPrescTable                            0x08004b20   Data           8  system_stm32f1xx.o(.rodata.APBPrescTable)
    EventRecorderInfo                        0x08004b28   Data          24  eventrecorder.o(.rodata.EventRecorderInfo)
    osRtxUserSVC                             0x08004b54   Data           4  rtx_lib.o(.rodata.osRtxUserSVC)
    thread_LED_Attr                          0x08004bd8   Data          36  main.o(.rodata.thread_LED_Attr)
    thread_Start_Attr                        0x08004bfc   Data          36  main.o(.rodata.thread_Start_Attr)
    Region$$Table$$Base                      0x08004c20   Number         0  anon$$obj.o(Region$$Table)
    Region$$Table$$Limit                     0x08004c40   Number         0  anon$$obj.o(Region$$Table)
    __stdout                                 0x20000000   Data           4  stdout.o(.data)
    uwTickFreq                               0x20000004   Data           1  stm32f1xx_hal.o(.data..L_MergedGlobals)
    uwTickPrio                               0x20000008   Data           4  stm32f1xx_hal.o(.data..L_MergedGlobals)
    SystemCoreClock                          0x2000000c   Data           4  system_stm32f1xx.o(.data.SystemCoreClock)
    osRtxInfo                                0x20000010   Data         164  rtx_kernel.o(.data.os)
    htim8                                    0x200000c4   Data          72  stm32f1xx_hal_timebase_tim.o(.bss.htim8)
    .bss.os.msgqueue.cb$$Base                0x20008154   Number         0  rtx_lib.o(.bss.os.msgqueue.cb)
    .bss.os.msgqueue.cb$$Limit               0x20008188   Number         0  rtx_lib.o(.bss.os.msgqueue.cb)
    .bss.os.thread.cb$$Base                  0x200081d8   Number         0  rtx_lib.o(.bss.os.thread.cb)
    .bss.os.thread.cb$$Limit                 0x20008260   Number         0  rtx_lib.o(.bss.os.thread.cb)
    threadID_LED_Thread                      0x20008660   Data           4  main.o(.bss.threadID_LED_Thread)
    threadID_Start_Thread                    0x20008664   Data           4  main.o(.bss.threadID_Start_Thread)
    uwTick                                   0x2000866c   Data           4  stm32f1xx_hal.o(.bss.uwTick)
    __initial_sp                             0x20008a70   Data           0  startup_stm32f103xe.o(STACK)



==============================================================================

Memory Map of the image

  Image Entry point : 0x08000131

  Load Region LR_IROM1 (Base: 0x08000000, Size: 0x00004cf8, Max: 0x00080000, ABSOLUTE)

    Execution Region ER_IROM1 (Exec base: 0x08000000, Load base: 0x08000000, Size: 0x00004c40, Max: 0x00080000, ABSOLUTE)

    Exec Addr    Load Addr    Size         Type   Attr      Idx    E Section Name        Object

    0x08000000   0x08000000   0x00000130   Data   RO            3    RESET               startup_stm32f103xe.o
    0x08000130   0x08000130   0x00000000   Code   RO         1728  * .ARM.Collect$$$$00000000  mc_w.l(entry.o)
    0x08000130   0x08000130   0x00000004   Code   RO         2008    .ARM.Collect$$$$00000001  mc_w.l(entry2.o)
    0x08000134   0x08000134   0x00000004   Code   RO         2011    .ARM.Collect$$$$00000004  mc_w.l(entry5.o)
    0x08000138   0x08000138   0x00000000   Code   RO         2013    .ARM.Collect$$$$00000008  mc_w.l(entry7b.o)
    0x08000138   0x08000138   0x00000000   Code   RO         2015    .ARM.Collect$$$$0000000A  mc_w.l(entry8b.o)
    0x08000138   0x08000138   0x00000008   Code   RO         2016    .ARM.Collect$$$$0000000B  mc_w.l(entry9a.o)
    0x08000140   0x08000140   0x00000000   Code   RO         2018    .ARM.Collect$$$$0000000D  mc_w.l(entry10a.o)
    0x08000140   0x08000140   0x00000000   Code   RO         2020    .ARM.Collect$$$$0000000F  mc_w.l(entry11a.o)
    0x08000140   0x08000140   0x00000004   Code   RO         2009    .ARM.Collect$$$$00002712  mc_w.l(entry2.o)
    0x08000144   0x08000144   0x00000024   Code   RO            4    .text               startup_stm32f103xe.o
    0x08000168   0x08000168   0x00000094   Code   RO          773    .text               irq_armv7m.o
    0x080001fc   0x080001fc   0x00000024   Code   RO         1741    .text               mc_w.l(memcpya.o)
    0x08000220   0x08000220   0x00000024   Code   RO         1743    .text               mc_w.l(memseta.o)
    0x08000244   0x08000244   0x0000002c   Code   RO         2031    .text               mc_w.l(uidiv.o)
    0x08000270   0x08000270   0x00000030   Code   RO         2046    .text               mc_w.l(init.o)
    0x080002a0   0x080002a0   0x00000002   Code   RO           54    .text.BusFault_Handler  stm32f1xx_it.o
    0x080002a2   0x080002a2   0x00000002   PAD
    0x080002a4   0x080002a4   0x00000002   Code   RO           58    .text.DebugMon_Handler  stm32f1xx_it.o
    0x080002a6   0x080002a6   0x00000002   PAD
    0x080002a8   0x080002a8   0x000000ae   Code   RO         1695    .text.EventRecord2  eventrecorder.o
    0x08000356   0x08000356   0x00000002   PAD
    0x08000358   0x08000358   0x000000f4   Code   RO         1697    .text.EventRecord4  eventrecorder.o
    0x0800044c   0x0800044c   0x0000019c   Code   RO         1693    .text.EventRecordData  eventrecorder.o
    0x080005e8   0x080005e8   0x000002a8   Code   RO         1683    .text.EventRecordItem  eventrecorder.o
    0x08000890   0x08000890   0x00000a98   Code   RO         1679    .text.EventRecorderInitialize  eventrecorder.o
    0x08001328   0x08001328   0x00000086   Code   RO         1685    .text.EventRecorderStart  eventrecorder.o
    0x080013ae   0x080013ae   0x00000002   PAD
    0x080013b0   0x080013b0   0x0000000c   Code   RO         1677    .text.EventRecorderTimerGetCount  eventrecorder.o
    0x080013bc   0x080013bc   0x0000000c   Code   RO         1675    .text.EventRecorderTimerGetFreq  eventrecorder.o
    0x080013c8   0x080013c8   0x00000024   Code   RO         1673    .text.EventRecorderTimerSetup  eventrecorder.o
    0x080013ec   0x080013ec   0x00000010   Code   RO          977    .text.EvrRtxDelay   rtx_evr.o
    0x080013fc   0x080013fc   0x00000010   Code   RO          985    .text.EvrRtxDelayCompleted  rtx_evr.o
    0x0800140c   0x0800140c   0x0000000c   Code   RO          975    .text.EvrRtxDelayError  rtx_evr.o
    0x08001418   0x08001418   0x00000010   Code   RO          981    .text.EvrRtxDelayStarted  rtx_evr.o
    0x08001428   0x08001428   0x00000010   Code   RO         1033    .text.EvrRtxEventFlagsWaitTimeout  rtx_evr.o
    0x08001438   0x08001438   0x0000000c   Code   RO          847    .text.EvrRtxKernelError  rtx_evr.o
    0x08001444   0x08001444   0x0000000c   Code   RO          891    .text.EvrRtxKernelErrorNotify  rtx_evr.o
    0x08001450   0x08001450   0x00000010   Code   RO          883    .text.EvrRtxKernelGetTickCount  rtx_evr.o
    0x08001460   0x08001460   0x00000010   Code   RO          849    .text.EvrRtxKernelInitialize  rtx_evr.o
    0x08001470   0x08001470   0x00000010   Code   RO          851    .text.EvrRtxKernelInitialized  rtx_evr.o
    0x08001480   0x08001480   0x00000010   Code   RO          859    .text.EvrRtxKernelStart  rtx_evr.o
    0x08001490   0x08001490   0x00000010   Code   RO          861    .text.EvrRtxKernelStarted  rtx_evr.o
    0x080014a0   0x080014a0   0x00000020   Code   RO          837    .text.EvrRtxMemoryAlloc  rtx_evr.o
    0x080014c0   0x080014c0   0x00000010   Code   RO          843    .text.EvrRtxMemoryBlockAlloc  rtx_evr.o
    0x080014d0   0x080014d0   0x00000022   Code   RO          845    .text.EvrRtxMemoryBlockFree  rtx_evr.o
    0x080014f2   0x080014f2   0x00000002   PAD
    0x080014f4   0x080014f4   0x00000020   Code   RO          841    .text.EvrRtxMemoryBlockInit  rtx_evr.o
    0x08001514   0x08001514   0x00000022   Code   RO          839    .text.EvrRtxMemoryFree  rtx_evr.o
    0x08001536   0x08001536   0x00000002   PAD
    0x08001538   0x08001538   0x0000001e   Code   RO          835    .text.EvrRtxMemoryInit  rtx_evr.o
    0x08001556   0x08001556   0x00000002   PAD
    0x08001558   0x08001558   0x00000010   Code   RO         1111    .text.EvrRtxMemoryPoolAllocTimeout  rtx_evr.o
    0x08001568   0x08001568   0x00000010   Code   RO         1139    .text.EvrRtxMessageQueueCreated  rtx_evr.o
    0x08001578   0x08001578   0x0000000c   Code   RO         1135    .text.EvrRtxMessageQueueError  rtx_evr.o
    0x08001584   0x08001584   0x00000020   Code   RO         1155    .text.EvrRtxMessageQueueGet  rtx_evr.o
    0x080015a4   0x080015a4   0x00000022   Code   RO         1157    .text.EvrRtxMessageQueueGetPending  rtx_evr.o
    0x080015c6   0x080015c6   0x00000002   PAD
    0x080015c8   0x080015c8   0x00000010   Code   RO         1159    .text.EvrRtxMessageQueueGetTimeout  rtx_evr.o
    0x080015d8   0x080015d8   0x00000010   Code   RO         1149    .text.EvrRtxMessageQueueInsertPending  rtx_evr.o
    0x080015e8   0x080015e8   0x00000010   Code   RO         1151    .text.EvrRtxMessageQueueInserted  rtx_evr.o
    0x080015f8   0x080015f8   0x00000010   Code   RO         1153    .text.EvrRtxMessageQueueNotInserted  rtx_evr.o
    0x08001608   0x08001608   0x00000010   Code   RO         1163    .text.EvrRtxMessageQueueNotRetrieved  rtx_evr.o
    0x08001618   0x08001618   0x00000020   Code   RO         1143    .text.EvrRtxMessageQueuePut  rtx_evr.o
    0x08001638   0x08001638   0x00000022   Code   RO         1145    .text.EvrRtxMessageQueuePutPending  rtx_evr.o
    0x0800165a   0x0800165a   0x00000002   PAD
    0x0800165c   0x0800165c   0x00000010   Code   RO         1147    .text.EvrRtxMessageQueuePutTimeout  rtx_evr.o
    0x0800166c   0x0800166c   0x00000010   Code   RO         1161    .text.EvrRtxMessageQueueRetrieved  rtx_evr.o
    0x0800167c   0x0800167c   0x00000010   Code   RO         1055    .text.EvrRtxMutexAcquireTimeout  rtx_evr.o
    0x0800168c   0x0800168c   0x00000010   Code   RO         1057    .text.EvrRtxMutexAcquired  rtx_evr.o
    0x0800169c   0x0800169c   0x00000010   Code   RO         1063    .text.EvrRtxMutexReleased  rtx_evr.o
    0x080016ac   0x080016ac   0x00000010   Code   RO         1083    .text.EvrRtxSemaphoreAcquireTimeout  rtx_evr.o
    0x080016bc   0x080016bc   0x00000010   Code   RO          935    .text.EvrRtxThreadBlocked  rtx_evr.o
    0x080016cc   0x080016cc   0x00000018   Code   RO          897    .text.EvrRtxThreadCreated  rtx_evr.o
    0x080016e4   0x080016e4   0x00000010   Code   RO          947    .text.EvrRtxThreadDestroyed  rtx_evr.o
    0x080016f4   0x080016f4   0x0000000c   Code   RO          893    .text.EvrRtxThreadError  rtx_evr.o
    0x08001700   0x08001700   0x00000010   Code   RO          943    .text.EvrRtxThreadExit  rtx_evr.o
    0x08001710   0x08001710   0x00000020   Code   RO          971    .text.EvrRtxThreadFlagsWaitCompleted  rtx_evr.o
    0x08001730   0x08001730   0x00000010   Code   RO          969    .text.EvrRtxThreadFlagsWaitTimeout  rtx_evr.o
    0x08001740   0x08001740   0x00000010   Code   RO          933    .text.EvrRtxThreadJoined  rtx_evr.o
    0x08001750   0x08001750   0x00000022   Code   RO          895    .text.EvrRtxThreadNew  rtx_evr.o
    0x08001772   0x08001772   0x00000002   PAD
    0x08001774   0x08001774   0x00000010   Code   RO          939    .text.EvrRtxThreadPreempted  rtx_evr.o
    0x08001784   0x08001784   0x00000010   Code   RO          941    .text.EvrRtxThreadSwitched  rtx_evr.o
    0x08001794   0x08001794   0x00000010   Code   RO          937    .text.EvrRtxThreadUnblocked  rtx_evr.o
    0x080017a4   0x080017a4   0x00000010   Code   RO          989    .text.EvrRtxTimerCallback  rtx_evr.o
    0x080017b4   0x080017b4   0x00000028   Code   RO          446    .text.HAL_Delay     stm32f1xx_hal.o
    0x080017dc   0x080017dc   0x000001f2   Code   RO          538    .text.HAL_GPIO_Init  stm32f1xx_hal_gpio.o
    0x080019ce   0x080019ce   0x00000002   PAD
    0x080019d0   0x080019d0   0x00000010   Code   RO          546    .text.HAL_GPIO_TogglePin  stm32f1xx_hal_gpio.o
    0x080019e0   0x080019e0   0x0000000a   Code   RO          544    .text.HAL_GPIO_WritePin  stm32f1xx_hal_gpio.o
    0x080019ea   0x080019ea   0x00000002   PAD
    0x080019ec   0x080019ec   0x0000000c   Code   RO          438    .text.HAL_GetTick   stm32f1xx_hal.o
    0x080019f8   0x080019f8   0x0000001a   Code   RO          436    .text.HAL_IncTick   stm32f1xx_hal.o
    0x08001a12   0x08001a12   0x00000002   PAD
    0x08001a14   0x08001a14   0x00000026   Code   RO          426    .text.HAL_Init      stm32f1xx_hal.o
    0x08001a3a   0x08001a3a   0x00000002   PAD
    0x08001a3c   0x08001a3c   0x0000008c   Code   RO           78    .text.HAL_InitTick  stm32f1xx_hal_timebase_tim.o
    0x08001ac8   0x08001ac8   0x00000042   Code   RO           69    .text.HAL_MspInit   stm32f1xx_hal_msp.o
    0x08001b0a   0x08001b0a   0x00000002   PAD
    0x08001b0c   0x08001b0c   0x00000022   Code   RO          598    .text.HAL_NVIC_EnableIRQ  stm32f1xx_hal_cortex.o
    0x08001b2e   0x08001b2e   0x00000002   PAD
    0x08001b30   0x08001b30   0x00000056   Code   RO          596    .text.HAL_NVIC_SetPriority  stm32f1xx_hal_cortex.o
    0x08001b86   0x08001b86   0x00000002   PAD
    0x08001b88   0x08001b88   0x00000020   Code   RO          594    .text.HAL_NVIC_SetPriorityGrouping  stm32f1xx_hal_cortex.o
    0x08001ba8   0x08001ba8   0x000001c2   Code   RO          490    .text.HAL_RCC_ClockConfig  stm32f1xx_hal_rcc.o
    0x08001d6a   0x08001d6a   0x00000002   PAD
    0x08001d6c   0x08001d6c   0x00000042   Code   RO          508    .text.HAL_RCC_GetClockConfig  stm32f1xx_hal_rcc.o
    0x08001dae   0x08001dae   0x00000002   PAD
    0x08001db0   0x08001db0   0x00000026   Code   RO          504    .text.HAL_RCC_GetPCLK2Freq  stm32f1xx_hal_rcc.o
    0x08001dd6   0x08001dd6   0x00000002   PAD
    0x08001dd8   0x08001dd8   0x00000400   Code   RO          488    .text.HAL_RCC_OscConfig  stm32f1xx_hal_rcc.o
    0x080021d8   0x080021d8   0x00000014   Code   RO           82    .text.HAL_ResumeTick  stm32f1xx_hal_timebase_tim.o
    0x080021ec   0x080021ec   0x00000002   Code   RO          412    .text.HAL_TIMEx_BreakCallback  stm32f1xx_hal_tim_ex.o
    0x080021ee   0x080021ee   0x00000002   PAD
    0x080021f0   0x080021f0   0x00000002   Code   RO          408    .text.HAL_TIMEx_CommutCallback  stm32f1xx_hal_tim_ex.o
    0x080021f2   0x080021f2   0x00000002   PAD
    0x080021f4   0x080021f4   0x0000005a   Code   RO          107    .text.HAL_TIM_Base_Init  stm32f1xx_hal_tim.o
    0x0800224e   0x0800224e   0x00000002   PAD
    0x08002250   0x08002250   0x00000002   Code   RO          109    .text.HAL_TIM_Base_MspInit  stm32f1xx_hal_tim.o
    0x08002252   0x08002252   0x00000002   PAD
    0x08002254   0x08002254   0x00000086   Code   RO          121    .text.HAL_TIM_Base_Start_IT  stm32f1xx_hal_tim.o
    0x080022da   0x080022da   0x00000002   PAD
    0x080022dc   0x080022dc   0x00000002   Code   RO          243    .text.HAL_TIM_IC_CaptureCallback  stm32f1xx_hal_tim.o
    0x080022de   0x080022de   0x00000002   PAD
    0x080022e0   0x080022e0   0x0000014e   Code   RO          241    .text.HAL_TIM_IRQHandler  stm32f1xx_hal_tim.o
    0x0800242e   0x0800242e   0x00000002   PAD
    0x08002430   0x08002430   0x00000002   Code   RO          245    .text.HAL_TIM_OC_DelayElapsedCallback  stm32f1xx_hal_tim.o
    0x08002432   0x08002432   0x00000002   PAD
    0x08002434   0x08002434   0x00000002   Code   RO          247    .text.HAL_TIM_PWM_PulseFinishedCallback  stm32f1xx_hal_tim.o
    0x08002436   0x08002436   0x00000002   PAD
    0x08002438   0x08002438   0x00000014   Code   RO           21    .text.HAL_TIM_PeriodElapsedCallback  main.o
    0x0800244c   0x0800244c   0x00000002   Code   RO          251    .text.HAL_TIM_TriggerCallback  stm32f1xx_hal_tim.o
    0x0800244e   0x0800244e   0x00000002   PAD
    0x08002450   0x08002450   0x00000002   Code   RO           50    .text.HardFault_Handler  stm32f1xx_it.o
    0x08002452   0x08002452   0x00000002   PAD
    0x08002454   0x08002454   0x00000096   Code   RO           38    .text.MX_GPIO_Init  gpio.o
    0x080024ea   0x080024ea   0x00000002   PAD
    0x080024ec   0x080024ec   0x00000002   Code   RO           52    .text.MemManage_Handler  stm32f1xx_it.o
    0x080024ee   0x080024ee   0x00000002   PAD
    0x080024f0   0x080024f0   0x00000002   Code   RO           48    .text.NMI_Handler   stm32f1xx_it.o
    0x080024f2   0x080024f2   0x00000002   PAD
    0x080024f4   0x080024f4   0x0000000c   Code   RO         1641    .text.OS_Tick_AcknowledgeIRQ  os_systick.o
    0x08002500   0x08002500   0x00000032   Code   RO         1637    .text.OS_Tick_Enable  os_systick.o
    0x08002532   0x08002532   0x00000002   PAD
    0x08002534   0x08002534   0x00000006   Code   RO         1643    .text.OS_Tick_GetIRQn  os_systick.o
    0x0800253a   0x0800253a   0x00000002   PAD
    0x0800253c   0x0800253c   0x00000048   Code   RO         1635    .text.OS_Tick_Setup  os_systick.o
    0x08002584   0x08002584   0x00000002   Code   RO          759    .text.SystemInit    system_stm32f1xx.o
    0x08002586   0x08002586   0x00000002   PAD
    0x08002588   0x08002588   0x0000000c   Code   RO           60    .text.TIM8_UP_IRQHandler  stm32f1xx_it.o
    0x08002594   0x08002594   0x000000e8   Code   RO          111    .text.TIM_Base_SetConfig  stm32f1xx_hal_tim.o
    0x0800267c   0x0800267c   0x00000002   Code   RO           56    .text.UsageFault_Handler  stm32f1xx_it.o
    0x0800267e   0x0800267e   0x00000002   PAD
    0x08002680   0x08002680   0x0000004a   Code   RO         1710    .text.fputc         retarget_io.o
    0x080026ca   0x080026ca   0x00000002   PAD
    0x080026cc   0x080026cc   0x000000b0   Code   RO           11    .text.main          main.o
    0x0800277c   0x0800277c   0x00000036   Code   RO          781    .text.osDelay       rtx_delay.o
    0x080027b2   0x080027b2   0x00000002   PAD
    0x080027b4   0x080027b4   0x00000034   Code   RO         1215    .text.osKernelGetTickCount  rtx_kernel.o
    0x080027e8   0x080027e8   0x00000038   Code   RO         1193    .text.osKernelInitialize  rtx_kernel.o
    0x08002820   0x08002820   0x00000034   Code   RO         1203    .text.osKernelStart  rtx_kernel.o
    0x08002854   0x08002854   0x000000dc   Code   RO         1349    .text.osMessageQueueGet  rtx_msgqueue.o
    0x08002930   0x08002930   0x000000a2   Code   RO         1347    .text.osMessageQueuePut  rtx_msgqueue.o
    0x080029d2   0x080029d2   0x00000002   PAD
    0x080029d4   0x080029d4   0x00000002   Code   RO         1664    .text.osRtxErrorNotify  rtx_config.o
    0x080029d6   0x080029d6   0x00000002   PAD
    0x080029d8   0x080029d8   0x00000002   Code   RO         1662    .text.osRtxIdleThread  rtx_config.o
    0x080029da   0x080029da   0x00000002   PAD
    0x080029dc   0x080029dc   0x00000016   Code   RO         1191    .text.osRtxKernelErrorNotify  rtx_kernel.o
    0x080029f2   0x080029f2   0x00000002   PAD
    0x080029f4   0x080029f4   0x00000002   Code   RO         1189    .text.osRtxKernelPreInit  rtx_kernel.o
    0x080029f6   0x080029f6   0x00000002   PAD
    0x080029f8   0x080029f8   0x000000d2   Code   RO         1275    .text.osRtxMemoryAlloc  rtx_memory.o
    0x08002aca   0x08002aca   0x00000002   PAD
    0x08002acc   0x08002acc   0x00000088   Code   RO         1277    .text.osRtxMemoryFree  rtx_memory.o
    0x08002b54   0x08002b54   0x00000048   Code   RO         1273    .text.osRtxMemoryInit  rtx_memory.o
    0x08002b9c   0x08002b9c   0x0000004a   Code   RO         1289    .text.osRtxMemoryPoolAlloc  rtx_mempool.o
    0x08002be6   0x08002be6   0x00000002   PAD
    0x08002be8   0x08002be8   0x0000005c   Code   RO         1291    .text.osRtxMemoryPoolFree  rtx_mempool.o
    0x08002c44   0x08002c44   0x000000bc   Code   RO         1287    .text.osRtxMemoryPoolInit  rtx_mempool.o
    0x08002d00   0x08002d00   0x0000023a   Code   RO         1371    .text.osRtxMessageQueuePostProcess  rtx_msgqueue.o
    0x08002f3a   0x08002f3a   0x00000002   PAD
    0x08002f3c   0x08002f3c   0x0000002c   Code   RO         1339    .text.osRtxMessageQueueTimerSetup  rtx_msgqueue.o
    0x08002f68   0x08002f68   0x00000066   Code   RO         1391    .text.osRtxMutexOwnerRelease  rtx_mutex.o
    0x08002fce   0x08002fce   0x00000002   PAD
    0x08002fd0   0x08002fd0   0x00000054   Code   RO         1393    .text.osRtxMutexOwnerRestore  rtx_mutex.o
    0x08003024   0x08003024   0x000000c4   Code   RO         1463    .text.osRtxPendSV_Handler  rtx_system.o
    0x080030e8   0x080030e8   0x00000078   Code   RO         1465    .text.osRtxPostProcess  rtx_system.o
    0x08003160   0x08003160   0x00000240   Code   RO         1485    .text.osRtxThreadDelayTick  rtx_thread.o
    0x080033a0   0x080033a0   0x000000b0   Code   RO         1573    .text.osRtxThreadDestroy  rtx_thread.o
    0x08003450   0x08003450   0x0000017a   Code   RO         1491    .text.osRtxThreadDispatch  rtx_thread.o
    0x080035ca   0x080035ca   0x00000002   PAD
    0x080035cc   0x080035cc   0x000000d0   Code   RO         1571    .text.osRtxThreadJoinWakeup  rtx_thread.o
    0x0800369c   0x0800369c   0x00000014   Code   RO         1477    .text.osRtxThreadListGet  rtx_thread.o
    0x080036b0   0x080036b0   0x00000060   Code   RO         1475    .text.osRtxThreadListPut  rtx_thread.o
    0x08003710   0x08003710   0x0000001a   Code   RO         1481    .text.osRtxThreadListRemove  rtx_thread.o
    0x0800372a   0x0800372a   0x00000002   PAD
    0x0800372c   0x0800372c   0x000000a4   Code   RO         1479    .text.osRtxThreadListSort  rtx_thread.o
    0x080037d0   0x080037d0   0x00000140   Code   RO         1545    .text.osRtxThreadPostProcess  rtx_thread.o
    0x08003910   0x08003910   0x00000070   Code   RO         1483    .text.osRtxThreadReadyPut  rtx_thread.o
    0x08003980   0x08003980   0x00000006   Code   RO         1487    .text.osRtxThreadRegPtr  rtx_thread.o
    0x08003986   0x08003986   0x00000002   PAD
    0x08003988   0x08003988   0x0000004c   Code   RO         1497    .text.osRtxThreadStartup  rtx_thread.o
    0x080039d4   0x080039d4   0x00000012   Code   RO         1489    .text.osRtxThreadSwitch  rtx_thread.o
    0x080039e6   0x080039e6   0x00000002   PAD
    0x080039e8   0x080039e8   0x0000013c   Code   RO         1495    .text.osRtxThreadWaitEnter  rtx_thread.o
    0x08003b24   0x08003b24   0x000000e0   Code   RO         1493    .text.osRtxThreadWaitExit  rtx_thread.o
    0x08003c04   0x08003c04   0x00000082   Code   RO         1461    .text.osRtxTick_Handler  rtx_system.o
    0x08003c86   0x08003c86   0x00000002   PAD
    0x08003c88   0x08003c88   0x00000026   Code   RO         1597    .text.osRtxTimerSetup  rtx_timer.o
    0x08003cae   0x08003cae   0x00000002   PAD
    0x08003cb0   0x08003cb0   0x0000002a   Code   RO         1601    .text.osRtxTimerThread  rtx_timer.o
    0x08003cda   0x08003cda   0x00000002   PAD
    0x08003cdc   0x08003cdc   0x0000010a   Code   RO         1599    .text.osRtxTimerTick  rtx_timer.o
    0x08003de6   0x08003de6   0x00000002   PAD
    0x08003de8   0x08003de8   0x0000001a   Code   RO         1529    .text.osThreadExit  rtx_thread.o
    0x08003e02   0x08003e02   0x00000002   PAD
    0x08003e04   0x08003e04   0x00000042   Code   RO         1501    .text.osThreadNew   rtx_thread.o
    0x08003e46   0x08003e46   0x00000002   PAD
    0x08003e48   0x08003e48   0x0000003c   Code   RO          785    .text.svcRtxDelay   rtx_delay.o
    0x08003e84   0x08003e84   0x00000014   Code   RO         1217    .text.svcRtxKernelGetTickCount  rtx_kernel.o
    0x08003e98   0x08003e98   0x00000154   Code   RO         1231    .text.svcRtxKernelInitialize  rtx_kernel.o
    0x08003fec   0x08003fec   0x000000b0   Code   RO         1233    .text.svcRtxKernelStart  rtx_kernel.o
    0x0800409c   0x0800409c   0x00000202   Code   RO         1377    .text.svcRtxMessageQueueGet  rtx_msgqueue.o
    0x0800429e   0x0800429e   0x00000002   PAD
    0x080042a0   0x080042a0   0x0000017e   Code   RO         1341    .text.svcRtxMessageQueueNew  rtx_msgqueue.o
    0x0800441e   0x0800441e   0x00000002   PAD
    0x08004420   0x08004420   0x00000196   Code   RO         1375    .text.svcRtxMessageQueuePut  rtx_msgqueue.o
    0x080045b6   0x080045b6   0x00000002   PAD
    0x080045b8   0x080045b8   0x00000056   Code   RO         1569    .text.svcRtxThreadExit  rtx_thread.o
    0x0800460e   0x0800460e   0x00000002   PAD
    0x08004610   0x08004610   0x00000244   Code   RO         1499    .text.svcRtxThreadNew  rtx_thread.o
    0x08004854   0x08004854   0x0000004c   Code   RO           19    .text.thread_LED_App  main.o
    0x080048a0   0x080048a0   0x00000034   Code   RO           15    .text.thread_Start_App  main.o
    0x080048d4   0x080048d4   0x00000020   Code   RO         1792    i.__0printf$1       mc_w.l(printf1.o)
    0x080048f4   0x080048f4   0x0000000e   Code   RO         2058    i.__scatterload_copy  mc_w.l(handlers.o)
    0x08004902   0x08004902   0x00000002   Code   RO         2059    i.__scatterload_null  mc_w.l(handlers.o)
    0x08004904   0x08004904   0x0000000e   Code   RO         2060    i.__scatterload_zeroinit  mc_w.l(handlers.o)
    0x08004912   0x08004912   0x00000002   PAD
    0x08004914   0x08004914   0x00000154   Code   RO         1799    i._printf_core      mc_w.l(printf1.o)
    0x08004a68   0x08004a68   0x00000070   Data   RO         1259    .rodata             rtx_lib.o
    0x08004ad8   0x08004ad8   0x00000038   Data   RO         1262    .rodata             rtx_lib.o
    0x08004b10   0x08004b10   0x00000010   Data   RO          764    .rodata.AHBPrescTable  system_stm32f1xx.o
    0x08004b20   0x08004b20   0x00000008   Data   RO          765    .rodata.APBPrescTable  system_stm32f1xx.o
    0x08004b28   0x08004b28   0x00000018   Data   RO         1700    .rodata.EventRecorderInfo  eventrecorder.o
    0x08004b40   0x08004b40   0x00000002   Data   RO          515    .rodata.HAL_RCC_GetSysClockFreq.aPredivFactorTable  stm32f1xx_hal_rcc.o
    0x08004b42   0x08004b42   0x00000010   Data   RO          514    .rodata.cst16       stm32f1xx_hal_rcc.o
    0x08004b52   0x08004b52   0x00000002   PAD
    0x08004b54   0x08004b54   0x00000004   Data   RO         1261    .rodata.osRtxUserSVC  rtx_lib.o
    0x08004b58   0x08004b58   0x00000024   Data   RO         1256    .rodata.os_idle_thread_attr  rtx_lib.o
    0x08004b7c   0x08004b7c   0x00000018   Data   RO         1258    .rodata.os_timer_mq_attr  rtx_lib.o
    0x08004b94   0x08004b94   0x00000024   Data   RO         1257    .rodata.os_timer_thread_attr  rtx_lib.o
    0x08004bb8   0x08004bb8   0x00000012   Data   RO           25    .rodata.str1.1      main.o
    0x08004bca   0x08004bca   0x00000002   PAD
    0x08004bcc   0x08004bcc   0x0000000b   Data   RO         1245    .rodata.str1.4      rtx_kernel.o
    0x08004bd7   0x08004bd7   0x00000001   PAD
    0x08004bd8   0x08004bd8   0x00000024   Data   RO           26    .rodata.thread_LED_Attr  main.o
    0x08004bfc   0x08004bfc   0x00000024   Data   RO           27    .rodata.thread_Start_Attr  main.o
    0x08004c20   0x08004c20   0x00000020   Data   RO         2057    Region$$Table       anon$$obj.o


    Execution Region RW_IRAM1 (Exec base: 0x20000000, Load base: 0x08004c40, Size: 0x00008a70, Max: 0x0000f000, ABSOLUTE)

    Exec Addr    Load Addr    Size         Type   Attr      Idx    E Section Name        Object

    0x20000000   0x08004c40   0x00000004   Data   RW         1739    .data               mc_w.l(stdout.o)
    0x20000004   0x08004c44   0x00000008   Data   RW          477    .data..L_MergedGlobals  stm32f1xx_hal.o
    0x2000000c   0x08004c4c   0x00000004   Data   RW          763    .data.SystemCoreClock  system_stm32f1xx.o
    0x20000010   0x08004c50   0x000000a4   Data   RW         1246    .data.os            rtx_kernel.o
    0x200000b4   0x08004cf4   0x00000004   PAD
    0x200000b8        -       0x0000000c   Zero   RW         1720    .bss..L_MergedGlobals  retarget_io.o
    0x200000c4        -       0x00000048   Zero   RW           84    .bss.htim8          stm32f1xx_hal_timebase_tim.o
    0x2000010c   0x08004cf4   0x00000004   PAD
    0x20000110        -       0x00008040   Zero   RW         1255    .bss.os             rtx_lib.o
    0x20008150        -       0x00000001   Zero   RW         1653    .bss.os             os_systick.o
    0x20008151   0x08004cf4   0x00000003   PAD
    0x20008154        -       0x00000034   Zero   RW         1266    .bss.os.msgqueue.cb  rtx_lib.o
    0x20008188        -       0x00000050   Zero   RW         1267    .bss.os.msgqueue.mem  rtx_lib.o
    0x200081d8        -       0x00000088   Zero   RW         1263    .bss.os.thread.cb   rtx_lib.o
    0x20008260        -       0x00000200   Zero   RW         1264    .bss.os.thread.idle.stack  rtx_lib.o
    0x20008460        -       0x00000200   Zero   RW         1265    .bss.os.thread.timer.stack  rtx_lib.o
    0x20008660        -       0x00000004   Zero   RW           23    .bss.threadID_LED_Thread  main.o
    0x20008664        -       0x00000004   Zero   RW           24    .bss.threadID_Start_Thread  main.o
    0x20008668        -       0x00000004   Zero   RW           28    .bss.thread_LED_App.cnt  main.o
    0x2000866c        -       0x00000004   Zero   RW          476    .bss.uwTick         stm32f1xx_hal.o
    0x20008670        -       0x00000400   Zero   RW            1    STACK               startup_stm32f103xe.o


    Execution Region RW_IRAM2 (Exec base: 0x2000f000, Load base: 0x08004cf8, Size: 0x000004e4, Max: 0x00001000, ABSOLUTE, UNINIT)

    Exec Addr    Load Addr    Size         Type   Attr      Idx    E Section Name        Object

    0x2000f000        -       0x00000001   Zero   RW         1701    .bss.TS_OverflowLock  eventrecorder.o
    0x2000f001   0x08004cf8   0x0000003f   PAD
    0x2000f040        -       0x000004a4   Zero   RW         1699    .bss.noinit         eventrecorder.o


==============================================================================

Image component sizes


      Code (inc. data)   RO Data    RW Data    ZI Data      Debug   Object Name

      4416          0         24          0       1189      20457   eventrecorder.o
       150          0          0          0          0       1722   gpio.o
       148          8          0          0          0        740   irq_armv7m.o
       324         20         90          0         12       8539   main.o
       140          0          0          0          1       4309   os_systick.o
        74          0          0          0         12       2691   retarget_io.o
         4          0          0          0          0        699   rtx_config.o
       114          0          0          0          0       3278   rtx_delay.o
       956          0          0          0          0      37735   rtx_evr.o
       720          0         11        164          0      17780   rtx_kernel.o
         0          0        268          0      34124       5632   rtx_lib.o
       418          0          0          0          0       3300   rtx_memory.o
       354          0          0          0          0      19659   rtx_mempool.o
      2298          0          0          0          0      23898   rtx_msgqueue.o
       186          0          0          0          0      10776   rtx_mutex.o
       446         36          0          0          0       5543   rtx_system.o
      3474         10          0          0          0      50564   rtx_thread.o
       346          0          0          0          0      12136   rtx_timer.o
        36          8        304          0       1024        796   startup_stm32f103xe.o
       116          0          0          8          4       6087   stm32f1xx_hal.o
       152          0          0          0          0       8778   stm32f1xx_hal_cortex.o
       524         22          0          0          0       4611   stm32f1xx_hal_gpio.o
        66          0          0          0          0       1206   stm32f1xx_hal_msp.o
      1578          0         18          0          0       7938   stm32f1xx_hal_rcc.o
       800          0          0          0          0      55064   stm32f1xx_hal_tim.o
         4          0          0          0          0      20652   stm32f1xx_hal_tim_ex.o
       160          0          0          0         72       5987   stm32f1xx_hal_timebase_tim.o
        24          0          0          0          0       3974   stm32f1xx_it.o
         2          0         24          4          0       1595   system_stm32f1xx.o

    ----------------------------------------------------------------------
     18156        104        776        176      36512     346146   Object Totals
         0          0         32          0          0          0   (incl. Generated)
       126          0          5          0         74          0   (incl. Padding)

    ----------------------------------------------------------------------

      Code (inc. data)   RO Data    RW Data    ZI Data      Debug   Library Member Name

         0          0          0          0          0          0   entry.o
         0          0          0          0          0          0   entry10a.o
         0          0          0          0          0          0   entry11a.o
         8          4          0          0          0          0   entry2.o
         4          0          0          0          0          0   entry5.o
         0          0          0          0          0          0   entry7b.o
         0          0          0          0          0          0   entry8b.o
         8          4          0          0          0          0   entry9a.o
        30          0          0          0          0          0   handlers.o
        48         10          0          0          0         68   init.o
        36          0          0          0          0         68   memcpya.o
        36          0          0          0          0        108   memseta.o
       372         14          0          0          0        184   printf1.o
         0          0          0          4          0          0   stdout.o
        44          0          0          0          0         80   uidiv.o

    ----------------------------------------------------------------------
       588         32          0          4          0        508   Library Totals
         2          0          0          0          0          0   (incl. Padding)

    ----------------------------------------------------------------------

      Code (inc. data)   RO Data    RW Data    ZI Data      Debug   Library Name

       586         32          0          4          0        508   mc_w.l

    ----------------------------------------------------------------------
       588         32          0          4          0        508   Library Totals

    ----------------------------------------------------------------------

==============================================================================


      Code (inc. data)   RO Data    RW Data    ZI Data      Debug   

     18744        136        776        180      36512     346150   Grand Totals
     18744        136        776        180      36512     346150   ELF Image Totals
     18744        136        776        180          0          0   ROM Totals

==============================================================================

    Total RO  Size (Code + RO Data)                19520 (  19.06kB)
    Total RW  Size (RW Data + ZI Data)             36692 (  35.83kB)
    Total ROM Size (Code + RO Data + RW Data)      19700 (  19.24kB)

==============================================================================

